C:/Users/dahalc1/STM32Cube/Repository/Packs/STMicroelectronics/X-CUBE-MEMS1/11.3.0/Projects/NUCLEO-F401RE/Applications/IKS4A1/AccelerometerCalibration/Src/app_mems.c:90:6:MX_MEMS_Init	8	static
C:/Users/dahalc1/STM32Cube/Repository/Packs/STMicroelectronics/X-CUBE-MEMS1/11.3.0/Projects/NUCLEO-F401RE/Applications/IKS4A1/AccelerometerCalibration/Src/app_mems.c:112:6:MX_MEMS_Process	8	static
C:/Users/dahalc1/STM32Cube/Repository/Packs/STMicroelectronics/X-CUBE-MEMS1/11.3.0/Projects/NUCLEO-F401RE/Applications/IKS4A1/AccelerometerCalibration/Src/app_mems.c:132:6:HAL_TIM_PeriodElapsedCallback	16	static
C:/Users/dahalc1/STM32Cube/Repository/Packs/STMicroelectronics/X-CUBE-MEMS1/11.3.0/Projects/NUCLEO-F401RE/Applications/IKS4A1/AccelerometerCalibration/Src/app_mems.c:145:13:MX_AccelerometerCalibration_Init	8	static
C:/Users/dahalc1/STM32Cube/Repository/Packs/STMicroelectronics/X-CUBE-MEMS1/11.3.0/Projects/NUCLEO-F401RE/Applications/IKS4A1/AccelerometerCalibration/Src/app_mems.c:190:13:MX_AccelerometerCalibration_Process	8	static
C:/Users/dahalc1/STM32Cube/Repository/Packs/STMicroelectronics/X-CUBE-MEMS1/11.3.0/Projects/NUCLEO-F401RE/Applications/IKS4A1/AccelerometerCalibration/Src/app_mems.c:252:13:Init_Sensors	8	static
C:/Users/dahalc1/STM32Cube/Repository/Packs/STMicroelectronics/X-CUBE-MEMS1/11.3.0/Projects/NUCLEO-F401RE/Applications/IKS4A1/AccelerometerCalibration/Src/app_mems.c:270:13:RTC_Handler	56	static
C:/Users/dahalc1/STM32Cube/Repository/Packs/STMicroelectronics/X-CUBE-MEMS1/11.3.0/Projects/NUCLEO-F401RE/Applications/IKS4A1/AccelerometerCalibration/Src/app_mems.c:311:13:AC_Data_Handler	112	static
C:/Users/dahalc1/STM32Cube/Repository/Packs/STMicroelectronics/X-CUBE-MEMS1/11.3.0/Projects/NUCLEO-F401RE/Applications/IKS4A1/AccelerometerCalibration/Src/app_mems.c:390:13:Accelero_Sensor_Handler	16	static
C:/Users/dahalc1/STM32Cube/Repository/Packs/STMicroelectronics/X-CUBE-MEMS1/11.3.0/Projects/NUCLEO-F401RE/Applications/IKS4A1/AccelerometerCalibration/Src/app_mems.c:416:13:Gyro_Sensor_Handler	16	static
C:/Users/dahalc1/STM32Cube/Repository/Packs/STMicroelectronics/X-CUBE-MEMS1/11.3.0/Projects/NUCLEO-F401RE/Applications/IKS4A1/AccelerometerCalibration/Src/app_mems.c:442:13:Magneto_Sensor_Handler	16	static
C:/Users/dahalc1/STM32Cube/Repository/Packs/STMicroelectronics/X-CUBE-MEMS1/11.3.0/Projects/NUCLEO-F401RE/Applications/IKS4A1/AccelerometerCalibration/Src/app_mems.c:468:13:Pressure_Sensor_Handler	16	static
C:/Users/dahalc1/STM32Cube/Repository/Packs/STMicroelectronics/X-CUBE-MEMS1/11.3.0/Projects/NUCLEO-F401RE/Applications/IKS4A1/AccelerometerCalibration/Src/app_mems.c:490:13:Temperature_Sensor_Handler	16	static
C:/Users/dahalc1/STM32Cube/Repository/Packs/STMicroelectronics/X-CUBE-MEMS1/11.3.0/Projects/NUCLEO-F401RE/Applications/IKS4A1/AccelerometerCalibration/Src/app_mems.c:512:13:Humidity_Sensor_Handler	16	static
C:/Users/dahalc1/STM32Cube/Repository/Packs/STMicroelectronics/X-CUBE-MEMS1/11.3.0/Projects/NUCLEO-F401RE/Applications/IKS4A1/AccelerometerCalibration/Src/app_mems.c:534:13:TIM_Config	32	static
C:/Users/dahalc1/STM32Cube/Repository/Packs/STMicroelectronics/X-CUBE-MEMS1/11.3.0/Projects/NUCLEO-F401RE/Applications/IKS4A1/AccelerometerCalibration/Src/app_mems.c:565:13:DWT_Init	4	static
C:/Users/dahalc1/STM32Cube/Repository/Packs/STMicroelectronics/X-CUBE-MEMS1/11.3.0/Projects/NUCLEO-F401RE/Applications/IKS4A1/AccelerometerCalibration/Src/app_mems.c:576:13:DWT_Start	4	static
C:/Users/dahalc1/STM32Cube/Repository/Packs/STMicroelectronics/X-CUBE-MEMS1/11.3.0/Projects/NUCLEO-F401RE/Applications/IKS4A1/AccelerometerCalibration/Src/app_mems.c:587:17:DWT_Stop	16	static
