C:/Users/dahalc1/STM32Cube/Repository/Packs/STMicroelectronics/X-CUBE-MEMS1/11.3.0/Projects/NUCLEO-F401RE/Applications/IKS4A1/AccelerometerCalibration/Src/main.c:73:5:main	8	static
C:/Users/dahalc1/STM32Cube/Repository/Packs/STMicroelectronics/X-CUBE-MEMS1/11.3.0/Projects/NUCLEO-F401RE/Applications/IKS4A1/AccelerometerCalibration/Src/main.c:122:6:SystemClock_Config	88	static
C:/Users/dahalc1/STM32Cube/Repository/Packs/STMicroelectronics/X-CUBE-MEMS1/11.3.0/Projects/NUCLEO-F401RE/Applications/IKS4A1/AccelerometerCalibration/Src/main.c:170:13:MX_CRC_Init	8	static
C:/Users/dahalc1/STM32Cube/Repository/Packs/STMicroelectronics/X-CUBE-MEMS1/11.3.0/Projects/NUCLEO-F401RE/Applications/IKS4A1/AccelerometerCalibration/Src/main.c:196:13:MX_RTC_Init	32	static
C:/Users/dahalc1/STM32Cube/Repository/Packs/STMicroelectronics/X-CUBE-MEMS1/11.3.0/Projects/NUCLEO-F401RE/Applications/IKS4A1/AccelerometerCalibration/Src/main.c:259:6:MX_TIM3_Init	32	static
C:/Users/dahalc1/STM32Cube/Repository/Packs/STMicroelectronics/X-CUBE-MEMS1/11.3.0/Projects/NUCLEO-F401RE/Applications/IKS4A1/AccelerometerCalibration/Src/main.c:302:13:MX_DMA_Init	16	static
C:/Users/dahalc1/STM32Cube/Repository/Packs/STMicroelectronics/X-CUBE-MEMS1/11.3.0/Projects/NUCLEO-F401RE/Applications/IKS4A1/AccelerometerCalibration/Src/main.c:320:13:MX_GPIO_Init	48	static
C:/Users/dahalc1/STM32Cube/Repository/Packs/STMicroelectronics/X-CUBE-MEMS1/11.3.0/Projects/NUCLEO-F401RE/Applications/IKS4A1/AccelerometerCalibration/Src/main.c:356:6:Error_Handler	4	static,ignoring_inline_asm
