Archive member included to satisfy reference by file (symbol)

../../../../../../../Middlewares/ST/STM32_MotionAC_Library/Lib\MotionAC_CM4F_wc32_ot_hard.a(motion_ac.o)
                              ./Application/User/motion_ac_manager.o (MotionAC_Initialize)
C:/ST/STM32CubeIDE_1.19.0/STM32CubeIDE/plugins/com.st.stm32cube.ide.mcu.externaltools.gnu-tools-for-stm32.13.3.rel1.win32_1.0.0.202411081344/tools/bin/../lib/gcc/arm-none-eabi/13.3.1/../../../../arm-none-eabi/lib/thumb/v7e-m+fp/hard\libc_nano.a(libc_a-exit.o)
                              C:/ST/STM32CubeIDE_1.19.0/STM32CubeIDE/plugins/com.st.stm32cube.ide.mcu.externaltools.gnu-tools-for-stm32.13.3.rel1.win32_1.0.0.202411081344/tools/bin/../lib/gcc/arm-none-eabi/13.3.1/../../../../arm-none-eabi/lib/thumb/v7e-m+fp/hard/crt0.o (exit)
C:/ST/STM32CubeIDE_1.19.0/STM32CubeIDE/plugins/com.st.stm32cube.ide.mcu.externaltools.gnu-tools-for-stm32.13.3.rel1.win32_1.0.0.202411081344/tools/bin/../lib/gcc/arm-none-eabi/13.3.1/../../../../arm-none-eabi/lib/thumb/v7e-m+fp/hard\libc_nano.a(libc_a-findfp.o)
                              C:/ST/STM32CubeIDE_1.19.0/STM32CubeIDE/plugins/com.st.stm32cube.ide.mcu.externaltools.gnu-tools-for-stm32.13.3.rel1.win32_1.0.0.202411081344/tools/bin/../lib/gcc/arm-none-eabi/13.3.1/../../../../arm-none-eabi/lib/thumb/v7e-m+fp/hard\libc_nano.a(libc_a-exit.o) (__stdio_exit_handler)
C:/ST/STM32CubeIDE_1.19.0/STM32CubeIDE/plugins/com.st.stm32cube.ide.mcu.externaltools.gnu-tools-for-stm32.13.3.rel1.win32_1.0.0.202411081344/tools/bin/../lib/gcc/arm-none-eabi/13.3.1/../../../../arm-none-eabi/lib/thumb/v7e-m+fp/hard\libc_nano.a(libc_a-fwalk.o)
                              C:/ST/STM32CubeIDE_1.19.0/STM32CubeIDE/plugins/com.st.stm32cube.ide.mcu.externaltools.gnu-tools-for-stm32.13.3.rel1.win32_1.0.0.202411081344/tools/bin/../lib/gcc/arm-none-eabi/13.3.1/../../../../arm-none-eabi/lib/thumb/v7e-m+fp/hard\libc_nano.a(libc_a-findfp.o) (_fwalk_sglue)
C:/ST/STM32CubeIDE_1.19.0/STM32CubeIDE/plugins/com.st.stm32cube.ide.mcu.externaltools.gnu-tools-for-stm32.13.3.rel1.win32_1.0.0.202411081344/tools/bin/../lib/gcc/arm-none-eabi/13.3.1/../../../../arm-none-eabi/lib/thumb/v7e-m+fp/hard\libc_nano.a(libc_a-snprintf.o)
                              ./Application/User/demo_serial.o (snprintf)
C:/ST/STM32CubeIDE_1.19.0/STM32CubeIDE/plugins/com.st.stm32cube.ide.mcu.externaltools.gnu-tools-for-stm32.13.3.rel1.win32_1.0.0.202411081344/tools/bin/../lib/gcc/arm-none-eabi/13.3.1/../../../../arm-none-eabi/lib/thumb/v7e-m+fp/hard\libc_nano.a(libc_a-stdio.o)
                              C:/ST/STM32CubeIDE_1.19.0/STM32CubeIDE/plugins/com.st.stm32cube.ide.mcu.externaltools.gnu-tools-for-stm32.13.3.rel1.win32_1.0.0.202411081344/tools/bin/../lib/gcc/arm-none-eabi/13.3.1/../../../../arm-none-eabi/lib/thumb/v7e-m+fp/hard\libc_nano.a(libc_a-findfp.o) (__sread)
C:/ST/STM32CubeIDE_1.19.0/STM32CubeIDE/plugins/com.st.stm32cube.ide.mcu.externaltools.gnu-tools-for-stm32.13.3.rel1.win32_1.0.0.202411081344/tools/bin/../lib/gcc/arm-none-eabi/13.3.1/../../../../arm-none-eabi/lib/thumb/v7e-m+fp/hard\libc_nano.a(libc_a-memset.o)
                              C:/ST/STM32CubeIDE_1.19.0/STM32CubeIDE/plugins/com.st.stm32cube.ide.mcu.externaltools.gnu-tools-for-stm32.13.3.rel1.win32_1.0.0.202411081344/tools/bin/../lib/gcc/arm-none-eabi/13.3.1/../../../../arm-none-eabi/lib/thumb/v7e-m+fp/hard/crt0.o (memset)
C:/ST/STM32CubeIDE_1.19.0/STM32CubeIDE/plugins/com.st.stm32cube.ide.mcu.externaltools.gnu-tools-for-stm32.13.3.rel1.win32_1.0.0.202411081344/tools/bin/../lib/gcc/arm-none-eabi/13.3.1/../../../../arm-none-eabi/lib/thumb/v7e-m+fp/hard\libc_nano.a(libc_a-closer.o)
                              C:/ST/STM32CubeIDE_1.19.0/STM32CubeIDE/plugins/com.st.stm32cube.ide.mcu.externaltools.gnu-tools-for-stm32.13.3.rel1.win32_1.0.0.202411081344/tools/bin/../lib/gcc/arm-none-eabi/13.3.1/../../../../arm-none-eabi/lib/thumb/v7e-m+fp/hard\libc_nano.a(libc_a-stdio.o) (_close_r)
C:/ST/STM32CubeIDE_1.19.0/STM32CubeIDE/plugins/com.st.stm32cube.ide.mcu.externaltools.gnu-tools-for-stm32.13.3.rel1.win32_1.0.0.202411081344/tools/bin/../lib/gcc/arm-none-eabi/13.3.1/../../../../arm-none-eabi/lib/thumb/v7e-m+fp/hard\libc_nano.a(libc_a-reent.o)
                              C:/ST/STM32CubeIDE_1.19.0/STM32CubeIDE/plugins/com.st.stm32cube.ide.mcu.externaltools.gnu-tools-for-stm32.13.3.rel1.win32_1.0.0.202411081344/tools/bin/../lib/gcc/arm-none-eabi/13.3.1/../../../../arm-none-eabi/lib/thumb/v7e-m+fp/hard\libc_nano.a(libc_a-closer.o) (errno)
C:/ST/STM32CubeIDE_1.19.0/STM32CubeIDE/plugins/com.st.stm32cube.ide.mcu.externaltools.gnu-tools-for-stm32.13.3.rel1.win32_1.0.0.202411081344/tools/bin/../lib/gcc/arm-none-eabi/13.3.1/../../../../arm-none-eabi/lib/thumb/v7e-m+fp/hard\libc_nano.a(libc_a-impure.o)
[...]
Memory Configuration

Name             Origin             Length             Attributes
RAM              0x20000000         0x00018000         xrw
FLASH            0x08000000         0x00080000         xr
*default*        0x00000000         0xffffffff

Linker script and memory map

LOAD C:/ST/STM32CubeIDE_1.19.0/STM32CubeIDE/plugins/com.st.stm32cube.ide.mcu.externaltools.gnu-tools-for-stm32.13.3.rel1.win32_1.0.0.202411081344/tools/bin/../lib/gcc/arm-none-eabi/13.3.1/thumb/v7e-m+fp/hard/crti.o
LOAD C:/ST/STM32CubeIDE_1.19.0/STM32CubeIDE/plugins/com.st.stm32cube.ide.mcu.externaltools.gnu-tools-for-stm32.13.3.rel1.win32_1.0.0.202411081344/tools/bin/../lib/gcc/arm-none-eabi/13.3.1/thumb/v7e-m+fp/hard/crtbegin.o
LOAD C:/ST/STM32CubeIDE_1.19.0/STM32CubeIDE/plugins/com.st.stm32cube.ide.mcu.externaltools.gnu-tools-for-stm32.13.3.rel1.win32_1.0.0.202411081344/tools/bin/../lib/gcc/arm-none-eabi/13.3.1/../../../../arm-none-eabi/lib/thumb/v7e-m+fp/hard/crt0.o
LOAD ./Application/Startup/startup_stm32f401retx.o
LOAD ./Application/User/app_mems.o
LOAD ./Application/User/com.o
LOAD ./Application/User/demo_serial.o
LOAD ./Application/User/iks4a1_mems_control.o
LOAD ./Application/User/iks4a1_mems_control_ex.o
LOAD ./Application/User/main.o
LOAD ./Application/User/motion_ac_manager.o
LOAD ./Application/User/serial_protocol.o
LOAD ./Application/User/stm32f4xx_hal_msp.o
LOAD ./Application/User/stm32f4xx_it.o
LOAD ./Application/User/stm32f4xx_nucleo.o
LOAD ./Application/User/stm32f4xx_nucleo_bus.o
LOAD ./Application/User/syscalls.o
LOAD ./Application/User/sysmem.o
LOAD ./Drivers/BSP/Components/lis2duxs12.o
LOAD ./Drivers/BSP/Components/lis2duxs12_reg.o
LOAD ./Drivers/BSP/Components/lis2mdl.o
LOAD ./Drivers/BSP/Components/lis2mdl_reg.o
LOAD ./Drivers/BSP/Components/lps22df.o
LOAD ./Drivers/BSP/Components/lps22df_reg.o
LOAD ./Drivers/BSP/Components/lsm6dso16is.o
LOAD ./Drivers/BSP/Components/lsm6dso16is_reg.o
LOAD ./Drivers/BSP/Components/lsm6dsv16x.o
LOAD ./Drivers/BSP/Components/lsm6dsv16x_reg.o
LOAD ./Drivers/BSP/Components/sht40ad1b.o
LOAD ./Drivers/BSP/Components/sht40ad1b_reg.o
LOAD ./Drivers/BSP/Components/stts22h.o
LOAD ./Drivers/BSP/Components/stts22h_reg.o
LOAD ./Drivers/BSP/IKS4A1/iks4a1_env_sensors.o
LOAD ./Drivers/BSP/IKS4A1/iks4a1_env_sensors_ex.o
LOAD ./Drivers/BSP/IKS4A1/iks4a1_motion_sensors.o
LOAD ./Drivers/BSP/IKS4A1/iks4a1_motion_sensors_ex.o
LOAD ./Drivers/CMSIS/system_stm32f4xx.o
LOAD ./Drivers/STM32F4xx_HAL_Driver/stm32f4xx_hal.o
LOAD ./Drivers/STM32F4xx_HAL_Driver/stm32f4xx_hal_cortex.o
LOAD ./Drivers/STM32F4xx_HAL_Driver/stm32f4xx_hal_crc.o
LOAD ./Drivers/STM32F4xx_HAL_Driver/stm32f4xx_hal_dma.o
LOAD ./Drivers/STM32F4xx_HAL_Driver/stm32f4xx_hal_dma_ex.o
LOAD ./Drivers/STM32F4xx_HAL_Driver/stm32f4xx_hal_exti.o
LOAD ./Drivers/STM32F4xx_HAL_Driver/stm32f4xx_hal_flash.o
LOAD ./Drivers/STM32F4xx_HAL_Driver/stm32f4xx_hal_flash_ex.o
LOAD ./Drivers/STM32F4xx_HAL_Driver/stm32f4xx_hal_flash_ramfunc.o
LOAD ./Drivers/STM32F4xx_HAL_Driver/stm32f4xx_hal_gpio.o
LOAD ./Drivers/STM32F4xx_HAL_Driver/stm32f4xx_hal_i2c.o
LOAD ./Drivers/STM32F4xx_HAL_Driver/stm32f4xx_hal_i2c_ex.o
LOAD ./Drivers/STM32F4xx_HAL_Driver/stm32f4xx_hal_pwr.o
LOAD ./Drivers/STM32F4xx_HAL_Driver/stm32f4xx_hal_pwr_ex.o
LOAD ./Drivers/STM32F4xx_HAL_Driver/stm32f4xx_hal_rcc.o
LOAD ./Drivers/STM32F4xx_HAL_Driver/stm32f4xx_hal_rcc_ex.o
LOAD ./Drivers/STM32F4xx_HAL_Driver/stm32f4xx_hal_rtc.o
LOAD ./Drivers/STM32F4xx_HAL_Driver/stm32f4xx_hal_rtc_ex.o
LOAD ./Drivers/STM32F4xx_HAL_Driver/stm32f4xx_hal_tim.o
LOAD ./Drivers/STM32F4xx_HAL_Driver/stm32f4xx_hal_tim_ex.o
LOAD ./Drivers/STM32F4xx_HAL_Driver/stm32f4xx_hal_uart.o
LOAD ../../../../../../../Middlewares/ST/STM32_MotionAC_Library/Lib\MotionAC_CM4F_wc32_ot_hard.a
START GROUP
LOAD C:/ST/STM32CubeIDE_1.19.0/STM32CubeIDE/plugins/com.st.stm32cube.ide.mcu.externaltools.gnu-tools-for-stm32.13.3.rel1.win32_1.0.0.202411081344/tools/bin/../lib/gcc/arm-none-eabi/13.3.1/../../../../arm-none-eabi/lib/thumb/v7e-m+fp/hard\libc_nano.a
LOAD C:/ST/STM32CubeIDE_1.19.0/STM32CubeIDE/plugins/com.st.stm32cube.ide.mcu.externaltools.gnu-tools-for-stm32.13.3.rel1.win32_1.0.0.202411081344/tools/bin/../lib/gcc/arm-none-eabi/13.3.1/../../../../arm-none-eabi/lib/thumb/v7e-m+fp/hard\libm.a
END GROUP
START GROUP
LOAD C:/ST/STM32CubeIDE_1.19.0/STM32CubeIDE/plugins/com.st.stm32cube.ide.mcu.externaltools.gnu-tools-for-stm32.13.3.rel1.win32_1.0.0.202411081344/tools/bin/../lib/gcc/arm-none-eabi/13.3.1/thumb/v7e-m+fp/hard\libgcc.a
LOAD C:/ST/STM32CubeIDE_1.19.0/STM32CubeIDE/plugins/com.st.stm32cube.ide.mcu.externaltools.gnu-tools-for-stm32.13.3.rel1.win32_1.0.0.202411081344/tools/bin/../lib/gcc/arm-none-eabi/13.3.1/../../../../arm-none-eabi/lib/thumb/v7e-m+fp/hard\libc_nano.a
END GROUP
START GROUP
LOAD C:/ST/STM32CubeIDE_1.19.0/STM32CubeIDE/plugins/com.st.stm32cube.ide.mcu.externaltools.gnu-tools-for-stm32.13.3.rel1.win32_1.0.0.202411081344/tools/bin/../lib/gcc/arm-none-eabi/13.3.1/thumb/v7e-m+fp/hard\libgcc.a
LOAD C:/ST/STM32CubeIDE_1.19.0/STM32CubeIDE/plugins/com.st.stm32cube.ide.mcu.externaltools.gnu-tools-for-stm32.13.3.rel1.win32_1.0.0.202411081344/tools/bin/../lib/gcc/arm-none-eabi/13.3.1/../../../../arm-none-eabi/lib/thumb/v7e-m+fp/hard\libc_nano.a
LOAD C:/ST/STM32CubeIDE_1.19.0/STM32CubeIDE/plugins/com.st.stm32cube.ide.mcu.externaltools.gnu-tools-for-stm32.13.3.rel1.win32_1.0.0.202411081344/tools/bin/../lib/gcc/arm-none-eabi/13.3.1/../../../../arm-none-eabi/lib/thumb/v7e-m+fp/hard\libnosys.a
END GROUP
START GROUP
LOAD C:/ST/STM32CubeIDE_1.19.0/STM32CubeIDE/plugins/com.st.stm32cube.ide.mcu.externaltools.gnu-tools-for-stm32.13.3.rel1.win32_1.0.0.202411081344/tools/bin/../lib/gcc/arm-none-eabi/13.3.1/thumb/v7e-m+fp/hard\libgcc.a
LOAD C:/ST/STM32CubeIDE_1.19.0/STM32CubeIDE/plugins/com.st.stm32cube.ide.mcu.externaltools.gnu-tools-for-stm32.13.3.rel1.win32_1.0.0.202411081344/tools/bin/../lib/gcc/arm-none-eabi/13.3.1/../../../../arm-none-eabi/lib/thumb/v7e-m+fp/hard\libc_nano.a
LOAD C:/ST/STM32CubeIDE_1.19.0/STM32CubeIDE/plugins/com.st.stm32cube.ide.mcu.externaltools.gnu-tools-for-stm32.13.3.rel1.win32_1.0.0.202411081344/tools/bin/../lib/gcc/arm-none-eabi/13.3.1/../../../../arm-none-eabi/lib/thumb/v7e-m+fp/hard\libnosys.a
END GROUP
LOAD C:/ST/STM32CubeIDE_1.19.0/STM32CubeIDE/plugins/com.st.stm32cube.ide.mcu.externaltools.gnu-tools-for-stm32.13.3.rel1.win32_1.0.0.202411081344/tools/bin/../lib/gcc/arm-none-eabi/13.3.1/thumb/v7e-m+fp/hard/crtend.o
LOAD C:/ST/STM32CubeIDE_1.19.0/STM32CubeIDE/plugins/com.st.stm32cube.ide.mcu.externaltools.gnu-tools-for-stm32.13.3.rel1.win32_1.0.0.202411081344/tools/bin/../lib/gcc/arm-none-eabi/13.3.1/thumb/v7e-m+fp/hard/crtn.o
                0x20018000                        _estack = (ORIGIN (RAM) + LENGTH (RAM))
                0x00000200                        _Min_Heap_Size = 0x200
                0x00008000                        _Min_Stack_Size = 0x8000

.isr_vector     0x08000000      0x194
                0x08000000                        . = ALIGN (0x4)
 *(.isr_vector)
 .isr_vector    0x08000000      0x194 ./Application/Startup/startup_stm32f401retx.o
                0x08000000                g_pfnVectors
                0x08000194                        . = ALIGN (0x4)

.text           0x080001a0    0x16484
                0x080001a0                        . = ALIGN (0x4)
 *(.text)
 .text          0x080001a0       0x40 C:/ST/STM32CubeIDE_1.19.0/STM32CubeIDE/plugins/com.st.stm32cube.ide.mcu.externaltools.gnu-tools-for-stm32.13.3.rel1.win32_1.0.0.202411081344/tools/bin/../lib/gcc/arm-none-eabi/13.3.1/thumb/v7e-m+fp/hard/crtbegin.o
 .text          0x080001e0       0xa0 C:/ST/STM32CubeIDE_1.19.0/STM32CubeIDE/plugins/com.st.stm32cube.ide.mcu.externaltools.gnu-tools-for-stm32.13.3.rel1.win32_1.0.0.202411081344/tools/bin/../lib/gcc/arm-none-eabi/13.3.1/../../../../arm-none-eabi/lib/thumb/v7e-m+fp/hard\libc_nano.a(libc_a-memchr.o)
                0x080001e0                memchr
 .text          0x08000280      0x378 C:/ST/STM32CubeIDE_1.19.0/STM32CubeIDE/plugins/com.st.stm32cube.ide.mcu.externaltools.gnu-tools-for-stm32.13.3.rel1.win32_1.0.0.202411081344/tools/bin/../lib/gcc/arm-none-eabi/13.3.1/thumb/v7e-m+fp/hard\libgcc.a(_arm_addsubdf3.o)
                0x08000280                __aeabi_drsub
                0x08000288                __aeabi_dsub
                0x08000288                __subdf3
                0x0800028c                __aeabi_dadd
                0x0800028c                __adddf3
                0x08000504                __floatunsidf
                0x08000504                __aeabi_ui2d
                0x08000524                __floatsidf
                0x08000524                __aeabi_i2d
                0x08000548                __aeabi_f2d
                0x08000548                __extendsfdf2
                0x0800058c                __floatundidf
                0x0800058c                __aeabi_ul2d
                0x0800059c                __floatdidf
                0x0800059c                __aeabi_l2d
 .text          0x080005f8      0x424 C:/ST/STM32CubeIDE_1.19.0/STM32CubeIDE/plugins/com.st.stm32cube.ide.mcu.externaltools.gnu-tools-for-stm32.13.3.rel1.win32_1.0.0.202411081344/tools/bin/../lib/gcc/arm-none-eabi/13.3.1/thumb/v7e-m+fp/hard\libgcc.a(_arm_muldivdf3.o)
                0x080005f8                __aeabi_dmul
                0x080005f8                __muldf3
                0x0800084c                __divdf3
                0x0800084c                __aeabi_ddiv
 .text          0x08000a1c      0x110 C:/ST/STM32CubeIDE_1.19.0/STM32CubeIDE/plugins/com.st.stm32cube.ide.mcu.externaltools.gnu-tools-for-stm32.13.3.rel1.win32_1.0.0.202411081344/tools/bin/../lib/gcc/arm-none-eabi/13.3.1/thumb/v7e-m+fp/hard\libgcc.a(_arm_cmpdf2.o)
                0x08000a1c                __gtdf2
                0x08000a1c                __gedf2
                0x08000a24                __ltdf2
                0x08000a24                __ledf2
                0x08000a2c                __nedf2
                0x08000a2c                __eqdf2
                0x08000a2c                __cmpdf2
                0x08000aa8                __aeabi_cdrcmple
                0x08000ab8                __aeabi_cdcmpeq
                0x08000ab8                __aeabi_cdcmple
                0x08000ac8                __aeabi_dcmpeq
                0x08000adc                __aeabi_dcmplt
                0x08000af0                __aeabi_dcmple
                0x08000b04                __aeabi_dcmpge
                0x08000b18                __aeabi_dcmpgt
 .text          0x08000b2c       0x2c C:/ST/STM32CubeIDE_1.19.0/STM32CubeIDE/plugins/com.st.stm32cube.ide.mcu.externaltools.gnu-tools-for-stm32.13.3.rel1.win32_1.0.0.202411081344/tools/bin/../lib/gcc/arm-none-eabi/13.3.1/thumb/v7e-m+fp/hard\libgcc.a(_arm_unorddf2.o)
                0x08000b2c                __unorddf2
                0x08000b2c                __aeabi_dcmpun
 .text          0x08000b58       0x50 C:/ST/STM32CubeIDE_1.19.0/STM32CubeIDE/plugins/com.st.stm32cube.ide.mcu.externaltools.gnu-tools-for-stm32.13.3.rel1.win32_1.0.0.202411081344/tools/bin/../lib/gcc/arm-none-eabi/13.3.1/thumb/v7e-m+fp/hard\libgcc.a(_arm_fixdfsi.o)
                0x08000b58                __aeabi_d2iz
                0x08000b58                __fixdfsi
 .text          0x08000ba8       0x40 C:/ST/STM32CubeIDE_1.19.0/STM32CubeIDE/plugins/com.st.stm32cube.ide.mcu.externaltools.gnu-tools-for-stm32.13.3.rel1.win32_1.0.0.202411081344/tools/bin/../lib/gcc/arm-none-eabi/13.3.1/thumb/v7e-m+fp/hard\libgcc.a(_arm_fixunsdfsi.o)
                0x08000ba8                __aeabi_d2uiz
                0x08000ba8                __fixunsdfsi
 .text          0x08000be8       0xa0 C:/ST/STM32CubeIDE_1.19.0/STM32CubeIDE/plugins/com.st.stm32cube.ide.mcu.externaltools.gnu-tools-for-stm32.13.3.rel1.win32_1.0.0.202411081344/tools/bin/../lib/gcc/arm-none-eabi/13.3.1/thumb/v7e-m+fp/hard\libgcc.a(_arm_truncdfsf2.o)
                0x08000be8                __truncdfsf2
                0x08000be8                __aeabi_d2f
 .text          0x08000c88       0x30 C:/ST/STM32CubeIDE_1.19.0/STM32CubeIDE/plugins/com.st.stm32cube.ide.mcu.externaltools.gnu-tools-for-stm32.13.3.rel1.win32_1.0.0.202411081344/tools/bin/../lib/gcc/arm-none-eabi/13.3.1/thumb/v7e-m+fp/hard\libgcc.a(_aeabi_uldivmod.o)
                0x08000c88                __aeabi_uldivmod
 .text          0x08000cb8      0x2f8 C:/ST/STM32CubeIDE_1.19.0/STM32CubeIDE/plugins/com.st.stm32cube.ide.mcu.externaltools.gnu-tools-for-stm32.13.3.rel1.win32_1.0.0.202411081344/tools/bin/../lib/gcc/arm-none-eabi/13.3.1/thumb/v7e-m+fp/hard\libgcc.a(_udivmoddi4.o)
                0x08000cb8                __udivmoddi4
 .text          0x08000fb0        0x4 C:/ST/STM32CubeIDE_1.19.0/STM32CubeIDE/plugins/com.st.stm32cube.ide.mcu.externaltools.gnu-tools-for-stm32.13.3.rel1.win32_1.0.0.202411081344/tools/bin/../lib/gcc/arm-none-eabi/13.3.1/thumb/v7e-m+fp/hard\libgcc.a(_dvmd_tls.o)
                0x08000fb0                __aeabi_idiv0
                0x08000fb0                __aeabi_ldiv0
 *(.text*)
 .text.Reset_Handler
                0x08000fb4       0x50 ./Application/Startup/startup_stm32f401retx.o
                0x08000fb4                Reset_Handler
 .text.Default_Handler
                0x08001004        0x2 ./Application/Startup/startup_stm32f401retx.o
                0x08001004                RTC_Alarm_IRQHandler
                0x08001004                EXTI2_IRQHandler
                0x08001004                SPI4_IRQHandler
                0x08001004                TIM1_CC_IRQHandler
                0x08001004                DMA2_Stream5_IRQHandler
                0x08001004                PVD_IRQHandler
                0x08001004                SDIO_IRQHandler
                0x08001004                TAMP_STAMP_IRQHandler
                0x08001004                EXTI3_IRQHandler
                0x08001004                TIM1_UP_TIM10_IRQHandler
                0x08001004                I2C3_ER_IRQHandler
                0x08001004                EXTI0_IRQHandler
                0x08001004                I2C2_EV_IRQHandler
                0x08001004                DMA1_Stream2_IRQHandler
                0x08001004                FPU_IRQHandler
                0x08001004                DMA2_Stream2_IRQHandler
                0x08001004                SPI1_IRQHandler
                0x08001004                TIM1_BRK_TIM9_IRQHandler
                0x08001004                DMA2_Stream3_IRQHandler
                0x08001004                USART6_IRQHandler
                0x08001004                DMA2_Stream0_IRQHandler
                0x08001004                TIM4_IRQHandler
                0x08001004                I2C1_EV_IRQHandler
                0x08001004                DMA1_Stream6_IRQHandler
                0x08001004                DMA1_Stream1_IRQHandler
                0x08001004                RCC_IRQHandler
                0x08001004                Default_Handler
                0x08001004                ADC_IRQHandler
                0x08001004                DMA1_Stream7_IRQHandler
                0x08001004                TIM5_IRQHandler
                0x08001004                DMA2_Stream7_IRQHandler
                0x08001004                I2C3_EV_IRQHandler
                0x08001004                EXTI9_5_IRQHandler
                0x08001004                RTC_WKUP_IRQHandler
                0x08001004                SPI2_IRQHandler
                0x08001004                DMA1_Stream0_IRQHandler
                0x08001004                EXTI4_IRQHandler
                0x08001004                WWDG_IRQHandler
                0x08001004                TIM2_IRQHandler
                0x08001004                OTG_FS_WKUP_IRQHandler
                0x08001004                TIM1_TRG_COM_TIM11_IRQHandler
                0x08001004                EXTI1_IRQHandler
                0x08001004                USART2_IRQHandler
                0x08001004                I2C2_ER_IRQHandler
                0x08001004                DMA2_Stream1_IRQHandler
                0x08001004                FLASH_IRQHandler
                0x08001004                DMA2_Stream4_IRQHandler
                0x08001004                USART1_IRQHandler
                0x08001004                OTG_FS_IRQHandler
                0x08001004                SPI3_IRQHandler
                0x08001004                DMA1_Stream4_IRQHandler
                0x08001004                I2C1_ER_IRQHandler
                0x08001004                DMA2_Stream6_IRQHandler
                0x08001004                DMA1_Stream3_IRQHandler
 .text.MX_MEMS_Init
                0x08001006        0xc ./Application/User/app_mems.o
                0x08001006                MX_MEMS_Init
 .text.MX_MEMS_Process
                0x08001012        0xc ./Application/User/app_mems.o
                0x08001012                MX_MEMS_Process
 *fill*         0x0800101e        0x2 
 .text.HAL_TIM_PeriodElapsedCallback
                0x08001020       0x30 ./Application/User/app_mems.o
                0x08001020                HAL_TIM_PeriodElapsedCallback
 .text.MX_AccelerometerCalibration_Init
                0x08001050       0x80 ./Application/User/app_mems.o
 .text.MX_AccelerometerCalibration_Process
                0x080010d0       0xd4 ./Application/User/app_mems.o
 .text.Init_Sensors
                0x080011a4       0x34 ./Application/User/app_mems.o
 .text.RTC_Handler
                0x080011d8       0xe8 ./Application/User/app_mems.o
 .text.AC_Data_Handler
                0x080012c0      0x25c ./Application/User/app_mems.o
 .text.Accelero_Sensor_Handler
                0x0800151c       0xb4 ./Application/User/app_mems.o
 .text.Gyro_Sensor_Handler
                0x080015d0       0xb4 ./Application/User/app_mems.o
 .text.Magneto_Sensor_Handler
                0x08001684       0xb4 ./Application/User/app_mems.o
 .text.Pressure_Sensor_Handler
                0x08001738       0x60 ./Application/User/app_mems.o
 .text.Temperature_Sensor_Handler
                0x08001798       0x60 ./Application/User/app_mems.o
 .text.Humidity_Sensor_Handler
                0x080017f8       0x60 ./Application/User/app_mems.o
 .text.TIM_Config
                0x08001858       0x7c ./Application/User/app_mems.o
 .text.DWT_Init
                0x080018d4       0x30 ./Application/User/app_mems.o
 .text.DWT_Start
                0x08001904       0x24 ./Application/User/app_mems.o
 .text.DWT_Stop
                0x08001928       0x50 ./Application/User/app_mems.o
 .text.UART_ReceivedMSG
                0x08001978      0x16c ./Application/User/com.o
                0x08001978                UART_ReceivedMSG
 .text.UART_SendMsg
                0x08001ae4       0x38 ./Application/User/com.o
                0x08001ae4                UART_SendMsg
 .text.UART_StartReceiveMsg
                0x08001b1c       0x30 ./Application/User/com.o
                0x08001b1c                UART_StartReceiveMsg
 .text.Get_DMA_Flag_Status
                0x08001b4c      0x3c4 ./Application/User/com.o
 .text.Get_DMA_Counter
                0x08001f10       0x1a ./Application/User/com.o
 .text.BUILD_REPLY_HEADER
                0x08001f2a       0x2e ./Application/User/demo_serial.o
                0x08001f2a                BUILD_REPLY_HEADER
 .text.INIT_STREAMING_HEADER
                0x08001f58       0x34 ./Application/User/demo_serial.o
                0x08001f58                INIT_STREAMING_HEADER
 .text.HandleMSG
                0x08001f8c      0x740 ./Application/User/demo_serial.o
                0x08001f8c                HandleMSG
 .text.RTC_DateRegulate
                0x080026cc       0x54 ./Application/User/demo_serial.o
                0x080026cc                RTC_DateRegulate
 .text.RTC_TimeRegulate
                0x08002720       0x54 ./Application/User/demo_serial.o
                0x08002720                RTC_TimeRegulate
 .text.Get_PresentationString
                0x08002774       0x78 ./Application/User/demo_serial.o
                0x08002774                Get_PresentationString
 .text.BSP_SENSOR_ACC_Init
                0x080027ec       0x10 ./Application/User/iks4a1_mems_control.o
                0x080027ec                BSP_SENSOR_ACC_Init
 .text.BSP_SENSOR_GYR_Init
                0x080027fc       0x10 ./Application/User/iks4a1_mems_control.o
                0x080027fc                BSP_SENSOR_GYR_Init
 .text.BSP_SENSOR_MAG_Init
                0x0800280c       0x10 ./Application/User/iks4a1_mems_control.o
                0x0800280c                BSP_SENSOR_MAG_Init
 .text.BSP_SENSOR_PRESS_Init
                0x0800281c       0x10 ./Application/User/iks4a1_mems_control.o
                0x0800281c                BSP_SENSOR_PRESS_Init
 .text.BSP_SENSOR_TEMP_Init
                0x0800282c       0x10 ./Application/User/iks4a1_mems_control.o
                0x0800282c                BSP_SENSOR_TEMP_Init
 .text.BSP_SENSOR_HUM_Init
                0x0800283c       0x10 ./Application/User/iks4a1_mems_control.o
                0x0800283c                BSP_SENSOR_HUM_Init
 .text.BSP_SENSOR_ACC_Enable
                0x0800284c       0x10 ./Application/User/iks4a1_mems_control.o
                0x0800284c                BSP_SENSOR_ACC_Enable
 .text.BSP_SENSOR_GYR_Enable
                0x0800285c       0x10 ./Application/User/iks4a1_mems_control.o
                0x0800285c                BSP_SENSOR_GYR_Enable
 .text.BSP_SENSOR_MAG_Enable
                0x0800286c       0x10 ./Application/User/iks4a1_mems_control.o
                0x0800286c                BSP_SENSOR_MAG_Enable
 .text.BSP_SENSOR_PRESS_Enable
                0x0800287c       0x10 ./Application/User/iks4a1_mems_control.o
                0x0800287c                BSP_SENSOR_PRESS_Enable
 .text.BSP_SENSOR_TEMP_Enable
                0x0800288c       0x10 ./Application/User/iks4a1_mems_control.o
                0x0800288c                BSP_SENSOR_TEMP_Enable
 .text.BSP_SENSOR_HUM_Enable
                0x0800289c       0x10 ./Application/User/iks4a1_mems_control.o
                0x0800289c                BSP_SENSOR_HUM_Enable
 .text.BSP_SENSOR_ACC_Disable
                0x080028ac       0x10 ./Application/User/iks4a1_mems_control.o
                0x080028ac                BSP_SENSOR_ACC_Disable
 .text.BSP_SENSOR_GYR_Disable
                0x080028bc       0x10 ./Application/User/iks4a1_mems_control.o
                0x080028bc                BSP_SENSOR_GYR_Disable
 .text.BSP_SENSOR_MAG_Disable
                0x080028cc       0x10 ./Application/User/iks4a1_mems_control.o
                0x080028cc                BSP_SENSOR_MAG_Disable
 .text.BSP_SENSOR_PRESS_Disable
                0x080028dc       0x10 ./Application/User/iks4a1_mems_control.o
                0x080028dc                BSP_SENSOR_PRESS_Disable
 .text.BSP_SENSOR_TEMP_Disable
                0x080028ec       0x10 ./Application/User/iks4a1_mems_control.o
                0x080028ec                BSP_SENSOR_TEMP_Disable
 .text.BSP_SENSOR_HUM_Disable
                0x080028fc       0x10 ./Application/User/iks4a1_mems_control.o
                0x080028fc                BSP_SENSOR_HUM_Disable
 .text.BSP_SENSOR_ACC_GetAxes
                0x0800290c       0x1a ./Application/User/iks4a1_mems_control.o
                0x0800290c                BSP_SENSOR_ACC_GetAxes
 .text.BSP_SENSOR_GYR_GetAxes
                0x08002926       0x1a ./Application/User/iks4a1_mems_control.o
                0x08002926                BSP_SENSOR_GYR_GetAxes
 .text.BSP_SENSOR_MAG_GetAxes
                0x08002940       0x1a ./Application/User/iks4a1_mems_control.o
                0x08002940                BSP_SENSOR_MAG_GetAxes
 .text.BSP_SENSOR_PRESS_GetValue
                0x0800295a       0x1a ./Application/User/iks4a1_mems_control.o
                0x0800295a                BSP_SENSOR_PRESS_GetValue
 .text.BSP_SENSOR_TEMP_GetValue
                0x08002974       0x1a ./Application/User/iks4a1_mems_control.o
                0x08002974                BSP_SENSOR_TEMP_GetValue
 .text.BSP_SENSOR_HUM_GetValue
                0x0800298e       0x1a ./Application/User/iks4a1_mems_control.o
                0x0800298e                BSP_SENSOR_HUM_GetValue
 .text.BSP_SENSOR_ACC_SetOutputDataRate
                0x080029a8       0x1e ./Application/User/iks4a1_mems_control.o
                0x080029a8                BSP_SENSOR_ACC_SetOutputDataRate
 .text.BSP_SENSOR_ACC_SetFullScale
                0x080029c6       0x1a ./Application/User/iks4a1_mems_control.o
                0x080029c6                BSP_SENSOR_ACC_SetFullScale
 .text.main     0x080029e0       0x26 ./Application/User/main.o
                0x080029e0                main
 *fill*         0x08002a06        0x2 
 .text.SystemClock_Config
                0x08002a08       0xdc ./Application/User/main.o
                0x08002a08                SystemClock_Config
 .text.MX_CRC_Init
                0x08002ae4       0x28 ./Application/User/main.o
 .text.MX_RTC_Init
                0x08002b0c       0xb4 ./Application/User/main.o
 .text.MX_TIM3_Init
                0x08002bc0       0x9c ./Application/User/main.o
                0x08002bc0                MX_TIM3_Init
 .text.MX_DMA_Init
                0x08002c5c       0x40 ./Application/User/main.o
 .text.MX_GPIO_Init
                0x08002c9c       0xc4 ./Application/User/main.o
 .text.Error_Handler
                0x08002d60        0xc ./Application/User/main.o
                0x08002d60                Error_Handler
 .text.MotionAC_manager_init
                0x08002d6c       0x1a ./Application/User/motion_ac_manager.o
                0x08002d6c                MotionAC_manager_init
 .text.MotionAC_manager_update
                0x08002d86       0x1a ./Application/User/motion_ac_manager.o
                0x08002d86                MotionAC_manager_update
 .text.MotionAC_manager_get_params
                0x08002da0       0x16 ./Application/User/motion_ac_manager.o
                0x08002da0                MotionAC_manager_get_params
 .text.MotionAC_manager_get_version
                0x08002db6       0x20 ./Application/User/motion_ac_manager.o
                0x08002db6                MotionAC_manager_get_version
 .text.MotionAC_manager_compensate
                0x08002dd6       0xd0 ./Application/User/motion_ac_manager.o
                0x08002dd6                MotionAC_manager_compensate
 *fill*         0x08002ea6        0x2 
 .text.acc_bias_to_mg
                0x08002ea8       0x78 ./Application/User/motion_ac_manager.o
                0x08002ea8                acc_bias_to_mg
 .text.MotionAC_LoadCalFromNVM
                0x08002f20       0x1a ./Application/User/motion_ac_manager.o
                0x08002f20                MotionAC_LoadCalFromNVM
 .text.MotionAC_SaveCalInNVM
                0x08002f3a       0x1a ./Application/User/motion_ac_manager.o
                0x08002f3a                MotionAC_SaveCalInNVM
 .text.ByteStuffCopyByte
                0x08002f54       0x56 ./Application/User/serial_protocol.o
                0x08002f54                ByteStuffCopyByte
 .text.ByteStuffCopy
                0x08002faa       0x5c ./Application/User/serial_protocol.o
                0x08002faa                ByteStuffCopy
 .text.ReverseByteStuffCopyByte2
                0x08003006       0x4e ./Application/User/serial_protocol.o
                0x08003006                ReverseByteStuffCopyByte2
 .text.CHK_ComputeAndAdd
                0x08003054       0x54 ./Application/User/serial_protocol.o
                0x08003054                CHK_ComputeAndAdd
 .text.CHK_CheckAndRemove
                0x080030a8       0x54 ./Application/User/serial_protocol.o
                0x080030a8                CHK_CheckAndRemove
 .text.Deserialize
                0x080030fc       0x4c ./Application/User/serial_protocol.o
                0x080030fc                Deserialize
 .text.Serialize_s32
                0x08003148       0x48 ./Application/User/serial_protocol.o
                0x08003148                Serialize_s32
 .text.FloatToArray
                0x08003190       0x1e ./Application/User/serial_protocol.o
                0x08003190                FloatToArray
 *fill*         0x080031ae        0x2 
 .text.HAL_MspInit
                0x080031b0       0x50 ./Application/User/stm32f4xx_hal_msp.o
                0x080031b0                HAL_MspInit
 .text.HAL_CRC_MspInit
                0x08003200       0x44 ./Application/User/stm32f4xx_hal_msp.o
                0x08003200                HAL_CRC_MspInit
 .text.HAL_RTC_MspInit
                0x08003244       0x58 ./Application/User/stm32f4xx_hal_msp.o
                0x08003244                HAL_RTC_MspInit
 .text.HAL_TIM_Base_MspInit
                0x0800329c       0x50 ./Application/User/stm32f4xx_hal_msp.o
                0x0800329c                HAL_TIM_Base_MspInit
 .text.NMI_Handler
                0x080032ec        0x8 ./Application/User/stm32f4xx_it.o
                0x080032ec                NMI_Handler
 .text.HardFault_Handler
                0x080032f4        0x8 ./Application/User/stm32f4xx_it.o
                0x080032f4                HardFault_Handler
 .text.MemManage_Handler
                0x080032fc        0x8 ./Application/User/stm32f4xx_it.o
                0x080032fc                MemManage_Handler
 .text.BusFault_Handler
                0x08003304        0x8 ./Application/User/stm32f4xx_it.o
                0x08003304                BusFault_Handler
 .text.UsageFault_Handler
                0x0800330c        0x8 ./Application/User/stm32f4xx_it.o
                0x0800330c                UsageFault_Handler
 .text.SVC_Handler
                0x08003314        0xe ./Application/User/stm32f4xx_it.o
                0x08003314                SVC_Handler
 .text.DebugMon_Handler
                0x08003322        0xe ./Application/User/stm32f4xx_it.o
                0x08003322                DebugMon_Handler
 .text.PendSV_Handler
                0x08003330        0xe ./Application/User/stm32f4xx_it.o
                0x08003330                PendSV_Handler
 .text.SysTick_Handler
                0x0800333e        0xc ./Application/User/stm32f4xx_it.o
                0x0800333e                SysTick_Handler
 *fill*         0x0800334a        0x2 
 .text.DMA1_Stream5_IRQHandler
                0x0800334c       0x14 ./Application/User/stm32f4xx_it.o
                0x0800334c                DMA1_Stream5_IRQHandler
 .text.TIM3_IRQHandler
                0x08003360       0x14 ./Application/User/stm32f4xx_it.o
                0x08003360                TIM3_IRQHandler
 .text.EXTI15_10_IRQHandler
                0x08003374       0x10 ./Application/User/stm32f4xx_it.o
                0x08003374                EXTI15_10_IRQHandler
 .text.BSP_LED_Init
                0x08003384       0x24 ./Application/User/stm32f4xx_nucleo.o
                0x08003384                BSP_LED_Init
 .text.BSP_LED_On
                0x080033a8       0x2c ./Application/User/stm32f4xx_nucleo.o
                0x080033a8                BSP_LED_On
 .text.BSP_LED_Off
                0x080033d4       0x2c ./Application/User/stm32f4xx_nucleo.o
                0x080033d4                BSP_LED_Off
 .text.LED_USER_GPIO_Init
                0x08003400       0x84 ./Application/User/stm32f4xx_nucleo.o
 .text.BSP_COM_Init
                0x08003484       0x7c ./Application/User/stm32f4xx_nucleo.o
                0x08003484                BSP_COM_Init
 .text.MX_USART2_UART_Init
                0x08003500       0x5c ./Application/User/stm32f4xx_nucleo.o
                0x08003500                MX_USART2_UART_Init
 .text.USART2_MspInit
                0x0800355c       0xec ./Application/User/stm32f4xx_nucleo.o
 .text.BSP_I2C1_Init
                0x08003648       0x64 ./Application/User/stm32f4xx_nucleo_bus.o
                0x08003648                BSP_I2C1_Init
 .text.BSP_I2C1_DeInit
                0x080036ac       0x50 ./Application/User/stm32f4xx_nucleo_bus.o
                0x080036ac                BSP_I2C1_DeInit
 .text.BSP_I2C1_WriteReg
                0x080036fc       0x64 ./Application/User/stm32f4xx_nucleo_bus.o
                0x080036fc                BSP_I2C1_WriteReg
 .text.BSP_I2C1_ReadReg
                0x08003760       0x64 ./Application/User/stm32f4xx_nucleo_bus.o
                0x08003760                BSP_I2C1_ReadReg
 .text.BSP_I2C1_Send
                0x080037c4       0x54 ./Application/User/stm32f4xx_nucleo_bus.o
                0x080037c4                BSP_I2C1_Send
 .text.BSP_I2C1_Recv
                0x08003818       0x54 ./Application/User/stm32f4xx_nucleo_bus.o
                0x08003818                BSP_I2C1_Recv
 .text.BSP_GetTick
                0x0800386c        0xe ./Application/User/stm32f4xx_nucleo_bus.o
                0x0800386c                BSP_GetTick
 *fill*         0x0800387a        0x2 
 .text.MX_I2C1_Init
                0x0800387c       0x68 ./Application/User/stm32f4xx_nucleo_bus.o
                0x0800387c                MX_I2C1_Init
 .text.I2C1_MspInit
                0x080038e4       0x94 ./Application/User/stm32f4xx_nucleo_bus.o
 .text.I2C1_MspDeInit
                0x08003978       0x38 ./Application/User/stm32f4xx_nucleo_bus.o
 .text._sbrk    0x080039b0       0x6c ./Application/User/sysmem.o
                0x080039b0                _sbrk
 .text.LIS2DUXS12_RegisterBusIO
                0x08003a1c      0x140 ./Drivers/BSP/Components/lis2duxs12.o
                0x08003a1c                LIS2DUXS12_RegisterBusIO
 .text.LIS2DUXS12_Init
                0x08003b5c       0xf4 ./Drivers/BSP/Components/lis2duxs12.o
                0x08003b5c                LIS2DUXS12_Init
 .text.LIS2DUXS12_DeInit
                0x08003c50       0x3c ./Drivers/BSP/Components/lis2duxs12.o
                0x08003c50                LIS2DUXS12_DeInit
 .text.LIS2DUXS12_ExitDeepPowerDownI2C
                0x08003c8c       0x2a ./Drivers/BSP/Components/lis2duxs12.o
                0x08003c8c                LIS2DUXS12_ExitDeepPowerDownI2C
 .text.LIS2DUXS12_ExitDeepPowerDownSPI
                0x08003cb6       0x24 ./Drivers/BSP/Components/lis2duxs12.o
                0x08003cb6                LIS2DUXS12_ExitDeepPowerDownSPI
 .text.LIS2DUXS12_ReadID
                0x08003cda       0x36 ./Drivers/BSP/Components/lis2duxs12.o
                0x08003cda                LIS2DUXS12_ReadID
 .text.LIS2DUXS12_GetCapabilities
                0x08003d10       0x5c ./Drivers/BSP/Components/lis2duxs12.o
                0x08003d10                LIS2DUXS12_GetCapabilities
 .text.LIS2DUXS12_ACC_Enable
                0x08003d6c       0x4c ./Drivers/BSP/Components/lis2duxs12.o
                0x08003d6c                LIS2DUXS12_ACC_Enable
 .text.LIS2DUXS12_ACC_Disable
                0x08003db8       0xb4 ./Drivers/BSP/Components/lis2duxs12.o
                0x08003db8                LIS2DUXS12_ACC_Disable
 .text.LIS2DUXS12_ACC_GetSensitivity
                0x08003e6c       0x94 ./Drivers/BSP/Components/lis2duxs12.o
                0x08003e6c                LIS2DUXS12_ACC_GetSensitivity
 .text.LIS2DUXS12_ACC_GetOutputDataRate
                0x08003f00      0x198 ./Drivers/BSP/Components/lis2duxs12.o
                0x08003f00                LIS2DUXS12_ACC_GetOutputDataRate
 .text.LIS2DUXS12_ACC_SetOutputDataRate
                0x08004098       0x22 ./Drivers/BSP/Components/lis2duxs12.o
                0x08004098                LIS2DUXS12_ACC_SetOutputDataRate
 .text.LIS2DUXS12_ACC_SetOutputDataRate_With_Mode
                0x080040ba       0x44 ./Drivers/BSP/Components/lis2duxs12.o
                0x080040ba                LIS2DUXS12_ACC_SetOutputDataRate_With_Mode
 *fill*         0x080040fe        0x2 
 .text.LIS2DUXS12_ACC_GetFullScale
                0x08004100       0x84 ./Drivers/BSP/Components/lis2duxs12.o
                0x08004100                LIS2DUXS12_ACC_GetFullScale
 .text.LIS2DUXS12_ACC_SetFullScale
                0x08004184       0x6e ./Drivers/BSP/Components/lis2duxs12.o
                0x08004184                LIS2DUXS12_ACC_SetFullScale
 .text.LIS2DUXS12_ACC_GetAxesRaw
                0x080041f2       0x66 ./Drivers/BSP/Components/lis2duxs12.o
                0x080041f2                LIS2DUXS12_ACC_GetAxesRaw
 .text.LIS2DUXS12_ACC_GetAxes
                0x08004258       0x7e ./Drivers/BSP/Components/lis2duxs12.o
                0x08004258                LIS2DUXS12_ACC_GetAxes
 .text.LIS2DUXS12_Write_Reg
                0x080042d6       0x36 ./Drivers/BSP/Components/lis2duxs12.o
                0x080042d6                LIS2DUXS12_Write_Reg
 .text.LIS2DUXS12_Set_Mem_Bank
                0x0800430c       0x42 ./Drivers/BSP/Components/lis2duxs12.o
                0x0800430c                LIS2DUXS12_Set_Mem_Bank
 *fill*         0x0800434e        0x2 
 .text.LIS2DUXS12_ACC_SetOutputDataRate_When_Enabled
                0x08004350      0x2fc ./Drivers/BSP/Components/lis2duxs12.o
 .text.LIS2DUXS12_ACC_SetOutputDataRate_When_Disabled
                0x0800464c      0x144 ./Drivers/BSP/Components/lis2duxs12.o
 .text.ReadRegWrap
                0x08004790       0x36 ./Drivers/BSP/Components/lis2duxs12.o
 .text.WriteRegWrap
                0x080047c6       0x36 ./Drivers/BSP/Components/lis2duxs12.o
 .text.lis2duxs12_read_reg
                0x080047fc       0x3a ./Drivers/BSP/Components/lis2duxs12_reg.o
                0x080047fc                lis2duxs12_read_reg
 .text.lis2duxs12_write_reg
                0x08004836       0x3a ./Drivers/BSP/Components/lis2duxs12_reg.o
                0x08004836                lis2duxs12_write_reg
 .text.lis2duxs12_from_fs2g_to_mg
                0x08004870       0x30 ./Drivers/BSP/Components/lis2duxs12_reg.o
                0x08004870                lis2duxs12_from_fs2g_to_mg
 .text.lis2duxs12_from_fs4g_to_mg
                0x080048a0       0x30 ./Drivers/BSP/Components/lis2duxs12_reg.o
                0x080048a0                lis2duxs12_from_fs4g_to_mg
 .text.lis2duxs12_from_fs8g_to_mg
                0x080048d0       0x30 ./Drivers/BSP/Components/lis2duxs12_reg.o
                0x080048d0                lis2duxs12_from_fs8g_to_mg
 .text.lis2duxs12_from_fs16g_to_mg
                0x08004900       0x30 ./Drivers/BSP/Components/lis2duxs12_reg.o
                0x08004900                lis2duxs12_from_fs16g_to_mg
 .text.lis2duxs12_device_id_get
                0x08004930       0x22 ./Drivers/BSP/Components/lis2duxs12_reg.o
                0x08004930                lis2duxs12_device_id_get
 *fill*         0x08004952        0x2 
 .text.lis2duxs12_init_set
                0x08004954      0x214 ./Drivers/BSP/Components/lis2duxs12_reg.o
                0x08004954                lis2duxs12_init_set
 .text.lis2duxs12_status_get
                0x08004b68       0x86 ./Drivers/BSP/Components/lis2duxs12_reg.o
                0x08004b68                lis2duxs12_status_get
 *fill*         0x08004bee        0x2 
 .text.lis2duxs12_mode_set
                0x08004bf0      0x178 ./Drivers/BSP/Components/lis2duxs12_reg.o
                0x08004bf0                lis2duxs12_mode_set
 .text.lis2duxs12_mode_get
                0x08004d68      0x220 ./Drivers/BSP/Components/lis2duxs12_reg.o
                0x08004d68                lis2duxs12_mode_get
 .text.lis2duxs12_exit_deep_power_down
                0x08004f88       0x3e ./Drivers/BSP/Components/lis2duxs12_reg.o
                0x08004f88                lis2duxs12_exit_deep_power_down
 *fill*         0x08004fc6        0x2 
 .text.lis2duxs12_xl_data_get
                0x08004fc8      0x158 ./Drivers/BSP/Components/lis2duxs12_reg.o
                0x08004fc8                lis2duxs12_xl_data_get
 .text.lis2duxs12_i3c_configure_set
                0x08005120       0x70 ./Drivers/BSP/Components/lis2duxs12_reg.o
                0x08005120                lis2duxs12_i3c_configure_set
 .text.lis2duxs12_i3c_configure_get
                0x08005190       0x7e ./Drivers/BSP/Components/lis2duxs12_reg.o
                0x08005190                lis2duxs12_i3c_configure_get
 .text.lis2duxs12_mem_bank_set
                0x0800520e       0x4c ./Drivers/BSP/Components/lis2duxs12_reg.o
                0x0800520e                lis2duxs12_mem_bank_set
 .text.lis2duxs12_fifo_mode_set
                0x0800525a      0x186 ./Drivers/BSP/Components/lis2duxs12_reg.o
                0x0800525a                lis2duxs12_fifo_mode_set
 .text.LIS2MDL_RegisterBusIO
                0x080053e0      0x100 ./Drivers/BSP/Components/lis2mdl.o
                0x080053e0                LIS2MDL_RegisterBusIO
 .text.LIS2MDL_Init
                0x080054e0      0x10c ./Drivers/BSP/Components/lis2mdl.o
                0x080054e0                LIS2MDL_Init
 .text.LIS2MDL_DeInit
                0x080055ec       0x2c ./Drivers/BSP/Components/lis2mdl.o
                0x080055ec                LIS2MDL_DeInit
 .text.LIS2MDL_ReadID
                0x08005618       0x4c ./Drivers/BSP/Components/lis2mdl.o
                0x08005618                LIS2MDL_ReadID
 .text.LIS2MDL_GetCapabilities
                0x08005664       0x5c ./Drivers/BSP/Components/lis2mdl.o
                0x08005664                LIS2MDL_GetCapabilities
 .text.LIS2MDL_MAG_Enable
                0x080056c0       0x84 ./Drivers/BSP/Components/lis2mdl.o
                0x080056c0                LIS2MDL_MAG_Enable
 .text.LIS2MDL_MAG_Disable
                0x08005744       0x86 ./Drivers/BSP/Components/lis2mdl.o
                0x08005744                LIS2MDL_MAG_Disable
 .text.LIS2MDL_MAG_GetSensitivity
                0x080057ca       0x20 ./Drivers/BSP/Components/lis2mdl.o
                0x080057ca                LIS2MDL_MAG_GetSensitivity
 *fill*         0x080057ea        0x2 
 .text.LIS2MDL_MAG_GetOutputDataRate
                0x080057ec       0x8c ./Drivers/BSP/Components/lis2mdl.o
                0x080057ec                LIS2MDL_MAG_GetOutputDataRate
 .text.LIS2MDL_MAG_SetOutputDataRate
                0x08005878       0xc8 ./Drivers/BSP/Components/lis2mdl.o
                0x08005878                LIS2MDL_MAG_SetOutputDataRate
 .text.LIS2MDL_MAG_GetFullScale
                0x08005940       0x1e ./Drivers/BSP/Components/lis2mdl.o
                0x08005940                LIS2MDL_MAG_GetFullScale
 .text.LIS2MDL_MAG_SetFullScale
                0x0800595e       0x18 ./Drivers/BSP/Components/lis2mdl.o
                0x0800595e                LIS2MDL_MAG_SetFullScale
 .text.LIS2MDL_MAG_GetAxesRaw
                0x08005976       0x48 ./Drivers/BSP/Components/lis2mdl.o
                0x08005976                LIS2MDL_MAG_GetAxesRaw
 .text.LIS2MDL_MAG_GetAxes
                0x080059be      0x114 ./Drivers/BSP/Components/lis2mdl.o
                0x080059be                LIS2MDL_MAG_GetAxes
 .text.LIS2MDL_Write_Reg
                0x08005ad2       0x56 ./Drivers/BSP/Components/lis2mdl.o
                0x08005ad2                LIS2MDL_Write_Reg
 .text.ReadMagRegWrap
                0x08005b28       0x82 ./Drivers/BSP/Components/lis2mdl.o
 .text.WriteMagRegWrap
                0x08005baa       0x82 ./Drivers/BSP/Components/lis2mdl.o
 .text.LSM6DSOX_SENSORHUB_LIS2MDL_ReadShData
                0x08005c2c      0x27e ./Drivers/BSP/Components/lis2mdl.o
 .text.LSM6DSOX_SENSORHUB_LIS2MDL_WriteShData
                0x08005eaa      0x23c ./Drivers/BSP/Components/lis2mdl.o
 .text.lis2mdl_read_reg
                0x080060e6       0x3c ./Drivers/BSP/Components/lis2mdl_reg.o
                0x080060e6                lis2mdl_read_reg
 .text.lis2mdl_write_reg
                0x08006122       0x3c ./Drivers/BSP/Components/lis2mdl_reg.o
                0x08006122                lis2mdl_write_reg
 .text.lis2mdl_operating_mode_set
                0x0800615e       0x4c ./Drivers/BSP/Components/lis2mdl_reg.o
                0x0800615e                lis2mdl_operating_mode_set
 .text.lis2mdl_data_rate_set
                0x080061aa       0x4c ./Drivers/BSP/Components/lis2mdl_reg.o
                0x080061aa                lis2mdl_data_rate_set
 *fill*         0x080061f6        0x2 
 .text.lis2mdl_data_rate_get
                0x080061f8       0x70 ./Drivers/BSP/Components/lis2mdl_reg.o
                0x080061f8                lis2mdl_data_rate_get
 .text.lis2mdl_block_data_update_set
                0x08006268       0x4c ./Drivers/BSP/Components/lis2mdl_reg.o
                0x08006268                lis2mdl_block_data_update_set
 .text.lis2mdl_magnetic_raw_get
                0x080062b4       0x90 ./Drivers/BSP/Components/lis2mdl_reg.o
                0x080062b4                lis2mdl_magnetic_raw_get
 .text.lis2mdl_device_id_get
                0x08006344       0x22 ./Drivers/BSP/Components/lis2mdl_reg.o
                0x08006344                lis2mdl_device_id_get
 .text.lis2mdl_self_test_set
                0x08006366       0x4c ./Drivers/BSP/Components/lis2mdl_reg.o
                0x08006366                lis2mdl_self_test_set
 .text.lis2mdl_i2c_interface_set
                0x080063b2       0x4c ./Drivers/BSP/Components/lis2mdl_reg.o
                0x080063b2                lis2mdl_i2c_interface_set
 *fill*         0x080063fe        0x2 
 .text.LPS22DF_RegisterBusIO
                0x08006400       0xd4 ./Drivers/BSP/Components/lps22df.o
                0x08006400                LPS22DF_RegisterBusIO
 .text.LPS22DF_Init
                0x080064d4       0x36 ./Drivers/BSP/Components/lps22df.o
                0x080064d4                LPS22DF_Init
 .text.LPS22DF_DeInit
                0x0800650a       0x48 ./Drivers/BSP/Components/lps22df.o
                0x0800650a                LPS22DF_DeInit
 .text.LPS22DF_ReadID
                0x08006552       0x36 ./Drivers/BSP/Components/lps22df.o
                0x08006552                LPS22DF_ReadID
 .text.LPS22DF_GetCapabilities
                0x08006588       0x58 ./Drivers/BSP/Components/lps22df.o
                0x08006588                LPS22DF_GetCapabilities
 .text.LPS22DF_PRESS_Enable
                0x080065e0       0x46 ./Drivers/BSP/Components/lps22df.o
                0x080065e0                LPS22DF_PRESS_Enable
 .text.LPS22DF_PRESS_Disable
                0x08006626       0x80 ./Drivers/BSP/Components/lps22df.o
                0x08006626                LPS22DF_PRESS_Disable
 .text.LPS22DF_PRESS_GetOutputDataRate
                0x080066a6       0x1c ./Drivers/BSP/Components/lps22df.o
                0x080066a6                LPS22DF_PRESS_GetOutputDataRate
 .text.LPS22DF_PRESS_SetOutputDataRate
                0x080066c2       0x38 ./Drivers/BSP/Components/lps22df.o
                0x080066c2                LPS22DF_PRESS_SetOutputDataRate
 .text.LPS22DF_PRESS_GetPressure
                0x080066fa       0x42 ./Drivers/BSP/Components/lps22df.o
                0x080066fa                LPS22DF_PRESS_GetPressure
 .text.LPS22DF_TEMP_Enable
                0x0800673c       0x46 ./Drivers/BSP/Components/lps22df.o
                0x0800673c                LPS22DF_TEMP_Enable
 .text.LPS22DF_TEMP_Disable
                0x08006782       0x80 ./Drivers/BSP/Components/lps22df.o
                0x08006782                LPS22DF_TEMP_Disable
 .text.LPS22DF_TEMP_GetOutputDataRate
                0x08006802       0x1c ./Drivers/BSP/Components/lps22df.o
                0x08006802                LPS22DF_TEMP_GetOutputDataRate
 .text.LPS22DF_TEMP_SetOutputDataRate
                0x0800681e       0x38 ./Drivers/BSP/Components/lps22df.o
                0x0800681e                LPS22DF_TEMP_SetOutputDataRate
 .text.LPS22DF_TEMP_GetTemperature
                0x08006856       0x44 ./Drivers/BSP/Components/lps22df.o
                0x08006856                LPS22DF_TEMP_GetTemperature
 .text.LPS22DF_Write_Reg
                0x0800689a       0x36 ./Drivers/BSP/Components/lps22df.o
                0x0800689a                LPS22DF_Write_Reg
 .text.LPS22DF_GetOutputDataRate
                0x080068d0       0xd4 ./Drivers/BSP/Components/lps22df.o
 .text.LPS22DF_SetOutputDataRate_When_Enabled
                0x080069a4      0x118 ./Drivers/BSP/Components/lps22df.o
 .text.LPS22DF_SetOutputDataRate_When_Disabled
                0x08006abc       0xc8 ./Drivers/BSP/Components/lps22df.o
 .text.LPS22DF_Initialize
                0x08006b84       0xb8 ./Drivers/BSP/Components/lps22df.o
 .text.ReadRegWrap
                0x08006c3c       0x36 ./Drivers/BSP/Components/lps22df.o
 .text.WriteRegWrap
                0x08006c72       0x36 ./Drivers/BSP/Components/lps22df.o
 .text.lps22df_read_reg
                0x08006ca8       0x3c ./Drivers/BSP/Components/lps22df_reg.o
                0x08006ca8                lps22df_read_reg
 .text.lps22df_write_reg
                0x08006ce4       0x3c ./Drivers/BSP/Components/lps22df_reg.o
                0x08006ce4                lps22df_write_reg
 .text.bytecpy  0x08006d20       0x2a ./Drivers/BSP/Components/lps22df_reg.o
 *fill*         0x08006d4a        0x2 
 .text.lps22df_from_lsb_to_hPa
                0x08006d4c       0x30 ./Drivers/BSP/Components/lps22df_reg.o
                0x08006d4c                lps22df_from_lsb_to_hPa
 .text.lps22df_from_lsb_to_celsius
                0x08006d7c       0x34 ./Drivers/BSP/Components/lps22df_reg.o
                0x08006d7c                lps22df_from_lsb_to_celsius
 .text.lps22df_id_get
                0x08006db0       0x2a ./Drivers/BSP/Components/lps22df_reg.o
                0x08006db0                lps22df_id_get
 .text.lps22df_bus_mode_set
                0x08006dda       0xc4 ./Drivers/BSP/Components/lps22df_reg.o
                0x08006dda                lps22df_bus_mode_set
 .text.lps22df_init_set
                0x08006e9e      0x1c4 ./Drivers/BSP/Components/lps22df_reg.o
                0x08006e9e                lps22df_init_set
 .text.lps22df_status_get
                0x08007062      0x10a ./Drivers/BSP/Components/lps22df_reg.o
                0x08007062                lps22df_status_get
 .text.lps22df_mode_set
                0x0800716c       0xbc ./Drivers/BSP/Components/lps22df_reg.o
                0x0800716c                lps22df_mode_set
 .text.lps22df_mode_get
                0x08007228      0x198 ./Drivers/BSP/Components/lps22df_reg.o
                0x08007228                lps22df_mode_get
 .text.lps22df_pressure_raw_get
                0x080073c0       0x52 ./Drivers/BSP/Components/lps22df_reg.o
                0x080073c0                lps22df_pressure_raw_get
 .text.lps22df_temperature_raw_get
                0x08007412       0x44 ./Drivers/BSP/Components/lps22df_reg.o
                0x08007412                lps22df_temperature_raw_get
 *fill*         0x08007456        0x2 
 .text.LSM6DSO16IS_RegisterBusIO
                0x08007458       0xcc ./Drivers/BSP/Components/lsm6dso16is.o
                0x08007458                LSM6DSO16IS_RegisterBusIO
 .text.LSM6DSO16IS_Init
                0x08007524       0xd8 ./Drivers/BSP/Components/lsm6dso16is.o
                0x08007524                LSM6DSO16IS_Init
 .text.LSM6DSO16IS_DeInit
                0x080075fc       0x58 ./Drivers/BSP/Components/lsm6dso16is.o
                0x080075fc                LSM6DSO16IS_DeInit
 .text.LSM6DSO16IS_ReadID
                0x08007654       0x30 ./Drivers/BSP/Components/lsm6dso16is.o
                0x08007654                LSM6DSO16IS_ReadID
 .text.LSM6DSO16IS_GetCapabilities
                0x08007684       0x5c ./Drivers/BSP/Components/lsm6dso16is.o
                0x08007684                LSM6DSO16IS_GetCapabilities
 .text.LSM6DSO16IS_ACC_Enable
                0x080076e0       0x4e ./Drivers/BSP/Components/lsm6dso16is.o
                0x080076e0                LSM6DSO16IS_ACC_Enable
 .text.LSM6DSO16IS_ACC_Disable
                0x0800772e       0x64 ./Drivers/BSP/Components/lsm6dso16is.o
                0x0800772e                LSM6DSO16IS_ACC_Disable
 *fill*         0x08007792        0x2 
 .text.LSM6DSO16IS_ACC_GetSensitivity
                0x08007794       0x8c ./Drivers/BSP/Components/lsm6dso16is.o
                0x08007794                LSM6DSO16IS_ACC_GetSensitivity
 .text.LSM6DSO16IS_ACC_GetOutputDataRate
                0x08007820      0x148 ./Drivers/BSP/Components/lsm6dso16is.o
                0x08007820                LSM6DSO16IS_ACC_GetOutputDataRate
 .text.LSM6DSO16IS_ACC_SetOutputDataRate
                0x08007968       0x3a ./Drivers/BSP/Components/lsm6dso16is.o
                0x08007968                LSM6DSO16IS_ACC_SetOutputDataRate
 *fill*         0x080079a2        0x2 
 .text.LSM6DSO16IS_ACC_GetFullScale
                0x080079a4       0x7c ./Drivers/BSP/Components/lsm6dso16is.o
                0x080079a4                LSM6DSO16IS_ACC_GetFullScale
 .text.LSM6DSO16IS_ACC_SetFullScale
                0x08007a20       0x54 ./Drivers/BSP/Components/lsm6dso16is.o
                0x08007a20                LSM6DSO16IS_ACC_SetFullScale
 .text.LSM6DSO16IS_ACC_GetAxesRaw
                0x08007a74       0x4c ./Drivers/BSP/Components/lsm6dso16is.o
                0x08007a74                LSM6DSO16IS_ACC_GetAxesRaw
 .text.LSM6DSO16IS_ACC_GetAxes
                0x08007ac0       0xb2 ./Drivers/BSP/Components/lsm6dso16is.o
                0x08007ac0                LSM6DSO16IS_ACC_GetAxes
 .text.LSM6DSO16IS_GYRO_Enable
                0x08007b72       0x4e ./Drivers/BSP/Components/lsm6dso16is.o
                0x08007b72                LSM6DSO16IS_GYRO_Enable
 .text.LSM6DSO16IS_GYRO_Disable
                0x08007bc0       0x64 ./Drivers/BSP/Components/lsm6dso16is.o
                0x08007bc0                LSM6DSO16IS_GYRO_Disable
 .text.LSM6DSO16IS_GYRO_GetSensitivity
                0x08007c24       0xcc ./Drivers/BSP/Components/lsm6dso16is.o
                0x08007c24                LSM6DSO16IS_GYRO_GetSensitivity
 .text.LSM6DSO16IS_GYRO_GetOutputDataRate
                0x08007cf0      0x138 ./Drivers/BSP/Components/lsm6dso16is.o
                0x08007cf0                LSM6DSO16IS_GYRO_GetOutputDataRate
 .text.LSM6DSO16IS_GYRO_SetOutputDataRate
                0x08007e28       0x3a ./Drivers/BSP/Components/lsm6dso16is.o
                0x08007e28                LSM6DSO16IS_GYRO_SetOutputDataRate
 *fill*         0x08007e62        0x2 
 .text.LSM6DSO16IS_GYRO_GetFullScale
                0x08007e64       0xbc ./Drivers/BSP/Components/lsm6dso16is.o
                0x08007e64                LSM6DSO16IS_GYRO_GetFullScale
 .text.LSM6DSO16IS_GYRO_SetFullScale
                0x08007f20       0x62 ./Drivers/BSP/Components/lsm6dso16is.o
                0x08007f20                LSM6DSO16IS_GYRO_SetFullScale
 .text.LSM6DSO16IS_GYRO_GetAxesRaw
                0x08007f82       0x4c ./Drivers/BSP/Components/lsm6dso16is.o
                0x08007f82                LSM6DSO16IS_GYRO_GetAxesRaw
 .text.LSM6DSO16IS_GYRO_GetAxes
                0x08007fce       0xb2 ./Drivers/BSP/Components/lsm6dso16is.o
                0x08007fce                LSM6DSO16IS_GYRO_GetAxes
 .text.LSM6DSO16IS_Write_Reg
                0x08008080       0x3a ./Drivers/BSP/Components/lsm6dso16is.o
                0x08008080                LSM6DSO16IS_Write_Reg
 .text.LSM6DSO16IS_Set_Mem_Bank
                0x080080ba       0x4c ./Drivers/BSP/Components/lsm6dso16is.o
                0x080080ba                LSM6DSO16IS_Set_Mem_Bank
 *fill*         0x08008106        0x2 
 .text.LSM6DSO16IS_ACC_SetOutputDataRate_When_Enabled
                0x08008108      0x11c ./Drivers/BSP/Components/lsm6dso16is.o
 .text.LSM6DSO16IS_ACC_SetOutputDataRate_When_Disabled
                0x08008224      0x104 ./Drivers/BSP/Components/lsm6dso16is.o
 .text.LSM6DSO16IS_GYRO_SetOutputDataRate_When_Enabled
                0x08008328      0x11c ./Drivers/BSP/Components/lsm6dso16is.o
 .text.LSM6DSO16IS_GYRO_SetOutputDataRate_When_Disabled
                0x08008444      0x104 ./Drivers/BSP/Components/lsm6dso16is.o
 .text.ReadRegWrap
                0x08008548       0x36 ./Drivers/BSP/Components/lsm6dso16is.o
 .text.WriteRegWrap
                0x0800857e       0x36 ./Drivers/BSP/Components/lsm6dso16is.o
 .text.lsm6dso16is_read_reg
                0x080085b4       0x3c ./Drivers/BSP/Components/lsm6dso16is_reg.o
                0x080085b4                lsm6dso16is_read_reg
 .text.lsm6dso16is_write_reg
                0x080085f0       0x3c ./Drivers/BSP/Components/lsm6dso16is_reg.o
                0x080085f0                lsm6dso16is_write_reg
 .text.lsm6dso16is_mem_bank_set
                0x0800862c       0x52 ./Drivers/BSP/Components/lsm6dso16is_reg.o
                0x0800862c                lsm6dso16is_mem_bank_set
 .text.lsm6dso16is_device_id_get
                0x0800867e       0x22 ./Drivers/BSP/Components/lsm6dso16is_reg.o
                0x0800867e                lsm6dso16is_device_id_get
 .text.lsm6dso16is_xl_hm_mode_set
                0x080086a0       0x4c ./Drivers/BSP/Components/lsm6dso16is_reg.o
                0x080086a0                lsm6dso16is_xl_hm_mode_set
 .text.lsm6dso16is_xl_full_scale_set
                0x080086ec       0x4c ./Drivers/BSP/Components/lsm6dso16is_reg.o
                0x080086ec                lsm6dso16is_xl_full_scale_set
 .text.lsm6dso16is_xl_full_scale_get
                0x08008738       0x70 ./Drivers/BSP/Components/lsm6dso16is_reg.o
                0x08008738                lsm6dso16is_xl_full_scale_get
 .text.lsm6dso16is_xl_data_rate_set
                0x080087a8       0x7e ./Drivers/BSP/Components/lsm6dso16is_reg.o
                0x080087a8                lsm6dso16is_xl_data_rate_set
 *fill*         0x08008826        0x2 
 .text.lsm6dso16is_xl_data_rate_get
                0x08008828      0x184 ./Drivers/BSP/Components/lsm6dso16is_reg.o
                0x08008828                lsm6dso16is_xl_data_rate_get
 .text.lsm6dso16is_gy_hm_mode_set
                0x080089ac       0x4c ./Drivers/BSP/Components/lsm6dso16is_reg.o
                0x080089ac                lsm6dso16is_gy_hm_mode_set
 .text.lsm6dso16is_gy_full_scale_set
                0x080089f8       0x60 ./Drivers/BSP/Components/lsm6dso16is_reg.o
                0x080089f8                lsm6dso16is_gy_full_scale_set
 .text.lsm6dso16is_gy_full_scale_get
                0x08008a58       0xb8 ./Drivers/BSP/Components/lsm6dso16is_reg.o
                0x08008a58                lsm6dso16is_gy_full_scale_get
 .text.lsm6dso16is_gy_data_rate_set
                0x08008b10       0x7e ./Drivers/BSP/Components/lsm6dso16is_reg.o
                0x08008b10                lsm6dso16is_gy_data_rate_set
 *fill*         0x08008b8e        0x2 
 .text.lsm6dso16is_gy_data_rate_get
                0x08008b90      0x178 ./Drivers/BSP/Components/lsm6dso16is_reg.o
                0x08008b90                lsm6dso16is_gy_data_rate_get
 .text.lsm6dso16is_auto_increment_set
                0x08008d08       0x4c ./Drivers/BSP/Components/lsm6dso16is_reg.o
                0x08008d08                lsm6dso16is_auto_increment_set
 .text.lsm6dso16is_block_data_update_set
                0x08008d54       0x4c ./Drivers/BSP/Components/lsm6dso16is_reg.o
                0x08008d54                lsm6dso16is_block_data_update_set
 .text.lsm6dso16is_angular_rate_raw_get
                0x08008da0       0x90 ./Drivers/BSP/Components/lsm6dso16is_reg.o
                0x08008da0                lsm6dso16is_angular_rate_raw_get
 .text.lsm6dso16is_acceleration_raw_get
                0x08008e30       0x90 ./Drivers/BSP/Components/lsm6dso16is_reg.o
                0x08008e30                lsm6dso16is_acceleration_raw_get
 .text.LSM6DSV16X_RegisterBusIO
                0x08008ec0       0xec ./Drivers/BSP/Components/lsm6dsv16x.o
                0x08008ec0                LSM6DSV16X_RegisterBusIO
 .text.LSM6DSV16X_Init
                0x08008fac      0x106 ./Drivers/BSP/Components/lsm6dsv16x.o
                0x08008fac                LSM6DSV16X_Init
 .text.LSM6DSV16X_DeInit
                0x080090b2       0x6e ./Drivers/BSP/Components/lsm6dsv16x.o
                0x080090b2                LSM6DSV16X_DeInit
 .text.LSM6DSV16X_ReadID
                0x08009120       0x2c ./Drivers/BSP/Components/lsm6dsv16x.o
                0x08009120                LSM6DSV16X_ReadID
 .text.LSM6DSV16X_GetCapabilities
                0x0800914c       0x5c ./Drivers/BSP/Components/lsm6dsv16x.o
                0x0800914c                LSM6DSV16X_GetCapabilities
 .text.LSM6DSV16X_ACC_Enable
                0x080091a8       0x48 ./Drivers/BSP/Components/lsm6dsv16x.o
                0x080091a8                LSM6DSV16X_ACC_Enable
 .text.LSM6DSV16X_ACC_Disable
                0x080091f0       0x5e ./Drivers/BSP/Components/lsm6dsv16x.o
                0x080091f0                LSM6DSV16X_ACC_Disable
 *fill*         0x0800924e        0x2 
 .text.LSM6DSV16X_ACC_GetSensitivity
                0x08009250       0x8c ./Drivers/BSP/Components/lsm6dsv16x.o
                0x08009250                LSM6DSV16X_ACC_GetSensitivity
 .text.LSM6DSV16X_ACC_GetOutputDataRate
                0x080092dc      0x288 ./Drivers/BSP/Components/lsm6dsv16x.o
                0x080092dc                LSM6DSV16X_ACC_GetOutputDataRate
 .text.LSM6DSV16X_ACC_SetOutputDataRate
                0x08009564       0x38 ./Drivers/BSP/Components/lsm6dsv16x.o
                0x08009564                LSM6DSV16X_ACC_SetOutputDataRate
 .text.LSM6DSV16X_ACC_GetFullScale
                0x0800959c       0x7c ./Drivers/BSP/Components/lsm6dsv16x.o
                0x0800959c                LSM6DSV16X_ACC_GetFullScale
 .text.LSM6DSV16X_ACC_SetFullScale
                0x08009618       0x50 ./Drivers/BSP/Components/lsm6dsv16x.o
                0x08009618                LSM6DSV16X_ACC_SetFullScale
 .text.LSM6DSV16X_ACC_GetAxesRaw
                0x08009668       0x48 ./Drivers/BSP/Components/lsm6dsv16x.o
                0x08009668                LSM6DSV16X_ACC_GetAxesRaw
 .text.LSM6DSV16X_ACC_GetAxes
                0x080096b0       0xae ./Drivers/BSP/Components/lsm6dsv16x.o
                0x080096b0                LSM6DSV16X_ACC_GetAxes
 .text.LSM6DSV16X_GYRO_Enable
                0x0800975e       0x48 ./Drivers/BSP/Components/lsm6dsv16x.o
                0x0800975e                LSM6DSV16X_GYRO_Enable
 .text.LSM6DSV16X_GYRO_Disable
                0x080097a6       0x5e ./Drivers/BSP/Components/lsm6dsv16x.o
                0x080097a6                LSM6DSV16X_GYRO_Disable
 .text.LSM6DSV16X_GYRO_GetSensitivity
                0x08009804       0xc8 ./Drivers/BSP/Components/lsm6dsv16x.o
                0x08009804                LSM6DSV16X_GYRO_GetSensitivity
 .text.LSM6DSV16X_GYRO_GetOutputDataRate
                0x080098cc      0x288 ./Drivers/BSP/Components/lsm6dsv16x.o
                0x080098cc                LSM6DSV16X_GYRO_GetOutputDataRate
 .text.LSM6DSV16X_GYRO_SetOutputDataRate
                0x08009b54       0x38 ./Drivers/BSP/Components/lsm6dsv16x.o
                0x08009b54                LSM6DSV16X_GYRO_SetOutputDataRate
 .text.LSM6DSV16X_GYRO_GetFullScale
                0x08009b8c       0xb8 ./Drivers/BSP/Components/lsm6dsv16x.o
                0x08009b8c                LSM6DSV16X_GYRO_GetFullScale
 .text.LSM6DSV16X_GYRO_SetFullScale
                0x08009c44       0x6a ./Drivers/BSP/Components/lsm6dsv16x.o
                0x08009c44                LSM6DSV16X_GYRO_SetFullScale
 .text.LSM6DSV16X_GYRO_GetAxesRaw
                0x08009cae       0x48 ./Drivers/BSP/Components/lsm6dsv16x.o
                0x08009cae                LSM6DSV16X_GYRO_GetAxesRaw
 .text.LSM6DSV16X_GYRO_GetAxes
                0x08009cf6       0xae ./Drivers/BSP/Components/lsm6dsv16x.o
                0x08009cf6                LSM6DSV16X_GYRO_GetAxes
 .text.LSM6DSV16X_Write_Reg
                0x08009da4       0x36 ./Drivers/BSP/Components/lsm6dsv16x.o
                0x08009da4                LSM6DSV16X_Write_Reg
 .text.LSM6DSV16X_Set_Mem_Bank
                0x08009dda       0x4c ./Drivers/BSP/Components/lsm6dsv16x.o
                0x08009dda                LSM6DSV16X_Set_Mem_Bank
 *fill*         0x08009e26        0x2 
 .text.LSM6DSV16X_ACC_SetOutputDataRate_When_Enabled
                0x08009e28      0x144 ./Drivers/BSP/Components/lsm6dsv16x.o
 .text.LSM6DSV16X_ACC_SetOutputDataRate_When_Disabled
                0x08009f6c      0x130 ./Drivers/BSP/Components/lsm6dsv16x.o
 .text.LSM6DSV16X_GYRO_SetOutputDataRate_When_Enabled
                0x0800a09c      0x12c ./Drivers/BSP/Components/lsm6dsv16x.o
 .text.LSM6DSV16X_GYRO_SetOutputDataRate_When_Disabled
                0x0800a1c8      0x11c ./Drivers/BSP/Components/lsm6dsv16x.o
 .text.ReadRegWrap
                0x0800a2e4       0x36 ./Drivers/BSP/Components/lsm6dsv16x.o
 .text.WriteRegWrap
                0x0800a31a       0x36 ./Drivers/BSP/Components/lsm6dsv16x.o
 .text.lsm6dsv16x_read_reg
                0x0800a350       0x3c ./Drivers/BSP/Components/lsm6dsv16x_reg.o
                0x0800a350                lsm6dsv16x_read_reg
 .text.lsm6dsv16x_write_reg
                0x0800a38c       0x3c ./Drivers/BSP/Components/lsm6dsv16x_reg.o
                0x0800a38c                lsm6dsv16x_write_reg
 .text.lsm6dsv16x_mem_bank_set
                0x0800a3c8       0x62 ./Drivers/BSP/Components/lsm6dsv16x_reg.o
                0x0800a3c8                lsm6dsv16x_mem_bank_set
 .text.lsm6dsv16x_device_id_get
                0x0800a42a       0x22 ./Drivers/BSP/Components/lsm6dsv16x_reg.o
                0x0800a42a                lsm6dsv16x_device_id_get
 .text.lsm6dsv16x_xl_data_rate_set
                0x0800a44c       0xa2 ./Drivers/BSP/Components/lsm6dsv16x_reg.o
                0x0800a44c                lsm6dsv16x_xl_data_rate_set
 *fill*         0x0800a4ee        0x2 
 .text.lsm6dsv16x_xl_data_rate_get
                0x0800a4f0      0x220 ./Drivers/BSP/Components/lsm6dsv16x_reg.o
                0x0800a4f0                lsm6dsv16x_xl_data_rate_get
 .text.lsm6dsv16x_gy_data_rate_set
                0x0800a710       0x9e ./Drivers/BSP/Components/lsm6dsv16x_reg.o
                0x0800a710                lsm6dsv16x_gy_data_rate_set
 *fill*         0x0800a7ae        0x2 
 .text.lsm6dsv16x_gy_data_rate_get
                0x0800a7b0      0x220 ./Drivers/BSP/Components/lsm6dsv16x_reg.o
                0x0800a7b0                lsm6dsv16x_gy_data_rate_get
 .text.lsm6dsv16x_auto_increment_set
                0x0800a9d0       0x4c ./Drivers/BSP/Components/lsm6dsv16x_reg.o
                0x0800a9d0                lsm6dsv16x_auto_increment_set
 .text.lsm6dsv16x_block_data_update_set
                0x0800aa1c       0x4c ./Drivers/BSP/Components/lsm6dsv16x_reg.o
                0x0800aa1c                lsm6dsv16x_block_data_update_set
 .text.lsm6dsv16x_gy_full_scale_set
                0x0800aa68       0x4c ./Drivers/BSP/Components/lsm6dsv16x_reg.o
                0x0800aa68                lsm6dsv16x_gy_full_scale_set
 .text.lsm6dsv16x_gy_full_scale_get
                0x0800aab4       0xb0 ./Drivers/BSP/Components/lsm6dsv16x_reg.o
                0x0800aab4                lsm6dsv16x_gy_full_scale_get
 .text.lsm6dsv16x_xl_full_scale_set
                0x0800ab64       0x4c ./Drivers/BSP/Components/lsm6dsv16x_reg.o
                0x0800ab64                lsm6dsv16x_xl_full_scale_set
 .text.lsm6dsv16x_xl_full_scale_get
                0x0800abb0       0x7c ./Drivers/BSP/Components/lsm6dsv16x_reg.o
                0x0800abb0                lsm6dsv16x_xl_full_scale_get
 .text.lsm6dsv16x_angular_rate_raw_get
                0x0800ac2c       0x9a ./Drivers/BSP/Components/lsm6dsv16x_reg.o
                0x0800ac2c                lsm6dsv16x_angular_rate_raw_get
 .text.lsm6dsv16x_acceleration_raw_get
                0x0800acc6       0x9a ./Drivers/BSP/Components/lsm6dsv16x_reg.o
                0x0800acc6                lsm6dsv16x_acceleration_raw_get
 .text.lsm6dsv16x_fifo_mode_set
                0x0800ad60       0x4c ./Drivers/BSP/Components/lsm6dsv16x_reg.o
                0x0800ad60                lsm6dsv16x_fifo_mode_set
 .text.lsm6dsv16x_ah_qvar_mode_set
                0x0800adac       0x4a ./Drivers/BSP/Components/lsm6dsv16x_reg.o
                0x0800adac                lsm6dsv16x_ah_qvar_mode_set
 *fill*         0x0800adf6        0x2 
 .text.SHT40AD1B_RegisterBusIO
                0x0800adf8       0x94 ./Drivers/BSP/Components/sht40ad1b.o
                0x0800adf8                SHT40AD1B_RegisterBusIO
 .text.SHT40AD1B_Init
                0x0800ae8c       0x2e ./Drivers/BSP/Components/sht40ad1b.o
                0x0800ae8c                SHT40AD1B_Init
 .text.SHT40AD1B_DeInit
                0x0800aeba       0x1e ./Drivers/BSP/Components/sht40ad1b.o
                0x0800aeba                SHT40AD1B_DeInit
 .text.SHT40AD1B_ReadID
                0x0800aed8       0x20 ./Drivers/BSP/Components/sht40ad1b.o
                0x0800aed8                SHT40AD1B_ReadID
 .text.SHT40AD1B_GetCapabilities
                0x0800aef8       0x56 ./Drivers/BSP/Components/sht40ad1b.o
                0x0800aef8                SHT40AD1B_GetCapabilities
 .text.SHT40AD1B_HUM_Enable
                0x0800af4e       0x2c ./Drivers/BSP/Components/sht40ad1b.o
                0x0800af4e                SHT40AD1B_HUM_Enable
 .text.SHT40AD1B_HUM_Disable
                0x0800af7a       0x2c ./Drivers/BSP/Components/sht40ad1b.o
                0x0800af7a                SHT40AD1B_HUM_Disable
 .text.SHT40AD1B_HUM_GetOutputDataRate
                0x0800afa6       0x20 ./Drivers/BSP/Components/sht40ad1b.o
                0x0800afa6                SHT40AD1B_HUM_GetOutputDataRate
 .text.SHT40AD1B_HUM_SetOutputDataRate
                0x0800afc6       0x1a ./Drivers/BSP/Components/sht40ad1b.o
                0x0800afc6                SHT40AD1B_HUM_SetOutputDataRate
 .text.SHT40AD1B_HUM_GetHumidity
                0x0800afe0       0x2e ./Drivers/BSP/Components/sht40ad1b.o
                0x0800afe0                SHT40AD1B_HUM_GetHumidity
 .text.SHT40AD1B_TEMP_Enable
                0x0800b00e       0x2c ./Drivers/BSP/Components/sht40ad1b.o
                0x0800b00e                SHT40AD1B_TEMP_Enable
 .text.SHT40AD1B_TEMP_Disable
                0x0800b03a       0x2c ./Drivers/BSP/Components/sht40ad1b.o
                0x0800b03a                SHT40AD1B_TEMP_Disable
 .text.SHT40AD1B_TEMP_GetOutputDataRate
                0x0800b066       0x20 ./Drivers/BSP/Components/sht40ad1b.o
                0x0800b066                SHT40AD1B_TEMP_GetOutputDataRate
 .text.SHT40AD1B_TEMP_SetOutputDataRate
                0x0800b086       0x1a ./Drivers/BSP/Components/sht40ad1b.o
                0x0800b086                SHT40AD1B_TEMP_SetOutputDataRate
 .text.SHT40AD1B_TEMP_GetTemperature
                0x0800b0a0       0x2e ./Drivers/BSP/Components/sht40ad1b.o
                0x0800b0a0                SHT40AD1B_TEMP_GetTemperature
 .text.GetData  0x0800b0ce       0x3a ./Drivers/BSP/Components/sht40ad1b.o
 .text.ReadRegWrap
                0x0800b108       0x40 ./Drivers/BSP/Components/sht40ad1b.o
 .text.WriteRegWrap
                0x0800b148       0x40 ./Drivers/BSP/Components/sht40ad1b.o
 .text.sht40ad1b_read_reg
                0x0800b188       0x30 ./Drivers/BSP/Components/sht40ad1b_reg.o
                0x0800b188                sht40ad1b_read_reg
 .text.sht40ad1b_write_reg
                0x0800b1b8       0x30 ./Drivers/BSP/Components/sht40ad1b_reg.o
                0x0800b1b8                sht40ad1b_write_reg
 .text.sht40ad1b_data_get
                0x0800b1e8      0x14c ./Drivers/BSP/Components/sht40ad1b_reg.o
                0x0800b1e8                sht40ad1b_data_get
 .text.sht40ad1b_device_id_get
                0x0800b334       0x1e ./Drivers/BSP/Components/sht40ad1b_reg.o
                0x0800b334                sht40ad1b_device_id_get
 .text.crc_calculate
                0x0800b352       0x7a ./Drivers/BSP/Components/sht40ad1b_reg.o
 .text.crc_check
                0x0800b3cc       0x32 ./Drivers/BSP/Components/sht40ad1b_reg.o
 *fill*         0x0800b3fe        0x2 
 .text.STTS22H_RegisterBusIO
                0x0800b400       0x94 ./Drivers/BSP/Components/stts22h.o
                0x0800b400                STTS22H_RegisterBusIO
 .text.STTS22H_Init
                0x0800b494       0x74 ./Drivers/BSP/Components/stts22h.o
                0x0800b494                STTS22H_Init
 .text.STTS22H_DeInit
                0x0800b508       0x36 ./Drivers/BSP/Components/stts22h.o
                0x0800b508                STTS22H_DeInit
 .text.STTS22H_ReadID
                0x0800b53e       0x36 ./Drivers/BSP/Components/stts22h.o
                0x0800b53e                STTS22H_ReadID
 .text.STTS22H_GetCapabilities
                0x0800b574       0x58 ./Drivers/BSP/Components/stts22h.o
                0x0800b574                STTS22H_GetCapabilities
 .text.STTS22H_TEMP_Enable
                0x0800b5cc       0x44 ./Drivers/BSP/Components/stts22h.o
                0x0800b5cc                STTS22H_TEMP_Enable
 .text.STTS22H_TEMP_Disable
                0x0800b610       0x58 ./Drivers/BSP/Components/stts22h.o
                0x0800b610                STTS22H_TEMP_Disable
 .text.STTS22H_TEMP_GetOutputDataRate
                0x0800b668      0x15c ./Drivers/BSP/Components/stts22h.o
                0x0800b668                STTS22H_TEMP_GetOutputDataRate
 .text.STTS22H_TEMP_SetOutputDataRate
                0x0800b7c4       0x94 ./Drivers/BSP/Components/stts22h.o
                0x0800b7c4                STTS22H_TEMP_SetOutputDataRate
 .text.STTS22H_TEMP_GetTemperature
                0x0800b858       0x44 ./Drivers/BSP/Components/stts22h.o
                0x0800b858                STTS22H_TEMP_GetTemperature
 .text.ReadRegWrap
                0x0800b89c       0x6e ./Drivers/BSP/Components/stts22h.o
 .text.WriteRegWrap
                0x0800b90a       0x6e ./Drivers/BSP/Components/stts22h.o
 .text.stts22h_read_reg
                0x0800b978       0x3c ./Drivers/BSP/Components/stts22h_reg.o
                0x0800b978                stts22h_read_reg
 .text.stts22h_write_reg
                0x0800b9b4       0x3c ./Drivers/BSP/Components/stts22h_reg.o
                0x0800b9b4                stts22h_write_reg
 .text.stts22h_from_lsb_to_celsius
                0x0800b9f0       0x34 ./Drivers/BSP/Components/stts22h_reg.o
                0x0800b9f0                stts22h_from_lsb_to_celsius
 .text.stts22h_temp_data_rate_set
                0x0800ba24       0x82 ./Drivers/BSP/Components/stts22h_reg.o
                0x0800ba24                stts22h_temp_data_rate_set
 *fill*         0x0800baa6        0x2 
 .text.stts22h_temp_data_rate_get
                0x0800baa8      0x16c ./Drivers/BSP/Components/stts22h_reg.o
                0x0800baa8                stts22h_temp_data_rate_get
 .text.stts22h_block_data_update_set
                0x0800bc14       0x4c ./Drivers/BSP/Components/stts22h_reg.o
                0x0800bc14                stts22h_block_data_update_set
 .text.stts22h_temperature_raw_get
                0x0800bc60       0x44 ./Drivers/BSP/Components/stts22h_reg.o
                0x0800bc60                stts22h_temperature_raw_get
 .text.stts22h_dev_id_get
                0x0800bca4       0x22 ./Drivers/BSP/Components/stts22h_reg.o
                0x0800bca4                stts22h_dev_id_get
 .text.stts22h_auto_increment_set
                0x0800bcc6       0x4c ./Drivers/BSP/Components/stts22h_reg.o
                0x0800bcc6                stts22h_auto_increment_set
 *fill*         0x0800bd12        0x2 
 .text.IKS4A1_ENV_SENSOR_Init
                0x0800bd14      0x21c ./Drivers/BSP/IKS4A1/iks4a1_env_sensors.o
                0x0800bd14                IKS4A1_ENV_SENSOR_Init
 .text.IKS4A1_ENV_SENSOR_Enable
                0x0800bf30       0x80 ./Drivers/BSP/IKS4A1/iks4a1_env_sensors.o
                0x0800bf30                IKS4A1_ENV_SENSOR_Enable
 .text.IKS4A1_ENV_SENSOR_Disable
                0x0800bfb0       0x80 ./Drivers/BSP/IKS4A1/iks4a1_env_sensors.o
                0x0800bfb0                IKS4A1_ENV_SENSOR_Disable
 .text.IKS4A1_ENV_SENSOR_GetValue
                0x0800c030       0x84 ./Drivers/BSP/IKS4A1/iks4a1_env_sensors.o
                0x0800c030                IKS4A1_ENV_SENSOR_GetValue
 .text.STTS22H_0_Probe
                0x0800c0b4      0x16c ./Drivers/BSP/IKS4A1/iks4a1_env_sensors.o
 .text.LPS22DF_0_Probe
                0x0800c220      0x1a0 ./Drivers/BSP/IKS4A1/iks4a1_env_sensors.o
 .text.SHT40AD1B_0_Probe
                0x0800c3c0      0x1a0 ./Drivers/BSP/IKS4A1/iks4a1_env_sensors.o
 .text.IKS4A1_MOTION_SENSOR_Init
                0x0800c560      0x264 ./Drivers/BSP/IKS4A1/iks4a1_motion_sensors.o
                0x0800c560                IKS4A1_MOTION_SENSOR_Init
 .text.IKS4A1_MOTION_SENSOR_Enable
                0x0800c7c4       0x84 ./Drivers/BSP/IKS4A1/iks4a1_motion_sensors.o
                0x0800c7c4                IKS4A1_MOTION_SENSOR_Enable
 .text.IKS4A1_MOTION_SENSOR_Disable
                0x0800c848       0x84 ./Drivers/BSP/IKS4A1/iks4a1_motion_sensors.o
                0x0800c848                IKS4A1_MOTION_SENSOR_Disable
 .text.IKS4A1_MOTION_SENSOR_GetAxes
                0x0800c8cc       0x88 ./Drivers/BSP/IKS4A1/iks4a1_motion_sensors.o
                0x0800c8cc                IKS4A1_MOTION_SENSOR_GetAxes
 .text.IKS4A1_MOTION_SENSOR_SetOutputDataRate
                0x0800c954       0x8c ./Drivers/BSP/IKS4A1/iks4a1_motion_sensors.o
                0x0800c954                IKS4A1_MOTION_SENSOR_SetOutputDataRate
 .text.IKS4A1_MOTION_SENSOR_SetFullScale
                0x0800c9e0       0x88 ./Drivers/BSP/IKS4A1/iks4a1_motion_sensors.o
                0x0800c9e0                IKS4A1_MOTION_SENSOR_SetFullScale
 .text.LIS2MDL_0_Probe
                0x0800ca68      0x150 ./Drivers/BSP/IKS4A1/iks4a1_motion_sensors.o
 .text.LSM6DSV16X_0_Probe
                0x0800cbb8      0x198 ./Drivers/BSP/IKS4A1/iks4a1_motion_sensors.o
 .text.LIS2DUXS12_0_Probe
                0x0800cd50      0x16c ./Drivers/BSP/IKS4A1/iks4a1_motion_sensors.o
 .text.LSM6DSO16IS_0_Probe
                0x0800cebc      0x198 ./Drivers/BSP/IKS4A1/iks4a1_motion_sensors.o
 .text.SystemInit
                0x0800d054       0x24 ./Drivers/CMSIS/system_stm32f4xx.o
                0x0800d054                SystemInit
 .text.HAL_Init
                0x0800d078       0x44 ./Drivers/STM32F4xx_HAL_Driver/stm32f4xx_hal.o
                0x0800d078                HAL_Init
 .text.HAL_InitTick
                0x0800d0bc       0x60 ./Drivers/STM32F4xx_HAL_Driver/stm32f4xx_hal.o
                0x0800d0bc                HAL_InitTick
 .text.HAL_IncTick
                0x0800d11c       0x28 ./Drivers/STM32F4xx_HAL_Driver/stm32f4xx_hal.o
                0x0800d11c                HAL_IncTick
 .text.HAL_GetTick
                0x0800d144       0x18 ./Drivers/STM32F4xx_HAL_Driver/stm32f4xx_hal.o
                0x0800d144                HAL_GetTick
 .text.HAL_Delay
                0x0800d15c       0x48 ./Drivers/STM32F4xx_HAL_Driver/stm32f4xx_hal.o
                0x0800d15c                HAL_Delay
 .text.__NVIC_SetPriorityGrouping
                0x0800d1a4       0x48 ./Drivers/STM32F4xx_HAL_Driver/stm32f4xx_hal_cortex.o
 .text.__NVIC_GetPriorityGrouping
                0x0800d1ec       0x1c ./Drivers/STM32F4xx_HAL_Driver/stm32f4xx_hal_cortex.o
 .text.__NVIC_EnableIRQ
                0x0800d208       0x3c ./Drivers/STM32F4xx_HAL_Driver/stm32f4xx_hal_cortex.o
 .text.__NVIC_SetPriority
                0x0800d244       0x54 ./Drivers/STM32F4xx_HAL_Driver/stm32f4xx_hal_cortex.o
 .text.NVIC_EncodePriority
                0x0800d298       0x66 ./Drivers/STM32F4xx_HAL_Driver/stm32f4xx_hal_cortex.o
 *fill*         0x0800d2fe        0x2 
 .text.SysTick_Config
                0x0800d300       0x44 ./Drivers/STM32F4xx_HAL_Driver/stm32f4xx_hal_cortex.o
 .text.HAL_NVIC_SetPriorityGrouping
                0x0800d344       0x16 ./Drivers/STM32F4xx_HAL_Driver/stm32f4xx_hal_cortex.o
                0x0800d344                HAL_NVIC_SetPriorityGrouping
 .text.HAL_NVIC_SetPriority
                0x0800d35a       0x38 ./Drivers/STM32F4xx_HAL_Driver/stm32f4xx_hal_cortex.o
                0x0800d35a                HAL_NVIC_SetPriority
 .text.HAL_NVIC_EnableIRQ
                0x0800d392       0x1c ./Drivers/STM32F4xx_HAL_Driver/stm32f4xx_hal_cortex.o
                0x0800d392                HAL_NVIC_EnableIRQ
 .text.HAL_SYSTICK_Config
                0x0800d3ae       0x18 ./Drivers/STM32F4xx_HAL_Driver/stm32f4xx_hal_cortex.o
                0x0800d3ae                HAL_SYSTICK_Config
 .text.HAL_CRC_Init
                0x0800d3c6       0x38 ./Drivers/STM32F4xx_HAL_Driver/stm32f4xx_hal_crc.o
                0x0800d3c6                HAL_CRC_Init
 *fill*         0x0800d3fe        0x2 
 .text.HAL_DMA_Init
                0x0800d400      0x15c ./Drivers/STM32F4xx_HAL_Driver/stm32f4xx_hal_dma.o
                0x0800d400                HAL_DMA_Init
 .text.HAL_DMA_Start_IT
                0x0800d55c       0xb0 ./Drivers/STM32F4xx_HAL_Driver/stm32f4xx_hal_dma.o
                0x0800d55c                HAL_DMA_Start_IT
 .text.HAL_DMA_IRQHandler
                0x0800d60c      0x314 ./Drivers/STM32F4xx_HAL_Driver/stm32f4xx_hal_dma.o
                0x0800d60c                HAL_DMA_IRQHandler
 .text.DMA_SetConfig
                0x0800d920       0x5c ./Drivers/STM32F4xx_HAL_Driver/stm32f4xx_hal_dma.o
 .text.DMA_CalcBaseAndBitshift
                0x0800d97c       0x6c ./Drivers/STM32F4xx_HAL_Driver/stm32f4xx_hal_dma.o
 .text.DMA_CheckFifoParam
                0x0800d9e8       0xf8 ./Drivers/STM32F4xx_HAL_Driver/stm32f4xx_hal_dma.o
 .text.HAL_GPIO_Init
                0x0800dae0      0x308 ./Drivers/STM32F4xx_HAL_Driver/stm32f4xx_hal_gpio.o
                0x0800dae0                HAL_GPIO_Init
 .text.HAL_GPIO_DeInit
                0x0800dde8      0x1c8 ./Drivers/STM32F4xx_HAL_Driver/stm32f4xx_hal_gpio.o
                0x0800dde8                HAL_GPIO_DeInit
 .text.HAL_GPIO_WritePin
                0x0800dfb0       0x32 ./Drivers/STM32F4xx_HAL_Driver/stm32f4xx_hal_gpio.o
                0x0800dfb0                HAL_GPIO_WritePin
 *fill*         0x0800dfe2        0x2 
 .text.HAL_GPIO_EXTI_IRQHandler
                0x0800dfe4       0x30 ./Drivers/STM32F4xx_HAL_Driver/stm32f4xx_hal_gpio.o
                0x0800dfe4                HAL_GPIO_EXTI_IRQHandler
 .text.HAL_GPIO_EXTI_Callback
                0x0800e014       0x16 ./Drivers/STM32F4xx_HAL_Driver/stm32f4xx_hal_gpio.o
                0x0800e014                HAL_GPIO_EXTI_Callback
 *fill*         0x0800e02a        0x2 
 .text.HAL_I2C_Init
                0x0800e02c      0x288 ./Drivers/STM32F4xx_HAL_Driver/stm32f4xx_hal_i2c.o
                0x0800e02c                HAL_I2C_Init
 .text.HAL_I2C_DeInit
                0x0800e2b4       0x5e ./Drivers/STM32F4xx_HAL_Driver/stm32f4xx_hal_i2c.o
                0x0800e2b4                HAL_I2C_DeInit
 .text.HAL_I2C_MspInit
                0x0800e312       0x14 ./Drivers/STM32F4xx_HAL_Driver/stm32f4xx_hal_i2c.o
                0x0800e312                HAL_I2C_MspInit
 .text.HAL_I2C_MspDeInit
                0x0800e326       0x14 ./Drivers/STM32F4xx_HAL_Driver/stm32f4xx_hal_i2c.o
                0x0800e326                HAL_I2C_MspDeInit
 *fill*         0x0800e33a        0x2 
 .text.HAL_I2C_Master_Transmit
                0x0800e33c      0x1fc ./Drivers/STM32F4xx_HAL_Driver/stm32f4xx_hal_i2c.o
                0x0800e33c                HAL_I2C_Master_Transmit
 .text.HAL_I2C_Master_Receive
                0x0800e538      0x464 ./Drivers/STM32F4xx_HAL_Driver/stm32f4xx_hal_i2c.o
                0x0800e538                HAL_I2C_Master_Receive
 .text.HAL_I2C_Mem_Write
                0x0800e99c      0x1f4 ./Drivers/STM32F4xx_HAL_Driver/stm32f4xx_hal_i2c.o
                0x0800e99c                HAL_I2C_Mem_Write
 .text.HAL_I2C_Mem_Read
                0x0800eb90      0x464 ./Drivers/STM32F4xx_HAL_Driver/stm32f4xx_hal_i2c.o
                0x0800eb90                HAL_I2C_Mem_Read
 .text.HAL_I2C_GetState
                0x0800eff4       0x1c ./Drivers/STM32F4xx_HAL_Driver/stm32f4xx_hal_i2c.o
                0x0800eff4                HAL_I2C_GetState
 .text.HAL_I2C_GetError
                0x0800f010       0x18 ./Drivers/STM32F4xx_HAL_Driver/stm32f4xx_hal_i2c.o
                0x0800f010                HAL_I2C_GetError
 .text.I2C_MasterRequestWrite
                0x0800f028      0x104 ./Drivers/STM32F4xx_HAL_Driver/stm32f4xx_hal_i2c.o
 .text.I2C_MasterRequestRead
                0x0800f12c      0x19c ./Drivers/STM32F4xx_HAL_Driver/stm32f4xx_hal_i2c.o
 .text.I2C_RequestMemoryWrite
                0x0800f2c8      0x12c ./Drivers/STM32F4xx_HAL_Driver/stm32f4xx_hal_i2c.o
 .text.I2C_RequestMemoryRead
                0x0800f3f4      0x1d0 ./Drivers/STM32F4xx_HAL_Driver/stm32f4xx_hal_i2c.o
 .text.I2C_WaitOnFlagUntilTimeout
                0x0800f5c4       0xf4 ./Drivers/STM32F4xx_HAL_Driver/stm32f4xx_hal_i2c.o
 .text.I2C_WaitOnMasterAddressFlagUntilTimeout
                0x0800f6b8      0x140 ./Drivers/STM32F4xx_HAL_Driver/stm32f4xx_hal_i2c.o
 .text.I2C_WaitOnTXEFlagUntilTimeout
                0x0800f7f8       0x90 ./Drivers/STM32F4xx_HAL_Driver/stm32f4xx_hal_i2c.o
 .text.I2C_WaitOnBTFFlagUntilTimeout
                0x0800f888       0x90 ./Drivers/STM32F4xx_HAL_Driver/stm32f4xx_hal_i2c.o
 .text.I2C_WaitOnRXNEFlagUntilTimeout
                0x0800f918       0xba ./Drivers/STM32F4xx_HAL_Driver/stm32f4xx_hal_i2c.o
 .text.I2C_IsAcknowledgeFailed
                0x0800f9d2       0x5e ./Drivers/STM32F4xx_HAL_Driver/stm32f4xx_hal_i2c.o
 .text.HAL_RCC_OscConfig
                0x0800fa30      0x4f0 ./Drivers/STM32F4xx_HAL_Driver/stm32f4xx_hal_rcc.o
                0x0800fa30                HAL_RCC_OscConfig
 .text.HAL_RCC_ClockConfig
                0x0800ff20      0x1cc ./Drivers/STM32F4xx_HAL_Driver/stm32f4xx_hal_rcc.o
                0x0800ff20                HAL_RCC_ClockConfig
 .text.HAL_RCC_GetSysClockFreq
                0x080100ec      0x20c ./Drivers/STM32F4xx_HAL_Driver/stm32f4xx_hal_rcc.o
                0x080100ec                HAL_RCC_GetSysClockFreq
 .text.HAL_RCC_GetHCLKFreq
                0x080102f8       0x18 ./Drivers/STM32F4xx_HAL_Driver/stm32f4xx_hal_rcc.o
                0x080102f8                HAL_RCC_GetHCLKFreq
 .text.HAL_RCC_GetPCLK1Freq
                0x08010310       0x28 ./Drivers/STM32F4xx_HAL_Driver/stm32f4xx_hal_rcc.o
                0x08010310                HAL_RCC_GetPCLK1Freq
 .text.HAL_RCC_GetPCLK2Freq
                0x08010338       0x28 ./Drivers/STM32F4xx_HAL_Driver/stm32f4xx_hal_rcc.o
                0x08010338                HAL_RCC_GetPCLK2Freq
 .text.HAL_RCCEx_PeriphCLKConfig
                0x08010360      0x1dc ./Drivers/STM32F4xx_HAL_Driver/stm32f4xx_hal_rcc_ex.o
                0x08010360                HAL_RCCEx_PeriphCLKConfig
 .text.HAL_RTC_Init
                0x0801053c      0x106 ./Drivers/STM32F4xx_HAL_Driver/stm32f4xx_hal_rtc.o
                0x0801053c                HAL_RTC_Init
 .text.HAL_RTC_SetTime
                0x08010642      0x134 ./Drivers/STM32F4xx_HAL_Driver/stm32f4xx_hal_rtc.o
                0x08010642                HAL_RTC_SetTime
 .text.HAL_RTC_GetTime
                0x08010776       0xbc ./Drivers/STM32F4xx_HAL_Driver/stm32f4xx_hal_rtc.o
                0x08010776                HAL_RTC_GetTime
 .text.HAL_RTC_SetDate
                0x08010832      0x108 ./Drivers/STM32F4xx_HAL_Driver/stm32f4xx_hal_rtc.o
                0x08010832                HAL_RTC_SetDate
 .text.HAL_RTC_GetDate
                0x0801093a       0x9e ./Drivers/STM32F4xx_HAL_Driver/stm32f4xx_hal_rtc.o
                0x0801093a                HAL_RTC_GetDate
 .text.HAL_RTC_WaitForSynchro
                0x080109d8       0x4c ./Drivers/STM32F4xx_HAL_Driver/stm32f4xx_hal_rtc.o
                0x080109d8                HAL_RTC_WaitForSynchro
 .text.RTC_EnterInitMode
                0x08010a24       0x6e ./Drivers/STM32F4xx_HAL_Driver/stm32f4xx_hal_rtc.o
                0x08010a24                RTC_EnterInitMode
 .text.RTC_ExitInitMode
                0x08010a92       0x4a ./Drivers/STM32F4xx_HAL_Driver/stm32f4xx_hal_rtc.o
                0x08010a92                RTC_ExitInitMode
 .text.RTC_ByteToBcd2
                0x08010adc       0x3c ./Drivers/STM32F4xx_HAL_Driver/stm32f4xx_hal_rtc.o
                0x08010adc                RTC_ByteToBcd2
 .text.RTC_Bcd2ToByte
                0x08010b18       0x3c ./Drivers/STM32F4xx_HAL_Driver/stm32f4xx_hal_rtc.o
                0x08010b18                RTC_Bcd2ToByte
 .text.HAL_TIM_Base_Init
                0x08010b54       0x9e ./Drivers/STM32F4xx_HAL_Driver/stm32f4xx_hal_tim.o
                0x08010b54                HAL_TIM_Base_Init
 *fill*         0x08010bf2        0x2 
 .text.HAL_TIM_Base_Start_IT
                0x08010bf4       0xc4 ./Drivers/STM32F4xx_HAL_Driver/stm32f4xx_hal_tim.o
                0x08010bf4                HAL_TIM_Base_Start_IT
 .text.HAL_TIM_Base_Stop_IT
                0x08010cb8       0x5e ./Drivers/STM32F4xx_HAL_Driver/stm32f4xx_hal_tim.o
                0x08010cb8                HAL_TIM_Base_Stop_IT
 .text.HAL_TIM_IRQHandler
                0x08010d16      0x1e0 ./Drivers/STM32F4xx_HAL_Driver/stm32f4xx_hal_tim.o
                0x08010d16                HAL_TIM_IRQHandler
 .text.HAL_TIM_ConfigClockSource
                0x08010ef6      0x18e ./Drivers/STM32F4xx_HAL_Driver/stm32f4xx_hal_tim.o
                0x08010ef6                HAL_TIM_ConfigClockSource
 .text.HAL_TIM_OC_DelayElapsedCallback
                0x08011084       0x14 ./Drivers/STM32F4xx_HAL_Driver/stm32f4xx_hal_tim.o
                0x08011084                HAL_TIM_OC_DelayElapsedCallback
 .text.HAL_TIM_IC_CaptureCallback
                0x08011098       0x14 ./Drivers/STM32F4xx_HAL_Driver/stm32f4xx_hal_tim.o
                0x08011098                HAL_TIM_IC_CaptureCallback
 .text.HAL_TIM_PWM_PulseFinishedCallback
                0x080110ac       0x14 ./Drivers/STM32F4xx_HAL_Driver/stm32f4xx_hal_tim.o
                0x080110ac                HAL_TIM_PWM_PulseFinishedCallback
 .text.HAL_TIM_TriggerCallback
                0x080110c0       0x14 ./Drivers/STM32F4xx_HAL_Driver/stm32f4xx_hal_tim.o
                0x080110c0                HAL_TIM_TriggerCallback
 .text.TIM_Base_SetConfig
                0x080110d4      0x118 ./Drivers/STM32F4xx_HAL_Driver/stm32f4xx_hal_tim.o
                0x080110d4                TIM_Base_SetConfig
 .text.TIM_TI1_ConfigInputStage
                0x080111ec       0x5e ./Drivers/STM32F4xx_HAL_Driver/stm32f4xx_hal_tim.o
 .text.TIM_TI2_ConfigInputStage
                0x0801124a       0x60 ./Drivers/STM32F4xx_HAL_Driver/stm32f4xx_hal_tim.o
 .text.TIM_ITRx_SetConfig
                0x080112aa       0x36 ./Drivers/STM32F4xx_HAL_Driver/stm32f4xx_hal_tim.o
 .text.TIM_ETR_SetConfig
                0x080112e0       0x40 ./Drivers/STM32F4xx_HAL_Driver/stm32f4xx_hal_tim.o
                0x080112e0                TIM_ETR_SetConfig
 .text.HAL_TIMEx_MasterConfigSynchronization
                0x08011320       0xdc ./Drivers/STM32F4xx_HAL_Driver/stm32f4xx_hal_tim_ex.o
                0x08011320                HAL_TIMEx_MasterConfigSynchronization
 .text.HAL_TIMEx_CommutCallback
                0x080113fc       0x14 ./Drivers/STM32F4xx_HAL_Driver/stm32f4xx_hal_tim_ex.o
                0x080113fc                HAL_TIMEx_CommutCallback
 .text.HAL_TIMEx_BreakCallback
                0x08011410       0x14 ./Drivers/STM32F4xx_HAL_Driver/stm32f4xx_hal_tim_ex.o
                0x08011410                HAL_TIMEx_BreakCallback
 .text.HAL_UART_Init
                0x08011424       0xa0 ./Drivers/STM32F4xx_HAL_Driver/stm32f4xx_hal_uart.o
                0x08011424                HAL_UART_Init
 .text.HAL_UART_MspInit
                0x080114c4       0x14 ./Drivers/STM32F4xx_HAL_Driver/stm32f4xx_hal_uart.o
                0x080114c4                HAL_UART_MspInit
 .text.HAL_UART_Transmit
                0x080114d8      0x116 ./Drivers/STM32F4xx_HAL_Driver/stm32f4xx_hal_uart.o
                0x080114d8                HAL_UART_Transmit
 .text.HAL_UART_Receive_DMA
                0x080115ee       0x4a ./Drivers/STM32F4xx_HAL_Driver/stm32f4xx_hal_uart.o
                0x080115ee                HAL_UART_Receive_DMA
 .text.HAL_UART_RxCpltCallback
                0x08011638       0x14 ./Drivers/STM32F4xx_HAL_Driver/stm32f4xx_hal_uart.o
                0x08011638                HAL_UART_RxCpltCallback
 .text.HAL_UART_RxHalfCpltCallback
                0x0801164c       0x14 ./Drivers/STM32F4xx_HAL_Driver/stm32f4xx_hal_uart.o
                0x0801164c                HAL_UART_RxHalfCpltCallback
 .text.HAL_UART_ErrorCallback
                0x08011660       0x14 ./Drivers/STM32F4xx_HAL_Driver/stm32f4xx_hal_uart.o
                0x08011660                HAL_UART_ErrorCallback
 .text.HAL_UARTEx_RxEventCallback
                0x08011674       0x18 ./Drivers/STM32F4xx_HAL_Driver/stm32f4xx_hal_uart.o
                0x08011674                HAL_UARTEx_RxEventCallback
 .text.UART_DMAReceiveCplt
                0x0801168c      0x12c ./Drivers/STM32F4xx_HAL_Driver/stm32f4xx_hal_uart.o
 .text.UART_DMARxHalfCplt
                0x080117b8       0x3c ./Drivers/STM32F4xx_HAL_Driver/stm32f4xx_hal_uart.o
 .text.UART_DMAError
                0x080117f4       0x94 ./Drivers/STM32F4xx_HAL_Driver/stm32f4xx_hal_uart.o
 .text.UART_WaitOnFlagUntilTimeout
                0x08011888       0xb2 ./Drivers/STM32F4xx_HAL_Driver/stm32f4xx_hal_uart.o
 *fill*         0x0801193a        0x2 
 .text.UART_Start_Receive_DMA
                0x0801193c      0x134 ./Drivers/STM32F4xx_HAL_Driver/stm32f4xx_hal_uart.o
                0x0801193c                UART_Start_Receive_DMA
 .text.UART_EndTxTransfer
                0x08011a70       0x50 ./Drivers/STM32F4xx_HAL_Driver/stm32f4xx_hal_uart.o
 .text.UART_EndRxTransfer
                0x08011ac0       0xc6 ./Drivers/STM32F4xx_HAL_Driver/stm32f4xx_hal_uart.o
 *fill*         0x08011b86        0x2 
 .text.UART_SetConfig
                0x08011b88      0x4e8 ./Drivers/STM32F4xx_HAL_Driver/stm32f4xx_hal_uart.o
 .text.st_accCal_MEMS_EIG3
                0x08012070      0x1e4 ../../../../../../../Middlewares/ST/STM32_MotionAC_Library/Lib\MotionAC_CM4F_wc32_ot_hard.a(motion_ac.o)
 .text.getAccStats.constprop.0
                0x08012254      0x1d8 ../../../../../../../Middlewares/ST/STM32_MotionAC_Library/Lib\MotionAC_CM4F_wc32_ot_hard.a(motion_ac.o)
 *fill*         0x0801242c        0x4 
 .text.MEMS_runAccCal.constprop.0
                0x08012430     0x2080 ../../../../../../../Middlewares/ST/STM32_MotionAC_Library/Lib\MotionAC_CM4F_wc32_ot_hard.a(motion_ac.o)
 .text.MotionAC_Initialize
                0x080144b0      0x200 ../../../../../../../Middlewares/ST/STM32_MotionAC_Library/Lib\MotionAC_CM4F_wc32_ot_hard.a(motion_ac.o)
                0x080144b0                MotionAC_Initialize
 .text.MotionAC_Update