Archive member included to satisfy reference by file (symbol)

../../../../../../../Middlewares/ST/STM32_MotionMC_Library/Lib\MotionMC_CM4F_wc32_ot_hard.a(motion_mc.o)
                              ./Application/User/motion_mc_manager.o (MotionMC_Initialize)
C:/ST/STM32CubeIDE_1.19.0/STM32CubeIDE/plugins/com.st.stm32cube.ide.mcu.externaltools.gnu-tools-for-stm32.13.3.rel1.win32_1.0.0.202411081344/tools/bin/../lib/gcc/arm-none-eabi/13.3.1/../../../../arm-none-eabi/lib/thumb/v7e-m+fp/hard\libc_nano.a(libc_a-exit.o)
                              C:/ST/STM32CubeIDE_1.19.0/STM32CubeIDE/plugins/com.st.stm32cube.ide.mcu.externaltools.gnu-tools-for-stm32.13.3.rel1.win32_1.0.0.202411081344/tools/bin/../lib/gcc/arm-none-eabi/13.3.1/../../../../arm-none-eabi/lib/thumb/v7e-m+fp/hard/crt0.o (exit)
C:/ST/STM32CubeIDE_1.19.0/STM32CubeIDE/plugins/com.st.stm32cube.ide.mcu.externaltools.gnu-tools-for-stm32.13.3.rel1.win32_1.0.0.202411081344/tools/bin/../lib/gcc/arm-none-eabi/13.3.1/../../../../arm-none-eabi/lib/thumb/v7e-m+fp/hard\libc_nano.a(libc_a-findfp.o)
                              C:/ST/STM32CubeIDE_1.19.0/STM32CubeIDE/plugins/com.st.stm32cube.ide.mcu.externaltools.gnu-tools-for-stm32.13.3.rel1.win32_1.0.0.202411081344/tools/bin/../lib/gcc/arm-none-eabi/13.3.1/../../../../arm-none-eabi/lib/thumb/v7e-m+fp/hard\libc_nano.a(libc_a-exit.o) (__stdio_exit_handler)
C:/ST/STM32CubeIDE_1.19.0/STM32CubeIDE/plugins/com.st.stm32cube.ide.mcu.externaltools.gnu-tools-for-stm32.13.3.rel1.win32_1.0.0.202411081344/tools/bin/../lib/gcc/arm-none-eabi/13.3.1/../../../../arm-none-eabi/lib/thumb/v7e-m+fp/hard\libc_nano.a(libc_a-fwalk.o)
                              C:/ST/STM32CubeIDE_1.19.0/STM32CubeIDE/plugins/com.st.stm32cube.ide.mcu.externaltools.gnu-tools-for-stm32.13.3.rel1.win32_1.0.0.202411081344/tools/bin/../lib/gcc/arm-none-eabi/13.3.1/../../../../arm-none-eabi/lib/thumb/v7e-m+fp/hard\libc_nano.a(libc_a-findfp.o) (_fwalk_sglue)
C:/ST/STM32CubeIDE_1.19.0/STM32CubeIDE/plugins/com.st.stm32cube.ide.mcu.externaltools.gnu-tools-for-stm32.13.3.rel1.win32_1.0.0.202411081344/tools/bin/../lib/gcc/arm-none-eabi/13.3.1/../../../../arm-none-eabi/lib/thumb/v7e-m+fp/hard\libc_nano.a(libc_a-snprintf.o)
                              ./Application/User/demo_serial.o (snprintf)
C:/ST/STM32CubeIDE_1.19.0/STM32CubeIDE/plugins/com.st.stm32cube.ide.mcu.externaltools.gnu-tools-for-stm32.13.3.rel1.win32_1.0.0.202411081344/tools/bin/../lib/gcc/arm-none-eabi/13.3.1/../../../../arm-none-eabi/lib/thumb/v7e-m+fp/hard\libc_nano.a(libc_a-stdio.o)
                              C:/ST/STM32CubeIDE_1.19.0/STM32CubeIDE/plugins/com.st.stm32cube.ide.mcu.externaltools.gnu-tools-for-stm32.13.3.rel1.win32_1.0.0.202411081344/tools/bin/../lib/gcc/arm-none-eabi/13.3.1/../../../../arm-none-eabi/lib/thumb/v7e-m+fp/hard\libc_nano.a(libc_a-findfp.o) (__sread)
C:/ST/STM32CubeIDE_1.19.0/STM32CubeIDE/plugins/com.st.stm32cube.ide.mcu.externaltools.gnu-tools-for-stm32.13.3.rel1.win32_1.0.0.202411081344/tools/bin/../lib/gcc/arm-none-eabi/13.3.1/../../../../arm-none-eabi/lib/thumb/v7e-m+fp/hard\libc_nano.a(libc_a-memset.o)
                              C:/ST/STM32CubeIDE_1.19.0/STM32CubeIDE/plugins/com.st.stm32cube.ide.mcu.externaltools.gnu-tools-for-stm32.13.3.rel1.win32_1.0.0.202411081344/tools/bin/../lib/gcc/arm-none-eabi/13.3.1/../../../../arm-none-eabi/lib/thumb/v7e-m+fp/hard/crt0.o (memset)
C:/ST/STM32CubeIDE_1.19.0/STM32CubeIDE/plugins/com.st.stm32cube.ide.mcu.externaltools.gnu-tools-for-stm32.13.3.rel1.win32_1.0.0.202411081344/tools/bin/../lib/gcc/arm-none-eabi/13.3.1/../../../../arm-none-eabi/lib/thumb/v7e-m+fp/hard\libc_nano.a(libc_a-closer.o)
                              C:/ST/STM32CubeIDE_1.19.0/STM32CubeIDE/plugins/com.st.stm32cube.ide.mcu.externaltools.gnu-tools-for-stm32.13.3.rel1.win32_1.0.0.202411081344/tools/bin/../lib/gcc/arm-none-eabi/13.3.1/../../../../arm-none-eabi/lib/thumb/v7e-m+fp/hard\libc_nano.a(libc_a-stdio.o) (_close_r)
C:/ST/STM32CubeIDE_1.19.0/STM32CubeIDE/plugins/com.st.stm32cube.ide.mcu.externaltools.gnu-tools-for-stm32.13.3.rel1.win32_1.0.0.202411081344/tools/bin/../lib/gcc/arm-none-eabi/13.3.1/../../../../arm-none-eabi/lib/thumb/v7e-m+fp/hard\libc_nano.a(libc_a-reent.o)
                              C:/ST/STM32CubeIDE_1.19.0/STM32CubeIDE/plugins/com.st.stm32cube.ide.mcu.externaltools.gnu-tools-for-stm32.13.3.rel1.win32_1.0.0.202411081344/tools/bin/../lib/gcc/arm-none-eabi/13.3.1/../../../../arm-none-eabi/lib/thumb/v7e-m+fp/hard\libc_nano.a(libc_a-closer.o) (errno)
C:/ST/STM32CubeIDE_1.19.0/STM32CubeIDE/plugins/com.st.stm32cube.ide.mcu.externaltools.gnu-tools-for-stm32.13.3.rel1.win32_1.0.0.202411081344/tools/bin/../lib/gcc/arm-none-eabi/13.3.1/../../../../arm-none-eabi/lib/thumb/v7e-m+fp/hard\libc_nano.a(libc_a-impure.o)
[...]
Memory Configuration

Name             Origin             Length             Attributes
RAM              0x20000000         0x00018000         xrw
FLASH            0x08000000         0x00080000         xr
*default*        0x00000000         0xffffffff

Linker script and memory map

LOAD C:/ST/STM32CubeIDE_1.19.0/STM32CubeIDE/plugins/com.st.stm32cube.ide.mcu.externaltools.gnu-tools-for-stm32.13.3.rel1.win32_1.0.0.202411081344/tools/bin/../lib/gcc/arm-none-eabi/13.3.1/thumb/v7e-m+fp/hard/crti.o
LOAD C:/ST/STM32CubeIDE_1.19.0/STM32CubeIDE/plugins/com.st.stm32cube.ide.mcu.externaltools.gnu-tools-for-stm32.13.3.rel1.win32_1.0.0.202411081344/tools/bin/../lib/gcc/arm-none-eabi/13.3.1/thumb/v7e-m+fp/hard/crtbegin.o
LOAD C:/ST/STM32CubeIDE_1.19.0/STM32CubeIDE/plugins/com.st.stm32cube.ide.mcu.externaltools.gnu-tools-for-stm32.13.3.rel1.win32_1.0.0.202411081344/tools/bin/../lib/gcc/arm-none-eabi/13.3.1/../../../../arm-none-eabi/lib/thumb/v7e-m+fp/hard/crt0.o
LOAD ./Application/Startup/startup_stm32f401retx.o
LOAD ./Application/User/app_mems.o
LOAD ./Application/User/com.o
LOAD ./Application/User/demo_serial.o
LOAD ./Application/User/iks4a1_mems_control.o
LOAD ./Application/User/iks4a1_mems_control_ex.o
LOAD ./Application/User/main.o
LOAD ./Application/User/motion_mc_manager.o
LOAD ./Application/User/serial_protocol.o
LOAD ./Application/User/stm32f4xx_hal_msp.o
LOAD ./Application/User/stm32f4xx_it.o
LOAD ./Application/User/stm32f4xx_nucleo.o
LOAD ./Application/User/stm32f4xx_nucleo_bus.o
LOAD ./Application/User/syscalls.o
LOAD ./Application/User/sysmem.o
LOAD ./Drivers/BSP/Components/lis2duxs12.o
LOAD ./Drivers/BSP/Components/lis2duxs12_reg.o
LOAD ./Drivers/BSP/Components/lis2mdl.o
LOAD ./Drivers/BSP/Components/lis2mdl_reg.o
LOAD ./Drivers/BSP/Components/lps22df.o
LOAD ./Drivers/BSP/Components/lps22df_reg.o
LOAD ./Drivers/BSP/Components/lsm6dso16is.o
LOAD ./Drivers/BSP/Components/lsm6dso16is_reg.o
LOAD ./Drivers/BSP/Components/lsm6dsv16x.o
LOAD ./Drivers/BSP/Components/lsm6dsv16x_reg.o
LOAD ./Drivers/BSP/Components/sht40ad1b.o
LOAD ./Drivers/BSP/Components/sht40ad1b_reg.o
LOAD ./Drivers/BSP/Components/stts22h.o
LOAD ./Drivers/BSP/Components/stts22h_reg.o
LOAD ./Drivers/BSP/IKS4A1/iks4a1_env_sensors.o
LOAD ./Drivers/BSP/IKS4A1/iks4a1_env_sensors_ex.o
LOAD ./Drivers/BSP/IKS4A1/iks4a1_motion_sensors.o
LOAD ./Drivers/BSP/IKS4A1/iks4a1_motion_sensors_ex.o
LOAD ./Drivers/CMSIS/system_stm32f4xx.o
LOAD ./Drivers/STM32F4xx_HAL_Driver/stm32f4xx_hal.o
LOAD ./Drivers/STM32F4xx_HAL_Driver/stm32f4xx_hal_cortex.o
LOAD ./Drivers/STM32F4xx_HAL_Driver/stm32f4xx_hal_crc.o
LOAD ./Drivers/STM32F4xx_HAL_Driver/stm32f4xx_hal_dma.o
LOAD ./Drivers/STM32F4xx_HAL_Driver/stm32f4xx_hal_dma_ex.o
LOAD ./Drivers/STM32F4xx_HAL_Driver/stm32f4xx_hal_exti.o
LOAD ./Drivers/STM32F4xx_HAL_Driver/stm32f4xx_hal_flash.o
LOAD ./Drivers/STM32F4xx_HAL_Driver/stm32f4xx_hal_flash_ex.o
LOAD ./Drivers/STM32F4xx_HAL_Driver/stm32f4xx_hal_flash_ramfunc.o
LOAD ./Drivers/STM32F4xx_HAL_Driver/stm32f4xx_hal_gpio.o
LOAD ./Drivers/STM32F4xx_HAL_Driver/stm32f4xx_hal_i2c.o
LOAD ./Drivers/STM32F4xx_HAL_Driver/stm32f4xx_hal_i2c_ex.o
LOAD ./Drivers/STM32F4xx_HAL_Driver/stm32f4xx_hal_pwr.o
LOAD ./Drivers/STM32F4xx_HAL_Driver/stm32f4xx_hal_pwr_ex.o
LOAD ./Drivers/STM32F4xx_HAL_Driver/stm32f4xx_hal_rcc.o
LOAD ./Drivers/STM32F4xx_HAL_Driver/stm32f4xx_hal_rcc_ex.o
LOAD ./Drivers/STM32F4xx_HAL_Driver/stm32f4xx_hal_rtc.o
LOAD ./Drivers/STM32F4xx_HAL_Driver/stm32f4xx_hal_rtc_ex.o
LOAD ./Drivers/STM32F4xx_HAL_Driver/stm32f4xx_hal_tim.o
LOAD ./Drivers/STM32F4xx_HAL_Driver/stm32f4xx_hal_tim_ex.o
LOAD ./Drivers/STM32F4xx_HAL_Driver/stm32f4xx_hal_uart.o
LOAD ../../../../../../../Middlewares/ST/STM32_MotionMC_Library/Lib\MotionMC_CM4F_wc32_ot_hard.a
START GROUP
LOAD C:/ST/STM32CubeIDE_1.19.0/STM32CubeIDE/plugins/com.st.stm32cube.ide.mcu.externaltools.gnu-tools-for-stm32.13.3.rel1.win32_1.0.0.202411081344/tools/bin/../lib/gcc/arm-none-eabi/13.3.1/../../../../arm-none-eabi/lib/thumb/v7e-m+fp/hard\libc_nano.a
LOAD C:/ST/STM32CubeIDE_1.19.0/STM32CubeIDE/plugins/com.st.stm32cube.ide.mcu.externaltools.gnu-tools-for-stm32.13.3.rel1.win32_1.0.0.202411081344/tools/bin/../lib/gcc/arm-none-eabi/13.3.1/../../../../arm-none-eabi/lib/thumb/v7e-m+fp/hard\libm.a
END GROUP
START GROUP
LOAD C:/ST/STM32CubeIDE_1.19.0/STM32CubeIDE/plugins/com.st.stm32cube.ide.mcu.externaltools.gnu-tools-for-stm32.13.3.rel1.win32_1.0.0.202411081344/tools/bin/../lib/gcc/arm-none-eabi/13.3.1/thumb/v7e-m+fp/hard\libgcc.a
LOAD C:/ST/STM32CubeIDE_1.19.0/STM32CubeIDE/plugins/com.st.stm32cube.ide.mcu.externaltools.gnu-tools-for-stm32.13.3.rel1.win32_1.0.0.202411081344/tools/bin/../lib/gcc/arm-none-eabi/13.3.1/../../../../arm-none-eabi/lib/thumb/v7e-m+fp/hard\libc_nano.a
END GROUP
START GROUP
LOAD C:/ST/STM32CubeIDE_1.19.0/STM32CubeIDE/plugins/com.st.stm32cube.ide.mcu.externaltools.gnu-tools-for-stm32.13.3.rel1.win32_1.0.0.202411081344/tools/bin/../lib/gcc/arm-none-eabi/13.3.1/thumb/v7e-m+fp/hard\libgcc.a
LOAD C:/ST/STM32CubeIDE_1.19.0/STM32CubeIDE/plugins/com.st.stm32cube.ide.mcu.externaltools.gnu-tools-for-stm32.13.3.rel1.win32_1.0.0.202411081344/tools/bin/../lib/gcc/arm-none-eabi/13.3.1/../../../../arm-none-eabi/lib/thumb/v7e-m+fp/hard\libc_nano.a
LOAD C:/ST/STM32CubeIDE_1.19.0/STM32CubeIDE/plugins/com.st.stm32cube.ide.mcu.externaltools.gnu-tools-for-stm32.13.3.rel1.win32_1.0.0.202411081344/tools/bin/../lib/gcc/arm-none-eabi/13.3.1/../../../../arm-none-eabi/lib/thumb/v7e-m+fp/hard\libnosys.a
END GROUP
START GROUP
LOAD C:/ST/STM32CubeIDE_1.19.0/STM32CubeIDE/plugins/com.st.stm32cube.ide.mcu.externaltools.gnu-tools-for-stm32.13.3.rel1.win32_1.0.0.202411081344/tools/bin/../lib/gcc/arm-none-eabi/13.3.1/thumb/v7e-m+fp/hard\libgcc.a
LOAD C:/ST/STM32CubeIDE_1.19.0/STM32CubeIDE/plugins/com.st.stm32cube.ide.mcu.externaltools.gnu-tools-for-stm32.13.3.rel1.win32_1.0.0.202411081344/tools/bin/../lib/gcc/arm-none-eabi/13.3.1/../../../../arm-none-eabi/lib/thumb/v7e-m+fp/hard\libc_nano.a
LOAD C:/ST/STM32CubeIDE_1.19.0/STM32CubeIDE/plugins/com.st.stm32cube.ide.mcu.externaltools.gnu-tools-for-stm32.13.3.rel1.win32_1.0.0.202411081344/tools/bin/../lib/gcc/arm-none-eabi/13.3.1/../../../../arm-none-eabi/lib/thumb/v7e-m+fp/hard\libnosys.a
END GROUP
LOAD C:/ST/STM32CubeIDE_1.19.0/STM32CubeIDE/plugins/com.st.stm32cube.ide.mcu.externaltools.gnu-tools-for-stm32.13.3.rel1.win32_1.0.0.202411081344/tools/bin/../lib/gcc/arm-none-eabi/13.3.1/thumb/v7e-m+fp/hard/crtend.o
LOAD C:/ST/STM32CubeIDE_1.19.0/STM32CubeIDE/plugins/com.st.stm32cube.ide.mcu.externaltools.gnu-tools-for-stm32.13.3.rel1.win32_1.0.0.202411081344/tools/bin/../lib/gcc/arm-none-eabi/13.3.1/thumb/v7e-m+fp/hard/crtn.o
                0x20018000                        _estack = (ORIGIN (RAM) + LENGTH (RAM))
                0x00000200                        _Min_Heap_Size = 0x200
                0x00008000                        _Min_Stack_Size = 0x8000

.isr_vector     0x08000000      0x194
                0x08000000                        . = ALIGN (0x4)
 *(.isr_vector)
 .isr_vector    0x08000000      0x194 ./Application/Startup/startup_stm32f401retx.o
                0x08000000                g_pfnVectors
                0x08000194                        . = ALIGN (0x4)

.text           0x080001a0    0x1c0a8
                0x080001a0                        . = ALIGN (0x4)
 *(.text)
 .text          0x080001a0       0x40 C:/ST/STM32CubeIDE_1.19.0/STM32CubeIDE/plugins/com.st.stm32cube.ide.mcu.externaltools.gnu-tools-for-stm32.13.3.rel1.win32_1.0.0.202411081344/tools/bin/../lib/gcc/arm-none-eabi/13.3.1/thumb/v7e-m+fp/hard/crtbegin.o
 .text          0x080001e0       0xa0 C:/ST/STM32CubeIDE_1.19.0/STM32CubeIDE/plugins/com.st.stm32cube.ide.mcu.externaltools.gnu-tools-for-stm32.13.3.rel1.win32_1.0.0.202411081344/tools/bin/../lib/gcc/arm-none-eabi/13.3.1/../../../../arm-none-eabi/lib/thumb/v7e-m+fp/hard\libc_nano.a(libc_a-memchr.o)
                0x080001e0                memchr
 .text          0x08000280      0x254 C:/ST/STM32CubeIDE_1.19.0/STM32CubeIDE/plugins/com.st.stm32cube.ide.mcu.externaltools.gnu-tools-for-stm32.13.3.rel1.win32_1.0.0.202411081344/tools/bin/../lib/gcc/arm-none-eabi/13.3.1/thumb/v7e-m+fp/hard\libgcc.a(_arm_muldf3.o)
                0x08000280                __muldf3
                0x08000280                __aeabi_dmul
 .text          0x080004d4      0x378 C:/ST/STM32CubeIDE_1.19.0/STM32CubeIDE/plugins/com.st.stm32cube.ide.mcu.externaltools.gnu-tools-for-stm32.13.3.rel1.win32_1.0.0.202411081344/tools/bin/../lib/gcc/arm-none-eabi/13.3.1/thumb/v7e-m+fp/hard\libgcc.a(_arm_addsubdf3.o)
                0x080004d4                __aeabi_drsub
                0x080004dc                __aeabi_dsub
                0x080004dc                __subdf3
                0x080004e0                __aeabi_dadd
                0x080004e0                __adddf3
                0x08000758                __floatunsidf
                0x08000758                __aeabi_ui2d
                0x08000778                __floatsidf
                0x08000778                __aeabi_i2d
                0x0800079c                __aeabi_f2d
                0x0800079c                __extendsfdf2
                0x080007e0                __floatundidf
                0x080007e0                __aeabi_ul2d
                0x080007f0                __floatdidf
                0x080007f0                __aeabi_l2d
 .text          0x0800084c       0x50 C:/ST/STM32CubeIDE_1.19.0/STM32CubeIDE/plugins/com.st.stm32cube.ide.mcu.externaltools.gnu-tools-for-stm32.13.3.rel1.win32_1.0.0.202411081344/tools/bin/../lib/gcc/arm-none-eabi/13.3.1/thumb/v7e-m+fp/hard\libgcc.a(_arm_fixdfsi.o)
                0x0800084c                __aeabi_d2iz
                0x0800084c                __fixdfsi
 .text          0x0800089c       0xa0 C:/ST/STM32CubeIDE_1.19.0/STM32CubeIDE/plugins/com.st.stm32cube.ide.mcu.externaltools.gnu-tools-for-stm32.13.3.rel1.win32_1.0.0.202411081344/tools/bin/../lib/gcc/arm-none-eabi/13.3.1/thumb/v7e-m+fp/hard\libgcc.a(_arm_truncdfsf2.o)
                0x0800089c                __truncdfsf2
                0x0800089c                __aeabi_d2f
 .text          0x0800093c       0x30 C:/ST/STM32CubeIDE_1.19.0/STM32CubeIDE/plugins/com.st.stm32cube.ide.mcu.externaltools.gnu-tools-for-stm32.13.3.rel1.win32_1.0.0.202411081344/tools/bin/../lib/gcc/arm-none-eabi/13.3.1/thumb/v7e-m+fp/hard\libgcc.a(_aeabi_uldivmod.o)
                0x0800093c                __aeabi_uldivmod
 .text          0x0800096c      0x2f8 C:/ST/STM32CubeIDE_1.19.0/STM32CubeIDE/plugins/com.st.stm32cube.ide.mcu.externaltools.gnu-tools-for-stm32.13.3.rel1.win32_1.0.0.202411081344/tools/bin/../lib/gcc/arm-none-eabi/13.3.1/thumb/v7e-m+fp/hard\libgcc.a(_udivmoddi4.o)
                0x0800096c                __udivmoddi4
 .text          0x08000c64        0x4 C:/ST/STM32CubeIDE_1.19.0/STM32CubeIDE/plugins/com.st.stm32cube.ide.mcu.externaltools.gnu-tools-for-stm32.13.3.rel1.win32_1.0.0.202411081344/tools/bin/../lib/gcc/arm-none-eabi/13.3.1/thumb/v7e-m+fp/hard\libgcc.a(_dvmd_tls.o)
                0x08000c64                __aeabi_idiv0
                0x08000c64                __aeabi_ldiv0
 *(.text*)
 .text.Reset_Handler
                0x08000c68       0x50 ./Application/Startup/startup_stm32f401retx.o
                0x08000c68                Reset_Handler
 .text.Default_Handler
                0x08000cb8        0x2 ./Application/Startup/startup_stm32f401retx.o
                0x08000cb8                RTC_Alarm_IRQHandler
                0x08000cb8                EXTI2_IRQHandler
                0x08000cb8                SPI4_IRQHandler
                0x08000cb8                TIM1_CC_IRQHandler
                0x08000cb8                DMA2_Stream5_IRQHandler
                0x08000cb8                PVD_IRQHandler
                0x08000cb8                SDIO_IRQHandler
                0x08000cb8                TAMP_STAMP_IRQHandler
                0x08000cb8                EXTI3_IRQHandler
                0x08000cb8                TIM1_UP_TIM10_IRQHandler
                0x08000cb8                I2C3_ER_IRQHandler
                0x08000cb8                EXTI0_IRQHandler
                0x08000cb8                I2C2_EV_IRQHandler
                0x08000cb8                DMA1_Stream2_IRQHandler
                0x08000cb8                FPU_IRQHandler
                0x08000cb8                DMA2_Stream2_IRQHandler
                0x08000cb8                SPI1_IRQHandler
                0x08000cb8                TIM1_BRK_TIM9_IRQHandler
                0x08000cb8                DMA2_Stream3_IRQHandler
                0x08000cb8                USART6_IRQHandler
                0x08000cb8                DMA2_Stream0_IRQHandler
                0x08000cb8                TIM4_IRQHandler
                0x08000cb8                I2C1_EV_IRQHandler
                0x08000cb8                DMA1_Stream6_IRQHandler
                0x08000cb8                DMA1_Stream1_IRQHandler
                0x08000cb8                RCC_IRQHandler
                0x08000cb8                Default_Handler
                0x08000cb8                ADC_IRQHandler
                0x08000cb8                DMA1_Stream7_IRQHandler
                0x08000cb8                TIM5_IRQHandler
                0x08000cb8                DMA2_Stream7_IRQHandler
                0x08000cb8                I2C3_EV_IRQHandler
                0x08000cb8                EXTI9_5_IRQHandler
                0x08000cb8                RTC_WKUP_IRQHandler
                0x08000cb8                SPI2_IRQHandler
                0x08000cb8                DMA1_Stream0_IRQHandler
                0x08000cb8                EXTI4_IRQHandler
                0x08000cb8                WWDG_IRQHandler
                0x08000cb8                TIM2_IRQHandler
                0x08000cb8                OTG_FS_WKUP_IRQHandler
                0x08000cb8                TIM1_TRG_COM_TIM11_IRQHandler
                0x08000cb8                EXTI1_IRQHandler
                0x08000cb8                USART2_IRQHandler
                0x08000cb8                I2C2_ER_IRQHandler
                0x08000cb8                DMA2_Stream1_IRQHandler
                0x08000cb8                FLASH_IRQHandler
                0x08000cb8                DMA2_Stream4_IRQHandler
                0x08000cb8                USART1_IRQHandler
                0x08000cb8                OTG_FS_IRQHandler
                0x08000cb8                SPI3_IRQHandler
                0x08000cb8                DMA1_Stream4_IRQHandler
                0x08000cb8                I2C1_ER_IRQHandler
                0x08000cb8                DMA2_Stream6_IRQHandler
                0x08000cb8                DMA1_Stream3_IRQHandler
 .text.MX_MEMS_Init
                0x08000cba        0xc ./Application/User/app_mems.o
                0x08000cba                MX_MEMS_Init
 .text.MX_MEMS_Process
                0x08000cc6        0xc ./Application/User/app_mems.o
                0x08000cc6                MX_MEMS_Process
 *fill*         0x08000cd2        0x2 
 .text.HAL_TIM_PeriodElapsedCallback
                0x08000cd4       0x30 ./Application/User/app_mems.o
                0x08000cd4                HAL_TIM_PeriodElapsedCallback
 .text.MX_MagnetometerCalibration_Init
                0x08000d04       0x58 ./Application/User/app_mems.o
 .text.MX_MagnetometerCalibration_Process
                0x08000d5c       0xd4 ./Application/User/app_mems.o
 .text.Init_Sensors
                0x08000e30       0x34 ./Application/User/app_mems.o
 .text.RTC_Handler
                0x08000e64       0xe8 ./Application/User/app_mems.o
 .text.MC_Data_Handler
                0x08000f4c      0x204 ./Application/User/app_mems.o
 .text.Accelero_Sensor_Handler
                0x08001150       0xb4 ./Application/User/app_mems.o
 .text.Gyro_Sensor_Handler
                0x08001204       0xb4 ./Application/User/app_mems.o
 .text.Magneto_Sensor_Handler
                0x080012b8       0xb4 ./Application/User/app_mems.o
 .text.Pressure_Sensor_Handler
                0x0800136c       0x60 ./Application/User/app_mems.o
 .text.Temperature_Sensor_Handler
                0x080013cc       0x60 ./Application/User/app_mems.o
 .text.Humidity_Sensor_Handler
                0x0800142c       0x60 ./Application/User/app_mems.o
 .text.TIM_Config
                0x0800148c       0x7c ./Application/User/app_mems.o
 .text.DWT_Init
                0x08001508       0x30 ./Application/User/app_mems.o
 .text.DWT_Start
                0x08001538       0x24 ./Application/User/app_mems.o
 .text.DWT_Stop
                0x0800155c       0x50 ./Application/User/app_mems.o
 .text.UART_ReceivedMSG
                0x080015ac      0x16c ./Application/User/com.o
                0x080015ac                UART_ReceivedMSG
 .text.UART_SendMsg
                0x08001718       0x38 ./Application/User/com.o
                0x08001718                UART_SendMsg
 .text.UART_StartReceiveMsg
                0x08001750       0x30 ./Application/User/com.o
                0x08001750                UART_StartReceiveMsg
 .text.Get_DMA_Flag_Status
                0x08001780      0x3c4 ./Application/User/com.o
 .text.Get_DMA_Counter
                0x08001b44       0x1a ./Application/User/com.o
 .text.BUILD_REPLY_HEADER
                0x08001b5e       0x2e ./Application/User/demo_serial.o
                0x08001b5e                BUILD_REPLY_HEADER
 .text.INIT_STREAMING_HEADER
                0x08001b8c       0x34 ./Application/User/demo_serial.o
                0x08001b8c                INIT_STREAMING_HEADER
 .text.HandleMSG
                0x08001bc0      0x6cc ./Application/User/demo_serial.o
                0x08001bc0                HandleMSG
 .text.RTC_DateRegulate
                0x0800228c       0x54 ./Application/User/demo_serial.o
                0x0800228c                RTC_DateRegulate
 .text.RTC_TimeRegulate
                0x080022e0       0x54 ./Application/User/demo_serial.o
                0x080022e0                RTC_TimeRegulate
 .text.Get_PresentationString
                0x08002334       0x78 ./Application/User/demo_serial.o
                0x08002334                Get_PresentationString
 .text.BSP_SENSOR_ACC_Init
                0x080023ac       0x10 ./Application/User/iks4a1_mems_control.o
                0x080023ac                BSP_SENSOR_ACC_Init
 .text.BSP_SENSOR_GYR_Init
                0x080023bc       0x10 ./Application/User/iks4a1_mems_control.o
                0x080023bc                BSP_SENSOR_GYR_Init
 .text.BSP_SENSOR_MAG_Init
                0x080023cc       0x10 ./Application/User/iks4a1_mems_control.o
                0x080023cc                BSP_SENSOR_MAG_Init
 .text.BSP_SENSOR_PRESS_Init
                0x080023dc       0x10 ./Application/User/iks4a1_mems_control.o
                0x080023dc                BSP_SENSOR_PRESS_Init
 .text.BSP_SENSOR_TEMP_Init
                0x080023ec       0x10 ./Application/User/iks4a1_mems_control.o
                0x080023ec                BSP_SENSOR_TEMP_Init
 .text.BSP_SENSOR_HUM_Init
                0x080023fc       0x10 ./Application/User/iks4a1_mems_control.o
                0x080023fc                BSP_SENSOR_HUM_Init
 .text.BSP_SENSOR_ACC_Enable
                0x0800240c       0x10 ./Application/User/iks4a1_mems_control.o
                0x0800240c                BSP_SENSOR_ACC_Enable
 .text.BSP_SENSOR_GYR_Enable
                0x0800241c       0x10 ./Application/User/iks4a1_mems_control.o
                0x0800241c                BSP_SENSOR_GYR_Enable
 .text.BSP_SENSOR_MAG_Enable
                0x0800242c       0x10 ./Application/User/iks4a1_mems_control.o
                0x0800242c                BSP_SENSOR_MAG_Enable
 .text.BSP_SENSOR_PRESS_Enable
                0x0800243c       0x10 ./Application/User/iks4a1_mems_control.o
                0x0800243c                BSP_SENSOR_PRESS_Enable
 .text.BSP_SENSOR_TEMP_Enable
                0x0800244c       0x10 ./Application/User/iks4a1_mems_control.o
                0x0800244c                BSP_SENSOR_TEMP_Enable
 .text.BSP_SENSOR_HUM_Enable
                0x0800245c       0x10 ./Application/User/iks4a1_mems_control.o
                0x0800245c                BSP_SENSOR_HUM_Enable
 .text.BSP_SENSOR_ACC_Disable
                0x0800246c       0x10 ./Application/User/iks4a1_mems_control.o
                0x0800246c                BSP_SENSOR_ACC_Disable
 .text.BSP_SENSOR_GYR_Disable
                0x0800247c       0x10 ./Application/User/iks4a1_mems_control.o
                0x0800247c                BSP_SENSOR_GYR_Disable
 .text.BSP_SENSOR_MAG_Disable
                0x0800248c       0x10 ./Application/User/iks4a1_mems_control.o
                0x0800248c                BSP_SENSOR_MAG_Disable
 .text.BSP_SENSOR_PRESS_Disable
                0x0800249c       0x10 ./Application/User/iks4a1_mems_control.o
                0x0800249c                BSP_SENSOR_PRESS_Disable
 .text.BSP_SENSOR_TEMP_Disable
                0x080024ac       0x10 ./Application/User/iks4a1_mems_control.o
                0x080024ac                BSP_SENSOR_TEMP_Disable
 .text.BSP_SENSOR_HUM_Disable
                0x080024bc       0x10 ./Application/User/iks4a1_mems_control.o
                0x080024bc                BSP_SENSOR_HUM_Disable
 .text.BSP_SENSOR_ACC_GetAxes
                0x080024cc       0x1a ./Application/User/iks4a1_mems_control.o
                0x080024cc                BSP_SENSOR_ACC_GetAxes
 .text.BSP_SENSOR_GYR_GetAxes
                0x080024e6       0x1a ./Application/User/iks4a1_mems_control.o
                0x080024e6                BSP_SENSOR_GYR_GetAxes
 .text.BSP_SENSOR_MAG_GetAxes
                0x08002500       0x1a ./Application/User/iks4a1_mems_control.o
                0x08002500                BSP_SENSOR_MAG_GetAxes
 .text.BSP_SENSOR_PRESS_GetValue
                0x0800251a       0x1a ./Application/User/iks4a1_mems_control.o
                0x0800251a                BSP_SENSOR_PRESS_GetValue
 .text.BSP_SENSOR_TEMP_GetValue
                0x08002534       0x1a ./Application/User/iks4a1_mems_control.o
                0x08002534                BSP_SENSOR_TEMP_GetValue
 .text.BSP_SENSOR_HUM_GetValue
                0x0800254e       0x1a ./Application/User/iks4a1_mems_control.o
                0x0800254e                BSP_SENSOR_HUM_GetValue
 .text.BSP_SENSOR_ACC_SetOutputDataRate
                0x08002568       0x1e ./Application/User/iks4a1_mems_control.o
                0x08002568                BSP_SENSOR_ACC_SetOutputDataRate
 .text.BSP_SENSOR_ACC_SetFullScale
                0x08002586       0x1a ./Application/User/iks4a1_mems_control.o
                0x08002586                BSP_SENSOR_ACC_SetFullScale
 .text.main     0x080025a0       0x26 ./Application/User/main.o
                0x080025a0                main
 *fill*         0x080025c6        0x2 
 .text.SystemClock_Config
                0x080025c8       0xdc ./Application/User/main.o
                0x080025c8                SystemClock_Config
 .text.MX_CRC_Init
                0x080026a4       0x28 ./Application/User/main.o
 .text.MX_RTC_Init
                0x080026cc       0xb4 ./Application/User/main.o
 .text.MX_TIM3_Init
                0x08002780       0x9c ./Application/User/main.o
                0x08002780                MX_TIM3_Init
 .text.MX_DMA_Init
                0x0800281c       0x40 ./Application/User/main.o
 .text.MX_GPIO_Init
                0x0800285c       0xc4 ./Application/User/main.o
 .text.Error_Handler
                0x08002920        0xc ./Application/User/main.o
                0x08002920                Error_Handler
 .text.MotionMC_manager_init
                0x0800292c       0x1e ./Application/User/motion_mc_manager.o
                0x0800292c                MotionMC_manager_init
 .text.MotionMC_manager_update
                0x0800294a       0x16 ./Application/User/motion_mc_manager.o
                0x0800294a                MotionMC_manager_update
 .text.MotionMC_manager_get_params
                0x08002960       0x16 ./Application/User/motion_mc_manager.o
                0x08002960                MotionMC_manager_get_params
 .text.MotionMC_manager_get_version
                0x08002976       0x20 ./Application/User/motion_mc_manager.o
                0x08002976                MotionMC_manager_get_version
 .text.MotionMC_manager_compensate
                0x08002996      0x158 ./Application/User/motion_mc_manager.o
                0x08002996                MotionMC_manager_compensate
 .text.mag_val_to_mGauss
                0x08002aee       0x6a ./Application/User/motion_mc_manager.o
                0x08002aee                mag_val_to_mGauss
 .text.MotionMC_LoadCalFromNVM
                0x08002b58       0x1a ./Application/User/motion_mc_manager.o
                0x08002b58                MotionMC_LoadCalFromNVM
 .text.MotionMC_SaveCalInNVM
                0x08002b72       0x1a ./Application/User/motion_mc_manager.o
                0x08002b72                MotionMC_SaveCalInNVM
 .text.ByteStuffCopyByte
                0x08002b8c       0x56 ./Application/User/serial_protocol.o
                0x08002b8c                ByteStuffCopyByte
 .text.ByteStuffCopy
                0x08002be2       0x5c ./Application/User/serial_protocol.o
                0x08002be2                ByteStuffCopy
 .text.ReverseByteStuffCopyByte2
                0x08002c3e       0x4e ./Application/User/serial_protocol.o
                0x08002c3e                ReverseByteStuffCopyByte2
 .text.CHK_ComputeAndAdd
                0x08002c8c       0x54 ./Application/User/serial_protocol.o
                0x08002c8c                CHK_ComputeAndAdd
 .text.CHK_CheckAndRemove
                0x08002ce0       0x54 ./Application/User/serial_protocol.o
                0x08002ce0                CHK_CheckAndRemove
 .text.Deserialize
                0x08002d34       0x4c ./Application/User/serial_protocol.o
                0x08002d34                Deserialize
 .text.Serialize_s32
                0x08002d80       0x48 ./Application/User/serial_protocol.o
                0x08002d80                Serialize_s32
 .text.FloatToArray
                0x08002dc8       0x1e ./Application/User/serial_protocol.o
                0x08002dc8                FloatToArray
 *fill*         0x08002de6        0x2 
 .text.HAL_MspInit
                0x08002de8       0x50 ./Application/User/stm32f4xx_hal_msp.o
                0x08002de8                HAL_MspInit
 .text.HAL_CRC_MspInit
                0x08002e38       0x44 ./Application/User/stm32f4xx_hal_msp.o
                0x08002e38                HAL_CRC_MspInit
 .text.HAL_RTC_MspInit
                0x08002e7c       0x58 ./Application/User/stm32f4xx_hal_msp.o
                0x08002e7c                HAL_RTC_MspInit
 .text.HAL_TIM_Base_MspInit
                0x08002ed4       0x50 ./Application/User/stm32f4xx_hal_msp.o
                0x08002ed4                HAL_TIM_Base_MspInit
 .text.NMI_Handler
                0x08002f24        0x8 ./Application/User/stm32f4xx_it.o
                0x08002f24                NMI_Handler
 .text.HardFault_Handler
                0x08002f2c        0x8 ./Application/User/stm32f4xx_it.o
                0x08002f2c                HardFault_Handler
 .text.MemManage_Handler
                0x08002f34        0x8 ./Application/User/stm32f4xx_it.o
                0x08002f34                MemManage_Handler
 .text.BusFault_Handler
                0x08002f3c        0x8 ./Application/User/stm32f4xx_it.o
                0x08002f3c                BusFault_Handler
 .text.UsageFault_Handler
                0x08002f44        0x8 ./Application/User/stm32f4xx_it.o
                0x08002f44                UsageFault_Handler
 .text.SVC_Handler
                0x08002f4c        0xe ./Application/User/stm32f4xx_it.o
                0x08002f4c                SVC_Handler
 .text.DebugMon_Handler
                0x08002f5a        0xe ./Application/User/stm32f4xx_it.o
                0x08002f5a                DebugMon_Handler
 .text.PendSV_Handler
                0x08002f68        0xe ./Application/User/stm32f4xx_it.o
                0x08002f68                PendSV_Handler
 .text.SysTick_Handler
                0x08002f76        0xc ./Application/User/stm32f4xx_it.o
                0x08002f76                SysTick_Handler
 *fill*         0x08002f82        0x2 
 .text.DMA1_Stream5_IRQHandler
                0x08002f84       0x14 ./Application/User/stm32f4xx_it.o
                0x08002f84                DMA1_Stream5_IRQHandler
 .text.TIM3_IRQHandler
                0x08002f98       0x14 ./Application/User/stm32f4xx_it.o
                0x08002f98                TIM3_IRQHandler
 .text.EXTI15_10_IRQHandler
                0x08002fac       0x10 ./Application/User/stm32f4xx_it.o
                0x08002fac                EXTI15_10_IRQHandler
 .text.BSP_LED_Init
                0x08002fbc       0x24 ./Application/User/stm32f4xx_nucleo.o
                0x08002fbc                BSP_LED_Init
 .text.BSP_LED_On
                0x08002fe0       0x2c ./Application/User/stm32f4xx_nucleo.o
                0x08002fe0                BSP_LED_On
 .text.BSP_LED_Off
                0x0800300c       0x2c ./Application/User/stm32f4xx_nucleo.o
                0x0800300c                BSP_LED_Off
 .text.LED_USER_GPIO_Init
                0x08003038       0x84 ./Application/User/stm32f4xx_nucleo.o
 .text.BSP_COM_Init
                0x080030bc       0x7c ./Application/User/stm32f4xx_nucleo.o
                0x080030bc                BSP_COM_Init
 .text.MX_USART2_UART_Init
                0x08003138       0x5c ./Application/User/stm32f4xx_nucleo.o
                0x08003138                MX_USART2_UART_Init
 .text.USART2_MspInit
                0x08003194       0xec ./Application/User/stm32f4xx_nucleo.o
 .text.BSP_I2C1_Init
                0x08003280       0x64 ./Application/User/stm32f4xx_nucleo_bus.o
                0x08003280                BSP_I2C1_Init
 .text.BSP_I2C1_DeInit
                0x080032e4       0x50 ./Application/User/stm32f4xx_nucleo_bus.o
                0x080032e4                BSP_I2C1_DeInit
 .text.BSP_I2C1_WriteReg
                0x08003334       0x64 ./Application/User/stm32f4xx_nucleo_bus.o
                0x08003334                BSP_I2C1_WriteReg
 .text.BSP_I2C1_ReadReg
                0x08003398       0x64 ./Application/User/stm32f4xx_nucleo_bus.o
                0x08003398                BSP_I2C1_ReadReg
 .text.BSP_I2C1_Send
                0x080033fc       0x54 ./Application/User/stm32f4xx_nucleo_bus.o
                0x080033fc                BSP_I2C1_Send
 .text.BSP_I2C1_Recv
                0x08003450       0x54 ./Application/User/stm32f4xx_nucleo_bus.o
                0x08003450                BSP_I2C1_Recv
 .text.BSP_GetTick
                0x080034a4        0xe ./Application/User/stm32f4xx_nucleo_bus.o
                0x080034a4                BSP_GetTick
 *fill*         0x080034b2        0x2 
 .text.MX_I2C1_Init
                0x080034b4       0x68 ./Application/User/stm32f4xx_nucleo_bus.o
                0x080034b4                MX_I2C1_Init
 .text.I2C1_MspInit
                0x0800351c       0x94 ./Application/User/stm32f4xx_nucleo_bus.o
 .text.I2C1_MspDeInit
                0x080035b0       0x38 ./Application/User/stm32f4xx_nucleo_bus.o
 .text._sbrk    0x080035e8       0x6c ./Application/User/sysmem.o
                0x080035e8                _sbrk
 .text.LIS2DUXS12_RegisterBusIO
                0x08003654      0x140 ./Drivers/BSP/Components/lis2duxs12.o
                0x08003654                LIS2DUXS12_RegisterBusIO
 .text.LIS2DUXS12_Init
                0x08003794       0xf4 ./Drivers/BSP/Components/lis2duxs12.o
                0x08003794                LIS2DUXS12_Init
 .text.LIS2DUXS12_DeInit
                0x08003888       0x3c ./Drivers/BSP/Components/lis2duxs12.o
                0x08003888                LIS2DUXS12_DeInit
 .text.LIS2DUXS12_ExitDeepPowerDownI2C
                0x080038c4       0x2a ./Drivers/BSP/Components/lis2duxs12.o
                0x080038c4                LIS2DUXS12_ExitDeepPowerDownI2C
 .text.LIS2DUXS12_ExitDeepPowerDownSPI
                0x080038ee       0x24 ./Drivers/BSP/Components/lis2duxs12.o
                0x080038ee                LIS2DUXS12_ExitDeepPowerDownSPI
 .text.LIS2DUXS12_ReadID
                0x08003912       0x36 ./Drivers/BSP/Components/lis2duxs12.o
                0x08003912                LIS2DUXS12_ReadID
 .text.LIS2DUXS12_GetCapabilities
                0x08003948       0x5c ./Drivers/BSP/Components/lis2duxs12.o
                0x08003948                LIS2DUXS12_GetCapabilities
 .text.LIS2DUXS12_ACC_Enable
                0x080039a4       0x4c ./Drivers/BSP/Components/lis2duxs12.o
                0x080039a4                LIS2DUXS12_ACC_Enable
 .text.LIS2DUXS12_ACC_Disable
                0x080039f0       0xb4 ./Drivers/BSP/Components/lis2duxs12.o
                0x080039f0                LIS2DUXS12_ACC_Disable
 .text.LIS2DUXS12_ACC_GetSensitivity
                0x08003aa4       0x94 ./Drivers/BSP/Components/lis2duxs12.o
                0x08003aa4                LIS2DUXS12_ACC_GetSensitivity
 .text.LIS2DUXS12_ACC_GetOutputDataRate
                0x08003b38      0x198 ./Drivers/BSP/Components/lis2duxs12.o
                0x08003b38                LIS2DUXS12_ACC_GetOutputDataRate
 .text.LIS2DUXS12_ACC_SetOutputDataRate
                0x08003cd0       0x22 ./Drivers/BSP/Components/lis2duxs12.o
                0x08003cd0                LIS2DUXS12_ACC_SetOutputDataRate
 .text.LIS2DUXS12_ACC_SetOutputDataRate_With_Mode
                0x08003cf2       0x44 ./Drivers/BSP/Components/lis2duxs12.o
                0x08003cf2                LIS2DUXS12_ACC_SetOutputDataRate_With_Mode
 *fill*         0x08003d36        0x2 
 .text.LIS2DUXS12_ACC_GetFullScale
                0x08003d38       0x84 ./Drivers/BSP/Components/lis2duxs12.o
                0x08003d38                LIS2DUXS12_ACC_GetFullScale
 .text.LIS2DUXS12_ACC_SetFullScale
                0x08003dbc       0x6e ./Drivers/BSP/Components/lis2duxs12.o
                0x08003dbc                LIS2DUXS12_ACC_SetFullScale
 .text.LIS2DUXS12_ACC_GetAxesRaw
                0x08003e2a       0x66 ./Drivers/BSP/Components/lis2duxs12.o
                0x08003e2a                LIS2DUXS12_ACC_GetAxesRaw
 .text.LIS2DUXS12_ACC_GetAxes
                0x08003e90       0x7e ./Drivers/BSP/Components/lis2duxs12.o
                0x08003e90                LIS2DUXS12_ACC_GetAxes
 .text.LIS2DUXS12_Write_Reg
                0x08003f0e       0x36 ./Drivers/BSP/Components/lis2duxs12.o
                0x08003f0e                LIS2DUXS12_Write_Reg
 .text.LIS2DUXS12_Set_Mem_Bank
                0x08003f44       0x42 ./Drivers/BSP/Components/lis2duxs12.o
                0x08003f44                LIS2DUXS12_Set_Mem_Bank
 *fill*         0x08003f86        0x2 
 .text.LIS2DUXS12_ACC_SetOutputDataRate_When_Enabled
                0x08003f88      0x2fc ./Drivers/BSP/Components/lis2duxs12.o
 .text.LIS2DUXS12_ACC_SetOutputDataRate_When_Disabled
                0x08004284      0x144 ./Drivers/BSP/Components/lis2duxs12.o
 .text.ReadRegWrap
                0x080043c8       0x36 ./Drivers/BSP/Components/lis2duxs12.o
 .text.WriteRegWrap
                0x080043fe       0x36 ./Drivers/BSP/Components/lis2duxs12.o
 .text.lis2duxs12_read_reg
                0x08004434       0x3a ./Drivers/BSP/Components/lis2duxs12_reg.o
                0x08004434                lis2duxs12_read_reg
 .text.lis2duxs12_write_reg
                0x0800446e       0x3a ./Drivers/BSP/Components/lis2duxs12_reg.o
                0x0800446e                lis2duxs12_write_reg
 .text.lis2duxs12_from_fs2g_to_mg
                0x080044a8       0x30 ./Drivers/BSP/Components/lis2duxs12_reg.o
                0x080044a8                lis2duxs12_from_fs2g_to_mg
 .text.lis2duxs12_from_fs4g_to_mg
                0x080044d8       0x30 ./Drivers/BSP/Components/lis2duxs12_reg.o
                0x080044d8                lis2duxs12_from_fs4g_to_mg
 .text.lis2duxs12_from_fs8g_to_mg
                0x08004508       0x30 ./Drivers/BSP/Components/lis2duxs12_reg.o
                0x08004508                lis2duxs12_from_fs8g_to_mg
 .text.lis2duxs12_from_fs16g_to_mg
                0x08004538       0x30 ./Drivers/BSP/Components/lis2duxs12_reg.o
                0x08004538                lis2duxs12_from_fs16g_to_mg
 .text.lis2duxs12_device_id_get
                0x08004568       0x22 ./Drivers/BSP/Components/lis2duxs12_reg.o
                0x08004568                lis2duxs12_device_id_get
 *fill*         0x0800458a        0x2 
 .text.lis2duxs12_init_set
                0x0800458c      0x214 ./Drivers/BSP/Components/lis2duxs12_reg.o
                0x0800458c                lis2duxs12_init_set
 .text.lis2duxs12_status_get
                0x080047a0       0x86 ./Drivers/BSP/Components/lis2duxs12_reg.o
                0x080047a0                lis2duxs12_status_get
 *fill*         0x08004826        0x2 
 .text.lis2duxs12_mode_set
                0x08004828      0x178 ./Drivers/BSP/Components/lis2duxs12_reg.o
                0x08004828                lis2duxs12_mode_set
 .text.lis2duxs12_mode_get
                0x080049a0      0x220 ./Drivers/BSP/Components/lis2duxs12_reg.o
                0x080049a0                lis2duxs12_mode_get
 .text.lis2duxs12_exit_deep_power_down
                0x08004bc0       0x3e ./Drivers/BSP/Components/lis2duxs12_reg.o
                0x08004bc0                lis2duxs12_exit_deep_power_down
 *fill*         0x08004bfe        0x2 
 .text.lis2duxs12_xl_data_get
                0x08004c00      0x158 ./Drivers/BSP/Components/lis2duxs12_reg.o
                0x08004c00                lis2duxs12_xl_data_get
 .text.lis2duxs12_i3c_configure_set
                0x08004d58       0x70 ./Drivers/BSP/Components/lis2duxs12_reg.o
                0x08004d58                lis2duxs12_i3c_configure_set
 .text.lis2duxs12_i3c_configure_get
                0x08004dc8       0x7e ./Drivers/BSP/Components/lis2duxs12_reg.o
                0x08004dc8                lis2duxs12_i3c_configure_get
 .text.lis2duxs12_mem_bank_set
                0x08004e46       0x4c ./Drivers/BSP/Components/lis2duxs12_reg.o
                0x08004e46                lis2duxs12_mem_bank_set
 .text.lis2duxs12_fifo_mode_set
                0x08004e92      0x186 ./Drivers/BSP/Components/lis2duxs12_reg.o
                0x08004e92                lis2duxs12_fifo_mode_set
 .text.LIS2MDL_RegisterBusIO
                0x08005018      0x100 ./Drivers/BSP/Components/lis2mdl.o
                0x08005018                LIS2MDL_RegisterBusIO
 .text.LIS2MDL_Init
                0x08005118      0x10c ./Drivers/BSP/Components/lis2mdl.o
                0x08005118                LIS2MDL_Init
 .text.LIS2MDL_DeInit
                0x08005224       0x2c ./Drivers/BSP/Components/lis2mdl.o
                0x08005224                LIS2MDL_DeInit
 .text.LIS2MDL_ReadID
                0x08005250       0x4c ./Drivers/BSP/Components/lis2mdl.o
                0x08005250                LIS2MDL_ReadID
 .text.LIS2MDL_GetCapabilities
                0x0800529c       0x5c ./Drivers/BSP/Components/lis2mdl.o
                0x0800529c                LIS2MDL_GetCapabilities
 .text.LIS2MDL_MAG_Enable
                0x080052f8       0x84 ./Drivers/BSP/Components/lis2mdl.o
                0x080052f8                LIS2MDL_MAG_Enable
 .text.LIS2MDL_MAG_Disable
                0x0800537c       0x86 ./Drivers/BSP/Components/lis2mdl.o
                0x0800537c                LIS2MDL_MAG_Disable
 .text.LIS2MDL_MAG_GetSensitivity
                0x08005402       0x20 ./Drivers/BSP/Components/lis2mdl.o
                0x08005402                LIS2MDL_MAG_GetSensitivity
 *fill*         0x08005422        0x2 
 .text.LIS2MDL_MAG_GetOutputDataRate
                0x08005424       0x8c ./Drivers/BSP/Components/lis2mdl.o
                0x08005424                LIS2MDL_MAG_GetOutputDataRate
 .text.LIS2MDL_MAG_SetOutputDataRate
                0x080054b0       0xc8 ./Drivers/BSP/Components/lis2mdl.o
                0x080054b0                LIS2MDL_MAG_SetOutputDataRate
 .text.LIS2MDL_MAG_GetFullScale
                0x08005578       0x1e ./Drivers/BSP/Components/lis2mdl.o
                0x08005578                LIS2MDL_MAG_GetFullScale
 .text.LIS2MDL_MAG_SetFullScale
                0x08005596       0x18 ./Drivers/BSP/Components/lis2mdl.o
                0x08005596                LIS2MDL_MAG_SetFullScale
 .text.LIS2MDL_MAG_GetAxesRaw
                0x080055ae       0x48 ./Drivers/BSP/Components/lis2mdl.o
                0x080055ae                LIS2MDL_MAG_GetAxesRaw
 .text.LIS2MDL_MAG_GetAxes
                0x080055f6      0x114 ./Drivers/BSP/Components/lis2mdl.o
                0x080055f6                LIS2MDL_MAG_GetAxes
 .text.LIS2MDL_Write_Reg
                0x0800570a       0x56 ./Drivers/BSP/Components/lis2mdl.o
                0x0800570a                LIS2MDL_Write_Reg
 .text.ReadMagRegWrap
                0x08005760       0x82 ./Drivers/BSP/Components/lis2mdl.o
 .text.WriteMagRegWrap
                0x080057e2       0x82 ./Drivers/BSP/Components/lis2mdl.o
 .text.LSM6DSOX_SENSORHUB_LIS2MDL_ReadShData
                0x08005864      0x27e ./Drivers/BSP/Components/lis2mdl.o
 .text.LSM6DSOX_SENSORHUB_LIS2MDL_WriteShData
                0x08005ae2      0x23c ./Drivers/BSP/Components/lis2mdl.o
 .text.lis2mdl_read_reg
                0x08005d1e       0x3c ./Drivers/BSP/Components/lis2mdl_reg.o
                0x08005d1e                lis2mdl_read_reg
 .text.lis2mdl_write_reg
                0x08005d5a       0x3c ./Drivers/BSP/Components/lis2mdl_reg.o
                0x08005d5a                lis2mdl_write_reg
 .text.lis2mdl_operating_mode_set
                0x08005d96       0x4c ./Drivers/BSP/Components/lis2mdl_reg.o
                0x08005d96                lis2mdl_operating_mode_set
 .text.lis2mdl_data_rate_set
                0x08005de2       0x4c ./Drivers/BSP/Components/lis2mdl_reg.o
                0x08005de2                lis2mdl_data_rate_set
 *fill*         0x08005e2e        0x2 
 .text.lis2mdl_data_rate_get
                0x08005e30       0x70 ./Drivers/BSP/Components/lis2mdl_reg.o
                0x08005e30                lis2mdl_data_rate_get
 .text.lis2mdl_block_data_update_set
                0x08005ea0       0x4c ./Drivers/BSP/Components/lis2mdl_reg.o
                0x08005ea0                lis2mdl_block_data_update_set
 .text.lis2mdl_magnetic_raw_get
                0x08005eec       0x90 ./Drivers/BSP/Components/lis2mdl_reg.o
                0x08005eec                lis2mdl_magnetic_raw_get
 .text.lis2mdl_device_id_get
                0x08005f7c       0x22 ./Drivers/BSP/Components/lis2mdl_reg.o
                0x08005f7c                lis2mdl_device_id_get
 .text.lis2mdl_self_test_set
                0x08005f9e       0x4c ./Drivers/BSP/Components/lis2mdl_reg.o
                0x08005f9e                lis2mdl_self_test_set
 .text.lis2mdl_i2c_interface_set
                0x08005fea       0x4c ./Drivers/BSP/Components/lis2mdl_reg.o
                0x08005fea                lis2mdl_i2c_interface_set
 *fill*         0x08006036        0x2 
 .text.LPS22DF_RegisterBusIO
                0x08006038       0xd4 ./Drivers/BSP/Components/lps22df.o
                0x08006038                LPS22DF_RegisterBusIO
 .text.LPS22DF_Init
                0x0800610c       0x36 ./Drivers/BSP/Components/lps22df.o
                0x0800610c                LPS22DF_Init
 .text.LPS22DF_DeInit
                0x08006142       0x48 ./Drivers/BSP/Components/lps22df.o
                0x08006142                LPS22DF_DeInit
 .text.LPS22DF_ReadID
                0x0800618a       0x36 ./Drivers/BSP/Components/lps22df.o
                0x0800618a                LPS22DF_ReadID
 .text.LPS22DF_GetCapabilities
                0x080061c0       0x58 ./Drivers/BSP/Components/lps22df.o
                0x080061c0                LPS22DF_GetCapabilities
 .text.LPS22DF_PRESS_Enable
                0x08006218       0x46 ./Drivers/BSP/Components/lps22df.o
                0x08006218                LPS22DF_PRESS_Enable
 .text.LPS22DF_PRESS_Disable
                0x0800625e       0x80 ./Drivers/BSP/Components/lps22df.o
                0x0800625e                LPS22DF_PRESS_Disable
 .text.LPS22DF_PRESS_GetOutputDataRate
                0x080062de       0x1c ./Drivers/BSP/Components/lps22df.o
                0x080062de                LPS22DF_PRESS_GetOutputDataRate
 .text.LPS22DF_PRESS_SetOutputDataRate
                0x080062fa       0x38 ./Drivers/BSP/Components/lps22df.o
                0x080062fa                LPS22DF_PRESS_SetOutputDataRate
 .text.LPS22DF_PRESS_GetPressure
                0x08006332       0x42 ./Drivers/BSP/Components/lps22df.o
                0x08006332                LPS22DF_PRESS_GetPressure
 .text.LPS22DF_TEMP_Enable
                0x08006374       0x46 ./Drivers/BSP/Components/lps22df.o
                0x08006374                LPS22DF_TEMP_Enable
 .text.LPS22DF_TEMP_Disable
                0x080063ba       0x80 ./Drivers/BSP/Components/lps22df.o
                0x080063ba                LPS22DF_TEMP_Disable
 .text.LPS22DF_TEMP_GetOutputDataRate
                0x0800643a       0x1c ./Drivers/BSP/Components/lps22df.o
                0x0800643a                LPS22DF_TEMP_GetOutputDataRate
 .text.LPS22DF_TEMP_SetOutputDataRate
                0x08006456       0x38 ./Drivers/BSP/Components/lps22df.o
                0x08006456                LPS22DF_TEMP_SetOutputDataRate
 .text.LPS22DF_TEMP_GetTemperature
                0x0800648e       0x44 ./Drivers/BSP/Components/lps22df.o
                0x0800648e                LPS22DF_TEMP_GetTemperature
 .text.LPS22DF_Write_Reg
                0x080064d2       0x36 ./Drivers/BSP/Components/lps22df.o
                0x080064d2                LPS22DF_Write_Reg
 .text.LPS22DF_GetOutputDataRate
                0x08006508       0xd4 ./Drivers/BSP/Components/lps22df.o
 .text.LPS22DF_SetOutputDataRate_When_Enabled
                0x080065dc      0x118 ./Drivers/BSP/Components/lps22df.o
 .text.LPS22DF_SetOutputDataRate_When_Disabled
                0x080066f4       0xc8 ./Drivers/BSP/Components/lps22df.o
 .text.LPS22DF_Initialize
                0x080067bc       0xb8 ./Drivers/BSP/Components/lps22df.o
 .text.ReadRegWrap
                0x08006874       0x36 ./Drivers/BSP/Components/lps22df.o
 .text.WriteRegWrap
                0x080068aa       0x36 ./Drivers/BSP/Components/lps22df.o
 .text.lps22df_read_reg
                0x080068e0       0x3c ./Drivers/BSP/Components/lps22df_reg.o
                0x080068e0                lps22df_read_reg
 .text.lps22df_write_reg
                0x0800691c       0x3c ./Drivers/BSP/Components/lps22df_reg.o
                0x0800691c                lps22df_write_reg
 .text.bytecpy  0x08006958       0x2a ./Drivers/BSP/Components/lps22df_reg.o
 *fill*         0x08006982        0x2 
 .text.lps22df_from_lsb_to_hPa
                0x08006984       0x30 ./Drivers/BSP/Components/lps22df_reg.o
                0x08006984                lps22df_from_lsb_to_hPa
 .text.lps22df_from_lsb_to_celsius
                0x080069b4       0x34 ./Drivers/BSP/Components/lps22df_reg.o
                0x080069b4                lps22df_from_lsb_to_celsius
 .text.lps22df_id_get
                0x080069e8       0x2a ./Drivers/BSP/Components/lps22df_reg.o
                0x080069e8                lps22df_id_get
 .text.lps22df_bus_mode_set
                0x08006a12       0xc4 ./Drivers/BSP/Components/lps22df_reg.o
                0x08006a12                lps22df_bus_mode_set
 .text.lps22df_init_set
                0x08006ad6      0x1c4 ./Drivers/BSP/Components/lps22df_reg.o
                0x08006ad6                lps22df_init_set
 .text.lps22df_status_get
                0x08006c9a      0x10a ./Drivers/BSP/Components/lps22df_reg.o
                0x08006c9a                lps22df_status_get
 .text.lps22df_mode_set
                0x08006da4       0xbc ./Drivers/BSP/Components/lps22df_reg.o
                0x08006da4                lps22df_mode_set
 .text.lps22df_mode_get
                0x08006e60      0x198 ./Drivers/BSP/Components/lps22df_reg.o
                0x08006e60                lps22df_mode_get
 .text.lps22df_pressure_raw_get
                0x08006ff8       0x52 ./Drivers/BSP/Components/lps22df_reg.o
                0x08006ff8                lps22df_pressure_raw_get
 .text.lps22df_temperature_raw_get
                0x0800704a       0x44 ./Drivers/BSP/Components/lps22df_reg.o
                0x0800704a                lps22df_temperature_raw_get
 *fill*         0x0800708e        0x2 
 .text.LSM6DSO16IS_RegisterBusIO
                0x08007090       0xcc ./Drivers/BSP/Components/lsm6dso16is.o
                0x08007090                LSM6DSO16IS_RegisterBusIO
 .text.LSM6DSO16IS_Init
                0x0800715c       0xd8 ./Drivers/BSP/Components/lsm6dso16is.o
                0x0800715c                LSM6DSO16IS_Init
 .text.LSM6DSO16IS_DeInit
                0x08007234       0x58 ./Drivers/BSP/Components/lsm6dso16is.o
                0x08007234                LSM6DSO16IS_DeInit
 .text.LSM6DSO16IS_ReadID
                0x0800728c       0x30 ./Drivers/BSP/Components/lsm6dso16is.o
                0x0800728c                LSM6DSO16IS_ReadID
 .text.LSM6DSO16IS_GetCapabilities
                0x080072bc       0x5c ./Drivers/BSP/Components/lsm6dso16is.o
                0x080072bc                LSM6DSO16IS_GetCapabilities
 .text.LSM6DSO16IS_ACC_Enable
                0x08007318       0x4e ./Drivers/BSP/Components/lsm6dso16is.o
                0x08007318                LSM6DSO16IS_ACC_Enable
 .text.LSM6DSO16IS_ACC_Disable
                0x08007366       0x64 ./Drivers/BSP/Components/lsm6dso16is.o
                0x08007366                LSM6DSO16IS_ACC_Disable
 *fill*         0x080073ca        0x2 
 .text.LSM6DSO16IS_ACC_GetSensitivity
                0x080073cc       0x8c ./Drivers/BSP/Components/lsm6dso16is.o
                0x080073cc                LSM6DSO16IS_ACC_GetSensitivity
 .text.LSM6DSO16IS_ACC_GetOutputDataRate
                0x08007458      0x148 ./Drivers/BSP/Components/lsm6dso16is.o
                0x08007458                LSM6DSO16IS_ACC_GetOutputDataRate
 .text.LSM6DSO16IS_ACC_SetOutputDataRate
                0x080075a0       0x3a ./Drivers/BSP/Components/lsm6dso16is.o
                0x080075a0                LSM6DSO16IS_ACC_SetOutputDataRate
 *fill*         0x080075da        0x2 
 .text.LSM6DSO16IS_ACC_GetFullScale
                0x080075dc       0x7c ./Drivers/BSP/Components/lsm6dso16is.o
                0x080075dc                LSM6DSO16IS_ACC_GetFullScale
 .text.LSM6DSO16IS_ACC_SetFullScale
                0x08007658       0x54 ./Drivers/BSP/Components/lsm6dso16is.o
                0x08007658                LSM6DSO16IS_ACC_SetFullScale
 .text.LSM6DSO16IS_ACC_GetAxesRaw
                0x080076ac       0x4c ./Drivers/BSP/Components/lsm6dso16is.o
                0x080076ac                LSM6DSO16IS_ACC_GetAxesRaw
 .text.LSM6DSO16IS_ACC_GetAxes
                0x080076f8       0xb2 ./Drivers/BSP/Components/lsm6dso16is.o
                0x080076f8                LSM6DSO16IS_ACC_GetAxes
 .text.LSM6DSO16IS_GYRO_Enable
                0x080077aa       0x4e ./Drivers/BSP/Components/lsm6dso16is.o
                0x080077aa                LSM6DSO16IS_GYRO_Enable
 .text.LSM6DSO16IS_GYRO_Disable
                0x080077f8       0x64 ./Drivers/BSP/Components/lsm6dso16is.o
                0x080077f8                LSM6DSO16IS_GYRO_Disable
 .text.LSM6DSO16IS_GYRO_GetSensitivity
                0x0800785c       0xcc ./Drivers/BSP/Components/lsm6dso16is.o
                0x0800785c                LSM6DSO16IS_GYRO_GetSensitivity
 .text.LSM6DSO16IS_GYRO_GetOutputDataRate
                0x08007928      0x138 ./Drivers/BSP/Components/lsm6dso16is.o
                0x08007928                LSM6DSO16IS_GYRO_GetOutputDataRate
 .text.LSM6DSO16IS_GYRO_SetOutputDataRate
                0x08007a60       0x3a ./Drivers/BSP/Components/lsm6dso16is.o
                0x08007a60                LSM6DSO16IS_GYRO_SetOutputDataRate
 *fill*         0x08007a9a        0x2 
 .text.LSM6DSO16IS_GYRO_GetFullScale
                0x08007a9c       0xbc ./Drivers/BSP/Components/lsm6dso16is.o
                0x08007a9c                LSM6DSO16IS_GYRO_GetFullScale
 .text.LSM6DSO16IS_GYRO_SetFullScale
                0x08007b58       0x62 ./Drivers/BSP/Components/lsm6dso16is.o
                0x08007b58                LSM6DSO16IS_GYRO_SetFullScale
 .text.LSM6DSO16IS_GYRO_GetAxesRaw
                0x08007bba       0x4c ./Drivers/BSP/Components/lsm6dso16is.o
                0x08007bba                LSM6DSO16IS_GYRO_GetAxesRaw
 .text.LSM6DSO16IS_GYRO_GetAxes
                0x08007c06       0xb2 ./Drivers/BSP/Components/lsm6dso16is.o
                0x08007c06                LSM6DSO16IS_GYRO_GetAxes
 .text.LSM6DSO16IS_Write_Reg
                0x08007cb8       0x3a ./Drivers/BSP/Components/lsm6dso16is.o
                0x08007cb8                LSM6DSO16IS_Write_Reg
 .text.LSM6DSO16IS_Set_Mem_Bank
                0x08007cf2       0x4c ./Drivers/BSP/Components/lsm6dso16is.o
                0x08007cf2                LSM6DSO16IS_Set_Mem_Bank
 *fill*         0x08007d3e        0x2 
 .text.LSM6DSO16IS_ACC_SetOutputDataRate_When_Enabled
                0x08007d40      0x11c ./Drivers/BSP/Components/lsm6dso16is.o
 .text.LSM6DSO16IS_ACC_SetOutputDataRate_When_Disabled
                0x08007e5c      0x104 ./Drivers/BSP/Components/lsm6dso16is.o
 .text.LSM6DSO16IS_GYRO_SetOutputDataRate_When_Enabled
                0x08007f60      0x11c ./Drivers/BSP/Components/lsm6dso16is.o
 .text.LSM6DSO16IS_GYRO_SetOutputDataRate_When_Disabled
                0x0800807c      0x104 ./Drivers/BSP/Components/lsm6dso16is.o
 .text.ReadRegWrap
                0x08008180       0x36 ./Drivers/BSP/Components/lsm6dso16is.o
 .text.WriteRegWrap
                0x080081b6       0x36 ./Drivers/BSP/Components/lsm6dso16is.o
 .text.lsm6dso16is_read_reg
                0x080081ec       0x3c ./Drivers/BSP/Components/lsm6dso16is_reg.o
                0x080081ec                lsm6dso16is_read_reg
 .text.lsm6dso16is_write_reg
                0x08008228       0x3c ./Drivers/BSP/Components/lsm6dso16is_reg.o
                0x08008228                lsm6dso16is_write_reg
 .text.lsm6dso16is_mem_bank_set
                0x08008264       0x52 ./Drivers/BSP/Components/lsm6dso16is_reg.o
                0x08008264                lsm6dso16is_mem_bank_set
 .text.lsm6dso16is_device_id_get
                0x080082b6       0x22 ./Drivers/BSP/Components/lsm6dso16is_reg.o
                0x080082b6                lsm6dso16is_device_id_get
 .text.lsm6dso16is_xl_hm_mode_set
                0x080082d8       0x4c ./Drivers/BSP/Components/lsm6dso16is_reg.o
                0x080082d8                lsm6dso16is_xl_hm_mode_set
 .text.lsm6dso16is_xl_full_scale_set
                0x08008324       0x4c ./Drivers/BSP/Components/lsm6dso16is_reg.o
                0x08008324                lsm6dso16is_xl_full_scale_set
 .text.lsm6dso16is_xl_full_scale_get
                0x08008370       0x70 ./Drivers/BSP/Components/lsm6dso16is_reg.o
                0x08008370                lsm6dso16is_xl_full_scale_get
 .text.lsm6dso16is_xl_data_rate_set
                0x080083e0       0x7e ./Drivers/BSP/Components/lsm6dso16is_reg.o
                0x080083e0                lsm6dso16is_xl_data_rate_set
 *fill*         0x0800845e        0x2 
 .text.lsm6dso16is_xl_data_rate_get
                0x08008460      0x184 ./Drivers/BSP/Components/lsm6dso16is_reg.o
                0x08008460                lsm6dso16is_xl_data_rate_get
 .text.lsm6dso16is_gy_hm_mode_set
                0x080085e4       0x4c ./Drivers/BSP/Components/lsm6dso16is_reg.o
                0x080085e4                lsm6dso16is_gy_hm_mode_set
 .text.lsm6dso16is_gy_full_scale_set
                0x08008630       0x60 ./Drivers/BSP/Components/lsm6dso16is_reg.o
                0x08008630                lsm6dso16is_gy_full_scale_set
 .text.lsm6dso16is_gy_full_scale_get
                0x08008690       0xb8 ./Drivers/BSP/Components/lsm6dso16is_reg.o
                0x08008690                lsm6dso16is_gy_full_scale_get
 .text.lsm6dso16is_gy_data_rate_set
                0x08008748       0x7e ./Drivers/BSP/Components/lsm6dso16is_reg.o
                0x08008748                lsm6dso16is_gy_data_rate_set
 *fill*         0x080087c6        0x2 
 .text.lsm6dso16is_gy_data_rate_get
                0x080087c8      0x178 ./Drivers/BSP/Components/lsm6dso16is_reg.o
                0x080087c8                lsm6dso16is_gy_data_rate_get
 .text.lsm6dso16is_auto_increment_set
                0x08008940       0x4c ./Drivers/BSP/Components/lsm6dso16is_reg.o
                0x08008940                lsm6dso16is_auto_increment_set
 .text.lsm6dso16is_block_data_update_set
                0x0800898c       0x4c ./Drivers/BSP/Components/lsm6dso16is_reg.o
                0x0800898c                lsm6dso16is_block_data_update_set
 .text.lsm6dso16is_angular_rate_raw_get
                0x080089d8       0x90 ./Drivers/BSP/Components/lsm6dso16is_reg.o
                0x080089d8                lsm6dso16is_angular_rate_raw_get
 .text.lsm6dso16is_acceleration_raw_get
                0x08008a68       0x90 ./Drivers/BSP/Components/lsm6dso16is_reg.o
                0x08008a68                lsm6dso16is_acceleration_raw_get
 .text.LSM6DSV16X_RegisterBusIO
                0x08008af8       0xec ./Drivers/BSP/Components/lsm6dsv16x.o
                0x08008af8                LSM6DSV16X_RegisterBusIO
 .text.LSM6DSV16X_Init
                0x08008be4      0x106 ./Drivers/BSP/Components/lsm6dsv16x.o
                0x08008be4                LSM6DSV16X_Init
 .text.LSM6DSV16X_DeInit
                0x08008cea       0x6e ./Drivers/BSP/Components/lsm6dsv16x.o
                0x08008cea                LSM6DSV16X_DeInit
 .text.LSM6DSV16X_ReadID
                0x08008d58       0x2c ./Drivers/BSP/Components/lsm6dsv16x.o
                0x08008d58                LSM6DSV16X_ReadID
 .text.LSM6DSV16X_GetCapabilities
                0x08008d84       0x5c ./Drivers/BSP/Components/lsm6dsv16x.o
                0x08008d84                LSM6DSV16X_GetCapabilities
 .text.LSM6DSV16X_ACC_Enable
                0x08008de0       0x48 ./Drivers/BSP/Components/lsm6dsv16x.o
                0x08008de0                LSM6DSV16X_ACC_Enable
 .text.LSM6DSV16X_ACC_Disable
                0x08008e28       0x5e ./Drivers/BSP/Components/lsm6dsv16x.o
                0x08008e28                LSM6DSV16X_ACC_Disable
 *fill*         0x08008e86        0x2 
 .text.LSM6DSV16X_ACC_GetSensitivity
                0x08008e88       0x8c ./Drivers/BSP/Components/lsm6dsv16x.o
                0x08008e88                LSM6DSV16X_ACC_GetSensitivity
 .text.LSM6DSV16X_ACC_GetOutputDataRate
                0x08008f14      0x288 ./Drivers/BSP/Components/lsm6dsv16x.o
                0x08008f14                LSM6DSV16X_ACC_GetOutputDataRate
 .text.LSM6DSV16X_ACC_SetOutputDataRate
                0x0800919c       0x38 ./Drivers/BSP/Components/lsm6dsv16x.o
                0x0800919c                LSM6DSV16X_ACC_SetOutputDataRate
 .text.LSM6DSV16X_ACC_GetFullScale
                0x080091d4       0x7c ./Drivers/BSP/Components/lsm6dsv16x.o
                0x080091d4                LSM6DSV16X_ACC_GetFullScale
 .text.LSM6DSV16X_ACC_SetFullScale
                0x08009250       0x50 ./Drivers/BSP/Components/lsm6dsv16x.o
                0x08009250                LSM6DSV16X_ACC_SetFullScale
 .text.LSM6DSV16X_ACC_GetAxesRaw
                0x080092a0       0x48 ./Drivers/BSP/Components/lsm6dsv16x.o
                0x080092a0                LSM6DSV16X_ACC_GetAxesRaw
 .text.LSM6DSV16X_ACC_GetAxes
                0x080092e8       0xae ./Drivers/BSP/Components/lsm6dsv16x.o
                0x080092e8                LSM6DSV16X_ACC_GetAxes
 .text.LSM6DSV16X_GYRO_Enable
                0x08009396       0x48 ./Drivers/BSP/Components/lsm6dsv16x.o
                0x08009396                LSM6DSV16X_GYRO_Enable
 .text.LSM6DSV16X_GYRO_Disable
                0x080093de       0x5e ./Drivers/BSP/Components/lsm6dsv16x.o
                0x080093de                LSM6DSV16X_GYRO_Disable
 .text.LSM6DSV16X_GYRO_GetSensitivity
                0x0800943c       0xc8 ./Drivers/BSP/Components/lsm6dsv16x.o
                0x0800943c                LSM6DSV16X_GYRO_GetSensitivity
 .text.LSM6DSV16X_GYRO_GetOutputDataRate
                0x08009504      0x288 ./Drivers/BSP/Components/lsm6dsv16x.o
                0x08009504                LSM6DSV16X_GYRO_GetOutputDataRate
 .text.LSM6DSV16X_GYRO_SetOutputDataRate
                0x0800978c       0x38 ./Drivers/BSP/Components/lsm6dsv16x.o
                0x0800978c                LSM6DSV16X_GYRO_SetOutputDataRate
 .text.LSM6DSV16X_GYRO_GetFullScale
                0x080097c4       0xb8 ./Drivers/BSP/Components/lsm6dsv16x.o
                0x080097c4                LSM6DSV16X_GYRO_GetFullScale
 .text.LSM6DSV16X_GYRO_SetFullScale
                0x0800987c       0x6a ./Drivers/BSP/Components/lsm6dsv16x.o
                0x0800987c                LSM6DSV16X_GYRO_SetFullScale
 .text.LSM6DSV16X_GYRO_GetAxesRaw
                0x080098e6       0x48 ./Drivers/BSP/Components/lsm6dsv16x.o
                0x080098e6                LSM6DSV16X_GYRO_GetAxesRaw
 .text.LSM6DSV16X_GYRO_GetAxes
                0x0800992e       0xae ./Drivers/BSP/Components/lsm6dsv16x.o
                0x0800992e                LSM6DSV16X_GYRO_GetAxes
 .text.LSM6DSV16X_Write_Reg
                0x080099dc       0x36 ./Drivers/BSP/Components/lsm6dsv16x.o
                0x080099dc                LSM6DSV16X_Write_Reg
 .text.LSM6DSV16X_Set_Mem_Bank
                0x08009a12       0x4c ./Drivers/BSP/Components/lsm6dsv16x.o
                0x08009a12                LSM6DSV16X_Set_Mem_Bank
 *fill*         0x08009a5e        0x2 
 .text.LSM6DSV16X_ACC_SetOutputDataRate_When_Enabled
                0x08009a60      0x144 ./Drivers/BSP/Components/lsm6dsv16x.o
 .text.LSM6DSV16X_ACC_SetOutputDataRate_When_Disabled
                0x08009ba4      0x130 ./Drivers/BSP/Components/lsm6dsv16x.o
 .text.LSM6DSV16X_GYRO_SetOutputDataRate_When_Enabled
                0x08009cd4      0x12c ./Drivers/BSP/Components/lsm6dsv16x.o
 .text.LSM6DSV16X_GYRO_SetOutputDataRate_When_Disabled
                0x08009e00      0x11c ./Drivers/BSP/Components/lsm6dsv16x.o
 .text.ReadRegWrap
                0x08009f1c       0x36 ./Drivers/BSP/Components/lsm6dsv16x.o
 .text.WriteRegWrap
                0x08009f52       0x36 ./Drivers/BSP/Components/lsm6dsv16x.o
 .text.lsm6dsv16x_read_reg
                0x08009f88       0x3c ./Drivers/BSP/Components/lsm6dsv16x_reg.o
                0x08009f88                lsm6dsv16x_read_reg
 .text.lsm6dsv16x_write_reg
                0x08009fc4       0x3c ./Drivers/BSP/Components/lsm6dsv16x_reg.o
                0x08009fc4                lsm6dsv16x_write_reg
 .text.lsm6dsv16x_mem_bank_set
                0x0800a000       0x62 ./Drivers/BSP/Components/lsm6dsv16x_reg.o
                0x0800a000                lsm6dsv16x_mem_bank_set
 .text.lsm6dsv16x_device_id_get
                0x0800a062       0x22 ./Drivers/BSP/Components/lsm6dsv16x_reg.o
                0x0800a062                lsm6dsv16x_device_id_get
 .text.lsm6dsv16x_xl_data_rate_set
                0x0800a084       0xa2 ./Drivers/BSP/Components/lsm6dsv16x_reg.o
                0x0800a084                lsm6dsv16x_xl_data_rate_set
 *fill*         0x0800a126        0x2 
 .text.lsm6dsv16x_xl_data_rate_get
                0x0800a128      0x220 ./Drivers/BSP/Components/lsm6dsv16x_reg.o
                0x0800a128                lsm6dsv16x_xl_data_rate_get
 .text.lsm6dsv16x_gy_data_rate_set
                0x0800a348       0x9e ./Drivers/BSP/Components/lsm6dsv16x_reg.o
                0x0800a348                lsm6dsv16x_gy_data_rate_set
 *fill*         0x0800a3e6        0x2 
 .text.lsm6dsv16x_gy_data_rate_get
                0x0800a3e8      0x220 ./Drivers/BSP/Components/lsm6dsv16x_reg.o
                0x0800a3e8                lsm6dsv16x_gy_data_rate_get
 .text.lsm6dsv16x_auto_increment_set
                0x0800a608       0x4c ./Drivers/BSP/Components/lsm6dsv16x_reg.o
                0x0800a608                lsm6dsv16x_auto_increment_set
 .text.lsm6dsv16x_block_data_update_set
                0x0800a654       0x4c ./Drivers/BSP/Components/lsm6dsv16x_reg.o
                0x0800a654                lsm6dsv16x_block_data_update_set
 .text.lsm6dsv16x_gy_full_scale_set
                0x0800a6a0       0x4c ./Drivers/BSP/Components/lsm6dsv16x_reg.o
                0x0800a6a0                lsm6dsv16x_gy_full_scale_set
 .text.lsm6dsv16x_gy_full_scale_get
                0x0800a6ec       0xb0 ./Drivers/BSP/Components/lsm6dsv16x_reg.o
                0x0800a6ec                lsm6dsv16x_gy_full_scale_get
 .text.lsm6dsv16x_xl_full_scale_set
                0x0800a79c       0x4c ./Drivers/BSP/Components/lsm6dsv16x_reg.o
                0x0800a79c                lsm6dsv16x_xl_full_scale_set
 .text.lsm6dsv16x_xl_full_scale_get
                0x0800a7e8       0x7c ./Drivers/BSP/Components/lsm6dsv16x_reg.o
                0x0800a7e8                lsm6dsv16x_xl_full_scale_get
 .text.lsm6dsv16x_angular_rate_raw_get
                0x0800a864       0x9a ./Drivers/BSP/Components/lsm6dsv16x_reg.o
                0x0800a864                lsm6dsv16x_angular_rate_raw_get
 .text.lsm6dsv16x_acceleration_raw_get
                0x0800a8fe       0x9a ./Drivers/BSP/Components/lsm6dsv16x_reg.o
                0x0800a8fe                lsm6dsv16x_acceleration_raw_get
 .text.lsm6dsv16x_fifo_mode_set
                0x0800a998       0x4c ./Drivers/BSP/Components/lsm6dsv16x_reg.o
                0x0800a998                lsm6dsv16x_fifo_mode_set
 .text.lsm6dsv16x_ah_qvar_mode_set
                0x0800a9e4       0x4a ./Drivers/BSP/Components/lsm6dsv16x_reg.o
                0x0800a9e4                lsm6dsv16x_ah_qvar_mode_set
 *fill*         0x0800aa2e        0x2 
 .text.SHT40AD1B_RegisterBusIO
                0x0800aa30       0x94 ./Drivers/BSP/Components/sht40ad1b.o
                0x0800aa30                SHT40AD1B_RegisterBusIO
 .text.SHT40AD1B_Init
                0x0800aac4       0x2e ./Drivers/BSP/Components/sht40ad1b.o
                0x0800aac4                SHT40AD1B_Init
 .text.SHT40AD1B_DeInit
                0x0800aaf2       0x1e ./Drivers/BSP/Components/sht40ad1b.o
                0x0800aaf2                SHT40AD1B_DeInit
 .text.SHT40AD1B_ReadID
                0x0800ab10       0x20 ./Drivers/BSP/Components/sht40ad1b.o
                0x0800ab10                SHT40AD1B_ReadID
 .text.SHT40AD1B_GetCapabilities
                0x0800ab30       0x56 ./Drivers/BSP/Components/sht40ad1b.o
                0x0800ab30                SHT40AD1B_GetCapabilities
 .text.SHT40AD1B_HUM_Enable
                0x0800ab86       0x2c ./Drivers/BSP/Components/sht40ad1b.o
                0x0800ab86                SHT40AD1B_HUM_Enable
 .text.SHT40AD1B_HUM_Disable
                0x0800abb2       0x2c ./Drivers/BSP/Components/sht40ad1b.o
                0x0800abb2                SHT40AD1B_HUM_Disable
 .text.SHT40AD1B_HUM_GetOutputDataRate
                0x0800abde       0x20 ./Drivers/BSP/Components/sht40ad1b.o
                0x0800abde                SHT40AD1B_HUM_GetOutputDataRate
 .text.SHT40AD1B_HUM_SetOutputDataRate
                0x0800abfe       0x1a ./Drivers/BSP/Components/sht40ad1b.o
                0x0800abfe                SHT40AD1B_HUM_SetOutputDataRate
 .text.SHT40AD1B_HUM_GetHumidity
                0x0800ac18       0x2e ./Drivers/BSP/Components/sht40ad1b.o
                0x0800ac18                SHT40AD1B_HUM_GetHumidity
 .text.SHT40AD1B_TEMP_Enable
                0x0800ac46       0x2c ./Drivers/BSP/Components/sht40ad1b.o
                0x0800ac46                SHT40AD1B_TEMP_Enable
 .text.SHT40AD1B_TEMP_Disable
                0x0800ac72       0x2c ./Drivers/BSP/Components/sht40ad1b.o
                0x0800ac72                SHT40AD1B_TEMP_Disable
 .text.SHT40AD1B_TEMP_GetOutputDataRate
                0x0800ac9e       0x20 ./Drivers/BSP/Components/sht40ad1b.o
                0x0800ac9e                SHT40AD1B_TEMP_GetOutputDataRate
 .text.SHT40AD1B_TEMP_SetOutputDataRate
                0x0800acbe       0x1a ./Drivers/BSP/Components/sht40ad1b.o
                0x0800acbe                SHT40AD1B_TEMP_SetOutputDataRate
 .text.SHT40AD1B_TEMP_GetTemperature
                0x0800acd8       0x2e ./Drivers/BSP/Components/sht40ad1b.o
                0x0800acd8                SHT40AD1B_TEMP_GetTemperature
 .text.GetData  0x0800ad06       0x3a ./Drivers/BSP/Components/sht40ad1b.o
 .text.ReadRegWrap
                0x0800ad40       0x40 ./Drivers/BSP/Components/sht40ad1b.o
 .text.WriteRegWrap
                0x0800ad80       0x40 ./Drivers/BSP/Components/sht40ad1b.o
 .text.sht40ad1b_read_reg
                0x0800adc0       0x30 ./Drivers/BSP/Components/sht40ad1b_reg.o
                0x0800adc0                sht40ad1b_read_reg
 .text.sht40ad1b_write_reg
                0x0800adf0       0x30 ./Drivers/BSP/Components/sht40ad1b_reg.o
                0x0800adf0                sht40ad1b_write_reg
 .text.sht40ad1b_data_get
                0x0800ae20      0x14c ./Drivers/BSP/Components/sht40ad1b_reg.o
                0x0800ae20                sht40ad1b_data_get
 .text.sht40ad1b_device_id_get
                0x0800af6c       0x1e ./Drivers/BSP/Components/sht40ad1b_reg.o
                0x0800af6c                sht40ad1b_device_id_get
 .text.crc_calculate
                0x0800af8a       0x7a ./Drivers/BSP/Components/sht40ad1b_reg.o
 .text.crc_check
                0x0800b004       0x32 ./Drivers/BSP/Components/sht40ad1b_reg.o
 *fill*         0x0800b036        0x2 
 .text.STTS22H_RegisterBusIO
                0x0800b038       0x94 ./Drivers/BSP/Components/stts22h.o
                0x0800b038                STTS22H_RegisterBusIO
 .text.STTS22H_Init
                0x0800b0cc       0x74 ./Drivers/BSP/Components/stts22h.o
                0x0800b0cc                STTS22H_Init
 .text.STTS22H_DeInit
                0x0800b140       0x36 ./Drivers/BSP/Components/stts22h.o
                0x0800b140                STTS22H_DeInit
 .text.STTS22H_ReadID
                0x0800b176       0x36 ./Drivers/BSP/Components/stts22h.o
                0x0800b176                STTS22H_ReadID
 .text.STTS22H_GetCapabilities
                0x0800b1ac       0x58 ./Drivers/BSP/Components/stts22h.o
                0x0800b1ac                STTS22H_GetCapabilities
 .text.STTS22H_TEMP_Enable
                0x0800b204       0x44 ./Drivers/BSP/Components/stts22h.o
                0x0800b204                STTS22H_TEMP_Enable
 .text.STTS22H_TEMP_Disable
                0x0800b248       0x58 ./Drivers/BSP/Components/stts22h.o
                0x0800b248                STTS22H_TEMP_Disable
 .text.STTS22H_TEMP_GetOutputDataRate
                0x0800b2a0      0x15c ./Drivers/BSP/Components/stts22h.o
                0x0800b2a0                STTS22H_TEMP_GetOutputDataRate
 .text.STTS22H_TEMP_SetOutputDataRate
                0x0800b3fc       0x94 ./Drivers/BSP/Components/stts22h.o
                0x0800b3fc                STTS22H_TEMP_SetOutputDataRate
 .text.STTS22H_TEMP_GetTemperature
                0x0800b490       0x44 ./Drivers/BSP/Components/stts22h.o
                0x0800b490                STTS22H_TEMP_GetTemperature
 .text.ReadRegWrap
                0x0800b4d4       0x6e ./Drivers/BSP/Components/stts22h.o
 .text.WriteRegWrap
                0x0800b542       0x6e ./Drivers/BSP/Components/stts22h.o
 .text.stts22h_read_reg
                0x0800b5b0       0x3c ./Drivers/BSP/Components/stts22h_reg.o
                0x0800b5b0                stts22h_read_reg
 .text.stts22h_write_reg
                0x0800b5ec       0x3c ./Drivers/BSP/Components/stts22h_reg.o
                0x0800b5ec                stts22h_write_reg
 .text.stts22h_from_lsb_to_celsius
                0x0800b628       0x34 ./Drivers/BSP/Components/stts22h_reg.o
                0x0800b628                stts22h_from_lsb_to_celsius
 .text.stts22h_temp_data_rate_set
                0x0800b65c       0x82 ./Drivers/BSP/Components/stts22h_reg.o
                0x0800b65c                stts22h_temp_data_rate_set
 *fill*         0x0800b6de        0x2 
 .text.stts22h_temp_data_rate_get
                0x0800b6e0      0x16c ./Drivers/BSP/Components/stts22h_reg.o
                0x0800b6e0                stts22h_temp_data_rate_get
 .text.stts22h_block_data_update_set
                0x0800b84c       0x4c ./Drivers/BSP/Components/stts22h_reg.o
                0x0800b84c                stts22h_block_data_update_set
 .text.stts22h_temperature_raw_get
                0x0800b898       0x44 ./Drivers/BSP/Components/stts22h_reg.o
                0x0800b898                stts22h_temperature_raw_get
 .text.stts22h_dev_id_get
                0x0800b8dc       0x22 ./Drivers/BSP/Components/stts22h_reg.o
                0x0800b8dc                stts22h_dev_id_get
 .text.stts22h_auto_increment_set
                0x0800b8fe       0x4c ./Drivers/BSP/Components/stts22h_reg.o
                0x0800b8fe                stts22h_auto_increment_set
 *fill*         0x0800b94a        0x2 
 .text.IKS4A1_ENV_SENSOR_Init
                0x0800b94c      0x21c ./Drivers/BSP/IKS4A1/iks4a1_env_sensors.o
                0x0800b94c                IKS4A1_ENV_SENSOR_Init
 .text.IKS4A1_ENV_SENSOR_Enable
                0x0800bb68       0x80 ./Drivers/BSP/IKS4A1/iks4a1_env_sensors.o
                0x0800bb68                IKS4A1_ENV_SENSOR_Enable
 .text.IKS4A1_ENV_SENSOR_Disable
                0x0800bbe8       0x80 ./Drivers/BSP/IKS4A1/iks4a1_env_sensors.o
                0x0800bbe8                IKS4A1_ENV_SENSOR_Disable
 .text.IKS4A1_ENV_SENSOR_GetValue
                0x0800bc68       0x84 ./Drivers/BSP/IKS4A1/iks4a1_env_sensors.o
                0x0800bc68                IKS4A1_ENV_SENSOR_GetValue
 .text.STTS22H_0_Probe
                0x0800bcec      0x16c ./Drivers/BSP/IKS4A1/iks4a1_env_sensors.o
 .text.LPS22DF_0_Probe
                0x0800be58      0x1a0 ./Drivers/BSP/IKS4A1/iks4a1_env_sensors.o
 .text.SHT40AD1B_0_Probe
                0x0800bff8      0x1a0 ./Drivers/BSP/IKS4A1/iks4a1_env_sensors.o
 .text.IKS4A1_MOTION_SENSOR_Init
                0x0800c198      0x264 ./Drivers/BSP/IKS4A1/iks4a1_motion_sensors.o
                0x0800c198                IKS4A1_MOTION_SENSOR_Init
 .text.IKS4A1_MOTION_SENSOR_Enable
                0x0800c3fc       0x84 ./Drivers/BSP/IKS4A1/iks4a1_motion_sensors.o
                0x0800c3fc                IKS4A1_MOTION_SENSOR_Enable
 .text.IKS4A1_MOTION_SENSOR_Disable
                0x0800c480       0x84 ./Drivers/BSP/IKS4A1/iks4a1_motion_sensors.o
                0x0800c480                IKS4A1_MOTION_SENSOR_Disable
 .text.IKS4A1_MOTION_SENSOR_GetAxes
                0x0800c504       0x88 ./Drivers/BSP/IKS4A1/iks4a1_motion_sensors.o
                0x0800c504                IKS4A1_MOTION_SENSOR_GetAxes
 .text.IKS4A1_MOTION_SENSOR_SetOutputDataRate
                0x0800c58c       0x8c ./Drivers/BSP/IKS4A1/iks4a1_motion_sensors.o
                0x0800c58c                IKS4A1_MOTION_SENSOR_SetOutputDataRate
 .text.IKS4A1_MOTION_SENSOR_SetFullScale
                0x0800c618       0x88 ./Drivers/BSP/IKS4A1/iks4a1_motion_sensors.o
                0x0800c618                IKS4A1_MOTION_SENSOR_SetFullScale
 .text.LIS2MDL_0_Probe
                0x0800c6a0      0x150 ./Drivers/BSP/IKS4A1/iks4a1_motion_sensors.o
 .text.LSM6DSV16X_0_Probe
                0x0800c7f0      0x198 ./Drivers/BSP/IKS4A1/iks4a1_motion_sensors.o
 .text.LIS2DUXS12_0_Probe
                0x0800c988      0x16c ./Drivers/BSP/IKS4A1/iks4a1_motion_sensors.o
 .text.LSM6DSO16IS_0_Probe
                0x0800caf4      0x198 ./Drivers/BSP/IKS4A1/iks4a1_motion_sensors.o
 .text.SystemInit
                0x0800cc8c       0x24 ./Drivers/CMSIS/system_stm32f4xx.o
                0x0800cc8c                SystemInit
 .text.HAL_Init
                0x0800ccb0       0x44 ./Drivers/STM32F4xx_HAL_Driver/stm32f4xx_hal.o
                0x0800ccb0                HAL_Init
 .text.HAL_InitTick
                0x0800ccf4       0x60 ./Drivers/STM32F4xx_HAL_Driver/stm32f4xx_hal.o
                0x0800ccf4                HAL_InitTick
 .text.HAL_IncTick
                0x0800cd54       0x28 ./Drivers/STM32F4xx_HAL_Driver/stm32f4xx_hal.o
                0x0800cd54                HAL_IncTick
 .text.HAL_GetTick
                0x0800cd7c       0x18 ./Drivers/STM32F4xx_HAL_Driver/stm32f4xx_hal.o
                0x0800cd7c                HAL_GetTick
 .text.HAL_Delay
                0x0800cd94       0x48 ./Drivers/STM32F4xx_HAL_Driver/stm32f4xx_hal.o
                0x0800cd94                HAL_Delay
 .text.__NVIC_SetPriorityGrouping
                0x0800cddc       0x48 ./Drivers/STM32F4xx_HAL_Driver/stm32f4xx_hal_cortex.o
 .text.__NVIC_GetPriorityGrouping
                0x0800ce24       0x1c ./Drivers/STM32F4xx_HAL_Driver/stm32f4xx_hal_cortex.o
 .text.__NVIC_EnableIRQ
                0x0800ce40       0x3c ./Drivers/STM32F4xx_HAL_Driver/stm32f4xx_hal_cortex.o
 .text.__NVIC_SetPriority
                0x0800ce7c       0x54 ./Drivers/STM32F4xx_HAL_Driver/stm32f4xx_hal_cortex.o
 .text.NVIC_EncodePriority
                0x0800ced0       0x66 ./Drivers/STM32F4xx_HAL_Driver/stm32f4xx_hal_cortex.o
 *fill*         0x0800cf36        0x2 
 .text.SysTick_Config
                0x0800cf38       0x44 ./Drivers/STM32F4xx_HAL_Driver/stm32f4xx_hal_cortex.o
 .text.HAL_NVIC_SetPriorityGrouping
                0x0800cf7c       0x16 ./Drivers/STM32F4xx_HAL_Driver/stm32f4xx_hal_cortex.o
                0x0800cf7c                HAL_NVIC_SetPriorityGrouping
 .text.HAL_NVIC_SetPriority
                0x0800cf92       0x38 ./Drivers/STM32F4xx_HAL_Driver/stm32f4xx_hal_cortex.o
                0x0800cf92                HAL_NVIC_SetPriority
 .text.HAL_NVIC_EnableIRQ
                0x0800cfca       0x1c ./Drivers/STM32F4xx_HAL_Driver/stm32f4xx_hal_cortex.o
                0x0800cfca                HAL_NVIC_EnableIRQ
 .text.HAL_SYSTICK_Config
                0x0800cfe6       0x18 ./Drivers/STM32F4xx_HAL_Driver/stm32f4xx_hal_cortex.o
                0x0800cfe6                HAL_SYSTICK_Config
 .text.HAL_CRC_Init
                0x0800cffe       0x38 ./Drivers/STM32F4xx_HAL_Driver/stm32f4xx_hal_crc.o
                0x0800cffe                HAL_CRC_Init
 *fill*         0x0800d036        0x2 
 .text.HAL_DMA_Init
                0x0800d038      0x15c ./Drivers/STM32F4xx_HAL_Driver/stm32f4xx_hal_dma.o
                0x0800d038                HAL_DMA_Init
 .text.HAL_DMA_Start_IT
                0x0800d194       0xb0 ./Drivers/STM32F4xx_HAL_Driver/stm32f4xx_hal_dma.o
                0x0800d194                HAL_DMA_Start_IT
 .text.HAL_DMA_IRQHandler
                0x0800d244      0x314 ./Drivers/STM32F4xx_HAL_Driver/stm32f4xx_hal_dma.o
                0x0800d244                HAL_DMA_IRQHandler
 .text.DMA_SetConfig
                0x0800d558       0x5c ./Drivers/STM32F4xx_HAL_Driver/stm32f4xx_hal_dma.o
 .text.DMA_CalcBaseAndBitshift
                0x0800d5b4       0x6c ./Drivers/STM32F4xx_HAL_Driver/stm32f4xx_hal_dma.o
 .text.DMA_CheckFifoParam
                0x0800d620       0xf8 ./Drivers/STM32F4xx_HAL_Driver/stm32f4xx_hal_dma.o
 .text.HAL_GPIO_Init
                0x0800d718      0x308 ./Drivers/STM32F4xx_HAL_Driver/stm32f4xx_hal_gpio.o
                0x0800d718                HAL_GPIO_Init
 .text.HAL_GPIO_DeInit
                0x0800da20      0x1c8 ./Drivers/STM32F4xx_HAL_Driver/stm32f4xx_hal_gpio.o
                0x0800da20                HAL_GPIO_DeInit
 .text.HAL_GPIO_WritePin
                0x0800dbe8       0x32 ./Drivers/STM32F4xx_HAL_Driver/stm32f4xx_hal_gpio.o
                0x0800dbe8                HAL_GPIO_WritePin
 *fill*         0x0800dc1a        0x2 
 .text.HAL_GPIO_EXTI_IRQHandler
                0x0800dc1c       0x30 ./Drivers/STM32F4xx_HAL_Driver/stm32f4xx_hal_gpio.o
                0x0800dc1c                HAL_GPIO_EXTI_IRQHandler
 .text.HAL_GPIO_EXTI_Callback
                0x0800dc4c       0x16 ./Drivers/STM32F4xx_HAL_Driver/stm32f4xx_hal_gpio.o
                0x0800dc4c                HAL_GPIO_EXTI_Callback
 *fill*         0x0800dc62        0x2 
 .text.HAL_I2C_Init
                0x0800dc64      0x288 ./Drivers/STM32F4xx_HAL_Driver/stm32f4xx_hal_i2c.o
                0x0800dc64                HAL_I2C_Init
 .text.HAL_I2C_DeInit
                0x0800deec       0x5e ./Drivers/STM32F4xx_HAL_Driver/stm32f4xx_hal_i2c.o
                0x0800deec                HAL_I2C_DeInit
 .text.HAL_I2C_MspInit
                0x0800df4a       0x14 ./Drivers/STM32F4xx_HAL_Driver/stm32f4xx_hal_i2c.o
                0x0800df4a                HAL_I2C_MspInit
 .text.HAL_I2C_MspDeInit
                0x0800df5e       0x14 ./Drivers/STM32F4xx_HAL_Driver/stm32f4xx_hal_i2c.o
                0x0800df5e                HAL_I2C_MspDeInit
 *fill*         0x0800df72        0x2 
 .text.HAL_I2C_Master_Transmit
                0x0800df74      0x1fc ./Drivers/STM32F4xx_HAL_Driver/stm32f4xx_hal_i2c.o
                0x0800df74                HAL_I2C_Master_Transmit
 .text.HAL_I2C_Master_Receive
                0x0800e170      0x464 ./Drivers/STM32F4xx_HAL_Driver/stm32f4xx_hal_i2c.o
                0x0800e170                HAL_I2C_Master_Receive
 .text.HAL_I2C_Mem_Write
                0x0800e5d4      0x1f4 ./Drivers/STM32F4xx_HAL_Driver/stm32f4xx_hal_i2c.o
                0x0800e5d4                HAL_I2C_Mem_Write
 .text.HAL_I2C_Mem_Read
                0x0800e7c8      0x464 ./Drivers/STM32F4xx_HAL_Driver/stm32f4xx_hal_i2c.o
                0x0800e7c8                HAL_I2C_Mem_Read
 .text.HAL_I2C_GetState
                0x0800ec2c       0x1c ./Drivers/STM32F4xx_HAL_Driver/stm32f4xx_hal_i2c.o
                0x0800ec2c                HAL_I2C_GetState
 .text.HAL_I2C_GetError
                0x0800ec48       0x18 ./Drivers/STM32F4xx_HAL_Driver/stm32f4xx_hal_i2c.o
                0x0800ec48                HAL_I2C_GetError
 .text.I2C_MasterRequestWrite
                0x0800ec60      0x104 ./Drivers/STM32F4xx_HAL_Driver/stm32f4xx_hal_i2c.o
 .text.I2C_MasterRequestRead
                0x0800ed64      0x19c ./Drivers/STM32F4xx_HAL_Driver/stm32f4xx_hal_i2c.o
 .text.I2C_RequestMemoryWrite
                0x0800ef00      0x12c ./Drivers/STM32F4xx_HAL_Driver/stm32f4xx_hal_i2c.o
 .text.I2C_RequestMemoryRead
                0x0800f02c      0x1d0 ./Drivers/STM32F4xx_HAL_Driver/stm32f4xx_hal_i2c.o
 .text.I2C_WaitOnFlagUntilTimeout
                0x0800f1fc       0xf4 ./Drivers/STM32F4xx_HAL_Driver/stm32f4xx_hal_i2c.o
 .text.I2C_WaitOnMasterAddressFlagUntilTimeout
                0x0800f2f0      0x140 ./Drivers/STM32F4xx_HAL_Driver/stm32f4xx_hal_i2c.o
 .text.I2C_WaitOnTXEFlagUntilTimeout
                0x0800f430       0x90 ./Drivers/STM32F4xx_HAL_Driver/stm32f4xx_hal_i2c.o
 .text.I2C_WaitOnBTFFlagUntilTimeout
                0x0800f4c0       0x90 ./Drivers/STM32F4xx_HAL_Driver/stm32f4xx_hal_i2c.o
 .text.I2C_WaitOnRXNEFlagUntilTimeout
                0x0800f550       0xba ./Drivers/STM32F4xx_HAL_Driver/stm32f4xx_hal_i2c.o
 .text.I2C_IsAcknowledgeFailed
                0x0800f60a       0x5e ./Drivers/STM32F4xx_HAL_Driver/stm32f4xx_hal_i2c.o
 .text.HAL_RCC_OscConfig
                0x0800f668      0x4f0 ./Drivers/STM32F4xx_HAL_Driver/stm32f4xx_hal_rcc.o
                0x0800f668                HAL_RCC_OscConfig
 .text.HAL_RCC_ClockConfig
                0x0800fb58      0x1cc ./Drivers/STM32F4xx_HAL_Driver/stm32f4xx_hal_rcc.o
                0x0800fb58                HAL_RCC_ClockConfig
 .text.HAL_RCC_GetSysClockFreq
                0x0800fd24      0x20c ./Drivers/STM32F4xx_HAL_Driver/stm32f4xx_hal_rcc.o
                0x0800fd24                HAL_RCC_GetSysClockFreq
 .text.HAL_RCC_GetHCLKFreq
                0x0800ff30       0x18 ./Drivers/STM32F4xx_HAL_Driver/stm32f4xx_hal_rcc.o
                0x0800ff30                HAL_RCC_GetHCLKFreq
 .text.HAL_RCC_GetPCLK1Freq
                0x0800ff48       0x28 ./Drivers/STM32F4xx_HAL_Driver/stm32f4xx_hal_rcc.o
                0x0800ff48                HAL_RCC_GetPCLK1Freq
 .text.HAL_RCC_GetPCLK2Freq
                0x0800ff70       0x28 ./Drivers/STM32F4xx_HAL_Driver/stm32f4xx_hal_rcc.o
                0x0800ff70                HAL_RCC_GetPCLK2Freq
 .text.HAL_RCCEx_PeriphCLKConfig
                0x0800ff98      0x1dc ./Drivers/STM32F4xx_HAL_Driver/stm32f4xx_hal_rcc_ex.o
                0x0800ff98                HAL_RCCEx_PeriphCLKConfig
 .text.HAL_RTC_Init
                0x08010174      0x106 ./Drivers/STM32F4xx_HAL_Driver/stm32f4xx_hal_rtc.o
                0x08010174                HAL_RTC_Init
 .text.HAL_RTC_SetTime
                0x0801027a      0x134 ./Drivers/STM32F4xx_HAL_Driver/stm32f4xx_hal_rtc.o
                0x0801027a                HAL_RTC_SetTime
 .text.HAL_RTC_GetTime
                0x080103ae       0xbc ./Drivers/STM32F4xx_HAL_Driver/stm32f4xx_hal_rtc.o
                0x080103ae                HAL_RTC_GetTime
 .text.HAL_RTC_SetDate
                0x0801046a      0x108 ./Drivers/STM32F4xx_HAL_Driver/stm32f4xx_hal_rtc.o
                0x0801046a                HAL_RTC_SetDate
 .text.HAL_RTC_GetDate
                0x08010572       0x9e ./Drivers/STM32F4xx_HAL_Driver/stm32f4xx_hal_rtc.o
                0x08010572                HAL_RTC_GetDate
 .text.HAL_RTC_WaitForSynchro
                0x08010610       0x4c ./Drivers/STM32F4xx_HAL_Driver/stm32f4xx_hal_rtc.o
                0x08010610                HAL_RTC_WaitForSynchro
 .text.RTC_EnterInitMode
                0x0801065c       0x6e ./Drivers/STM32F4xx_HAL_Driver/stm32f4xx_hal_rtc.o
                0x0801065c                RTC_EnterInitMode
 .text.RTC_ExitInitMode
                0x080106ca       0x4a ./Drivers/STM32F4xx_HAL_Driver/stm32f4xx_hal_rtc.o
                0x080106ca                RTC_ExitInitMode
 .text.RTC_ByteToBcd2
                0x08010714       0x3c ./Drivers/STM32F4xx_HAL_Driver/stm32f4xx_hal_rtc.o
                0x08010714                RTC_ByteToBcd2
 .text.RTC_Bcd2ToByte
                0x08010750       0x3c ./Drivers/STM32F4xx_HAL_Driver/stm32f4xx_hal_rtc.o
                0x08010750                RTC_Bcd2ToByte
 .text.HAL_TIM_Base_Init
                0x0801078c       0x9e ./Drivers/STM32F4xx_HAL_Driver/stm32f4xx_hal_tim.o
                0x0801078c                HAL_TIM_Base_Init
 *fill*         0x0801082a        0x2 
 .text.HAL_TIM_Base_Start_IT
                0x0801082c       0xc4 ./Drivers/STM32F4xx_HAL_Driver/stm32f4xx_hal_tim.o
                0x0801082c                HAL_TIM_Base_Start_IT
 .text.HAL_TIM_Base_Stop_IT
                0x080108f0       0x5e ./Drivers/STM32F4xx_HAL_Driver/stm32f4xx_hal_tim.o
                0x080108f0                HAL_TIM_Base_Stop_IT
 .text.HAL_TIM_IRQHandler
                0x0801094e      0x1e0 ./Drivers/STM32F4xx_HAL_Driver/stm32f4xx_hal_tim.o
                0x0801094e                HAL_TIM_IRQHandler
 .text.HAL_TIM_ConfigClockSource
                0x08010b2e      0x18e ./Drivers/STM32F4xx_HAL_Driver/stm32f4xx_hal_tim.o
                0x08010b2e                HAL_TIM_ConfigClockSource
 .text.HAL_TIM_OC_DelayElapsedCallback
                0x08010cbc       0x14 ./Drivers/STM32F4xx_HAL_Driver/stm32f4xx_hal_tim.o
                0x08010cbc                HAL_TIM_OC_DelayElapsedCallback
 .text.HAL_TIM_IC_CaptureCallback
                0x08010cd0       0x14 ./Drivers/STM32F4xx_HAL_Driver/stm32f4xx_hal_tim.o
                0x08010cd0                HAL_TIM_IC_CaptureCallback
 .text.HAL_TIM_PWM_PulseFinishedCallback
                0x08010ce4       0x14 ./Drivers/STM32F4xx_HAL_Driver/stm32f4xx_hal_tim.o
                0x08010ce4                HAL_TIM_PWM_PulseFinishedCallback
 .text.HAL_TIM_TriggerCallback
                0x08010cf8       0x14 ./Drivers/STM32F4xx_HAL_Driver/stm32f4xx_hal_tim.o
                0x08010cf8                HAL_TIM_TriggerCallback
 .text.TIM_Base_SetConfig
                0x08010d0c      0x118 ./Drivers/STM32F4xx_HAL_Driver/stm32f4xx_hal_tim.o
                0x08010d0c                TIM_Base_SetConfig
 .text.TIM_TI1_ConfigInputStage
                0x08010e24       0x5e ./Drivers/STM32F4xx_HAL_Driver/stm32f4xx_hal_tim.o
 .text.TIM_TI2_ConfigInputStage
                0x08010e82       0x60 ./Drivers/STM32F4xx_HAL_Driver/stm32f4xx_hal_tim.o
 .text.TIM_ITRx_SetConfig
                0x08010ee2       0x36 ./Drivers/STM32F4xx_HAL_Driver/stm32f4xx_hal_tim.o
 .text.TIM_ETR_SetConfig
                0x08010f18       0x40 ./Drivers/STM32F4xx_HAL_Driver/stm32f4xx_hal_tim.o
                0x08010f18                TIM_ETR_SetConfig
 .text.HAL_TIMEx_MasterConfigSynchronization
                0x08010f58       0xdc ./Drivers/STM32F4xx_HAL_Driver/stm32f4xx_hal_tim_ex.o
                0x08010f58                HAL_TIMEx_MasterConfigSynchronization
 .text.HAL_TIMEx_CommutCallback
                0x08011034       0x14 ./Drivers/STM32F4xx_HAL_Driver/stm32f4xx_hal_tim_ex.o
                0x08011034                HAL_TIMEx_CommutCallback
 .text.HAL_TIMEx_BreakCallback
                0x08011048       0x14 ./Drivers/STM32F4xx_HAL_Driver/stm32f4xx_hal_tim_ex.o
                0x08011048                HAL_TIMEx_BreakCallback
 .text.HAL_UART_Init
                0x0801105c       0xa0 ./Drivers/STM32F4xx_HAL_Driver/stm32f4xx_hal_uart.o
                0x0801105c                HAL_UART_Init
 .text.HAL_UART_MspInit
                0x080110fc       0x14 ./Drivers/STM32F4xx_HAL_Driver/stm32f4xx_hal_uart.o
                0x080110fc                HAL_UART_MspInit
 .text.HAL_UART_Transmit
                0x08011110      0x116 ./Drivers/STM32F4xx_HAL_Driver/stm32f4xx_hal_uart.o
                0x08011110                HAL_UART_Transmit
 .text.HAL_UART_Receive_DMA
                0x08011226       0x4a ./Drivers/STM32F4xx_HAL_Driver/stm32f4xx_hal_uart.o
                0x08011226                HAL_UART_Receive_DMA
 .text.HAL_UART_RxCpltCallback
                0x08011270       0x14 ./Drivers/STM32F4xx_HAL_Driver/stm32f4xx_hal_uart.o
                0x08011270                HAL_UART_RxCpltCallback
 .text.HAL_UART_RxHalfCpltCallback
                0x08011284       0x14 ./Drivers/STM32F4xx_HAL_Driver/stm32f4xx_hal_uart.o
                0x08011284                HAL_UART_RxHalfCpltCallback
 .text.HAL_UART_ErrorCallback
                0x08011298       0x14 ./Drivers/STM32F4xx_HAL_Driver/stm32f4xx_hal_uart.o
                0x08011298                HAL_UART_ErrorCallback
 .text.HAL_UARTEx_RxEventCallback
                0x080112ac       0x18 ./Drivers/STM32F4xx_HAL_Driver/stm32f4xx_hal_uart.o
                0x080112ac                HAL_UARTEx_RxEventCallback
 .text.UART_DMAReceiveCplt
                0x080112c4      0x12c ./Drivers/STM32F4xx_HAL_Driver/stm32f4xx_hal_uart.o
 .text.UART_DMARxHalfCplt
                0x080113f0       0x3c ./Drivers/STM32F4xx_HAL_Driver/stm32f4xx_hal_uart.o
 .text.UART_DMAError
                0x0801142c       0x94 ./Drivers/STM32F4xx_HAL_Driver/stm32f4xx_hal_uart.o
 .text.UART_WaitOnFlagUntilTimeout
                0x080114c0       0xb2 ./Drivers/STM32F4xx_HAL_Driver/stm32f4xx_hal_uart.o
 *fill*         0x08011572        0x2 
 .text.UART_Start_Receive_DMA
                0x08011574      0x134 ./Drivers/STM32F4xx_HAL_Driver/stm32f4xx_hal_uart.o
                0x08011574                UART_Start_Receive_DMA
 .text.UART_EndTxTransfer
                0x080116a8       0x50 ./Drivers/STM32F4xx_HAL_Driver/stm32f4xx_hal_uart.o
 .text.UART_EndRxTransfer
                0x080116f8       0xc6 ./Drivers/STM32F4xx_HAL_Driver/stm32f4xx_hal_uart.o
 *fill*         0x080117be        0x2 
 .text.UART_SetConfig
                0x080117c0      0x4e8 ./Drivers/STM32F4xx_HAL_Driver/stm32f4xx_hal_uart.o
 .text.MEMS_INV3x3
                0x08011ca8      0x1f4 ../../../../../../../Middlewares/ST/STM32_MotionMC_Library/Lib\MotionMC_CM4F_wc32_ot_hard.a(motion_mc.o)
 .text.MEMS_checkConsistency.constprop.0
                0x08011e9c      0x120 ../../../../../../../Middlewares/ST/STM32_MotionMC_Library/Lib\MotionMC_CM4F_wc32_ot_hard.a(motion_mc.o)
 .text.MEMS_checkTotalMagHist.constprop.0
                0x08011fbc      0x108 ../../../../../../../Middlewares/ST/STM32_MotionMC_Library/Lib\MotionMC_CM4F_wc32_ot_hard.a(motion_mc.o)
 .text.Hessenberg_Form_Orthogonal.isra.0
                0x080120c4      0x260 ../../../../../../../Middlewares/ST/STM32_MotionMC_Library/Lib\MotionMC_CM4F_wc32_ot_hard.a(motion_mc.o)
 .text.MEMS_updateMagBufferIndex.constprop.0
                0x08012324      0x1b0 ../../../../../../../Middlewares/ST/STM32_MotionMC_Library/Lib\MotionMC_CM4F_wc32_ot_hard.a(motion_mc.o)
 .text.getMagStats.constprop.0
                0x080124d4      0x230 ../../../../../../../Middlewares/ST/STM32_MotionMC_Library/Lib\MotionMC_CM4F_wc32_ot_hard.a(motion_mc.o)
 *fill*         0x08012704        0x4 
 .text.MEMS_runCalibration.constprop.0
                0x08012708     0x528c ../../../../../../../Middlewares/ST/STM32_MotionMC_Library/Lib\MotionMC_CM4F_wc32_ot_hard.a(motion_mc.o)
 .text.MEMS_compareCalScore
                0x08017994      0x34c ../../../../../../../Middlewares/ST/STM32_MotionMC_Library/Lib\MotionMC_CM4F_wc32_ot_hard.a(motion_mc.o)
 .text.MEMS_runMagCal.constprop.0
                0x08017ce0     0x2918 ../../../../../../../Middlewares/ST/STM32_MotionMC_Library/Lib\MotionMC_CM4F_wc32_ot_hard.a(motion_mc.o)
 .text.MotionMC_Initialize
                0x0801a5f8      0x2e4 ../../../../../../../Middlewares/ST/STM32_MotionMC_Library/Lib\MotionMC_CM4F_wc32_ot_hard.a(motion_mc.o)
                0x0801a5f8                MotionMC_Initialize
 .text.MotionMC_Update
                0x0801a8dc      0x1e0 ../../../../../../../Middlewares/ST/STM32_MotionMC_Library/Lib\MotionMC_CM4F_wc32_ot_hard.a(motion_mc.o)
                0x0801a8dc                MotionMC_Update
 .text.MotionMC_GetCalParams
                0x0801aabc       0xb8 ../../../../../../../Middlewares/ST/STM32_MotionMC_Library/Lib\MotionMC_CM4F_wc32_ot_hard.a(motion_mc.o)
                0x0801aabc                MotionMC_GetCalParams
 .text.MotionMC_GetLibVersion
                0x0801ab74       0x58 ../../../../../../../Middlewares/ST/STM32_MotionMC_Library/Lib\MotionMC_CM4F_wc32_ot_hard.a(motion_mc.o)
                0x0801ab74                MotionMC_GetLibVersion
 .text.snprintf