C:/Users/dahalc1/STM32Cube/Repository/Packs/STMicroelectronics/X-CUBE-MEMS1/11.3.0/Projects/NUCLEO-F401RE/Applications/IKS4A1/GyroscopeCalibration/Src/app_mems.c:85:6:MX_MEMS_Init	8	static
C:/Users/dahalc1/STM32Cube/Repository/Packs/STMicroelectronics/X-CUBE-MEMS1/11.3.0/Projects/NUCLEO-F401RE/Applications/IKS4A1/GyroscopeCalibration/Src/app_mems.c:107:6:MX_MEMS_Process	8	static
C:/Users/dahalc1/STM32Cube/Repository/Packs/STMicroelectronics/X-CUBE-MEMS1/11.3.0/Projects/NUCLEO-F401RE/Applications/IKS4A1/GyroscopeCalibration/Src/app_mems.c:127:6:HAL_TIM_PeriodElapsedCallback	16	static
C:/Users/dahalc1/STM32Cube/Repository/Packs/STMicroelectronics/X-CUBE-MEMS1/11.3.0/Projects/NUCLEO-F401RE/Applications/IKS4A1/GyroscopeCalibration/Src/app_mems.c:140:13:MX_GyroscopeCalibration_Init	24	static
C:/Users/dahalc1/STM32Cube/Repository/Packs/STMicroelectronics/X-CUBE-MEMS1/11.3.0/Projects/NUCLEO-F401RE/Applications/IKS4A1/GyroscopeCalibration/Src/app_mems.c:200:13:MX_GyroscopeCalibration_Process	8	static
C:/Users/dahalc1/STM32Cube/Repository/Packs/STMicroelectronics/X-CUBE-MEMS1/11.3.0/Projects/NUCLEO-F401RE/Applications/IKS4A1/GyroscopeCalibration/Src/app_mems.c:262:13:Init_Sensors	8	static
C:/Users/dahalc1/STM32Cube/Repository/Packs/STMicroelectronics/X-CUBE-MEMS1/11.3.0/Projects/NUCLEO-F401RE/Applications/IKS4A1/GyroscopeCalibration/Src/app_mems.c:280:13:RTC_Handler	56	static
C:/Users/dahalc1/STM32Cube/Repository/Packs/STMicroelectronics/X-CUBE-MEMS1/11.3.0/Projects/NUCLEO-F401RE/Applications/IKS4A1/GyroscopeCalibration/Src/app_mems.c:321:13:GC_Data_Handler	80	static
C:/Users/dahalc1/STM32Cube/Repository/Packs/STMicroelectronics/X-CUBE-MEMS1/11.3.0/Projects/NUCLEO-F401RE/Applications/IKS4A1/GyroscopeCalibration/Src/app_mems.c:376:13:Accelero_Sensor_Handler	16	static
C:/Users/dahalc1/STM32Cube/Repository/Packs/STMicroelectronics/X-CUBE-MEMS1/11.3.0/Projects/NUCLEO-F401RE/Applications/IKS4A1/GyroscopeCalibration/Src/app_mems.c:402:13:Gyro_Sensor_Handler	16	static
C:/Users/dahalc1/STM32Cube/Repository/Packs/STMicroelectronics/X-CUBE-MEMS1/11.3.0/Projects/NUCLEO-F401RE/Applications/IKS4A1/GyroscopeCalibration/Src/app_mems.c:428:13:Magneto_Sensor_Handler	16	static
C:/Users/dahalc1/STM32Cube/Repository/Packs/STMicroelectronics/X-CUBE-MEMS1/11.3.0/Projects/NUCLEO-F401RE/Applications/IKS4A1/GyroscopeCalibration/Src/app_mems.c:454:13:Pressure_Sensor_Handler	16	static
C:/Users/dahalc1/STM32Cube/Repository/Packs/STMicroelectronics/X-CUBE-MEMS1/11.3.0/Projects/NUCLEO-F401RE/Applications/IKS4A1/GyroscopeCalibration/Src/app_mems.c:476:13:Temperature_Sensor_Handler	16	static
C:/Users/dahalc1/STM32Cube/Repository/Packs/STMicroelectronics/X-CUBE-MEMS1/11.3.0/Projects/NUCLEO-F401RE/Applications/IKS4A1/GyroscopeCalibration/Src/app_mems.c:498:13:Humidity_Sensor_Handler	16	static
C:/Users/dahalc1/STM32Cube/Repository/Packs/STMicroelectronics/X-CUBE-MEMS1/11.3.0/Projects/NUCLEO-F401RE/Applications/IKS4A1/GyroscopeCalibration/Src/app_mems.c:520:13:TIM_Config	32	static
C:/Users/dahalc1/STM32Cube/Repository/Packs/STMicroelectronics/X-CUBE-MEMS1/11.3.0/Projects/NUCLEO-F401RE/Applications/IKS4A1/GyroscopeCalibration/Src/app_mems.c:551:13:DWT_Init	4	static
C:/Users/dahalc1/STM32Cube/Repository/Packs/STMicroelectronics/X-CUBE-MEMS1/11.3.0/Projects/NUCLEO-F401RE/Applications/IKS4A1/GyroscopeCalibration/Src/app_mems.c:562:13:DWT_Start	4	static
C:/Users/dahalc1/STM32Cube/Repository/Packs/STMicroelectronics/X-CUBE-MEMS1/11.3.0/Projects/NUCLEO-F401RE/Applications/IKS4A1/GyroscopeCalibration/Src/app_mems.c:573:17:DWT_Stop	16	static
