C:/Users/dahalc1/STM32Cube/Repository/Packs/STMicroelectronics/X-CUBE-MEMS1/11.3.0/Drivers/BSP/IKS4A1/iks4a1_motion_sensors_ex.c:55:9:IKS4A1_MOTION_SENSOR_Read_Register	32	static
C:/Users/dahalc1/STM32Cube/Repository/Packs/STMicroelectronics/X-CUBE-MEMS1/11.3.0/Drivers/BSP/IKS4A1/iks4a1_motion_sensors_ex.c:583:9:IKS4A1_MOTION_SENSOR_Write_Register	24	static
C:/Users/dahalc1/STM32Cube/Repository/Packs/STMicroelectronics/X-CUBE-MEMS1/11.3.0/Drivers/BSP/IKS4A1/iks4a1_motion_sensors_ex.c:1111:9:IKS4A1_MOTION_SENSOR_ACC_HG_Enable	24	static
C:/Users/dahalc1/STM32Cube/Repository/Packs/STMicroelectronics/X-CUBE-MEMS1/11.3.0/Drivers/BSP/IKS4A1/iks4a1_motion_sensors_ex.c:1172:9:IKS4A1_MOTION_SENSOR_ACC_HG_Disable	24	static
C:/Users/dahalc1/STM32Cube/Repository/Packs/STMicroelectronics/X-CUBE-MEMS1/11.3.0/Drivers/BSP/IKS4A1/iks4a1_motion_sensors_ex.c:1234:9:IKS4A1_MOTION_SENSOR_ACC_HG_GetSensitivity	32	static
C:/Users/dahalc1/STM32Cube/Repository/Packs/STMicroelectronics/X-CUBE-MEMS1/11.3.0/Drivers/BSP/IKS4A1/iks4a1_motion_sensors_ex.c:1296:9:IKS4A1_MOTION_SENSOR_ACC_HG_GetOutputDataRate	32	static
C:/Users/dahalc1/STM32Cube/Repository/Packs/STMicroelectronics/X-CUBE-MEMS1/11.3.0/Drivers/BSP/IKS4A1/iks4a1_motion_sensors_ex.c:1358:9:IKS4A1_MOTION_SENSOR_ACC_HG_SetOutputDataRate	32	static
C:/Users/dahalc1/STM32Cube/Repository/Packs/STMicroelectronics/X-CUBE-MEMS1/11.3.0/Drivers/BSP/IKS4A1/iks4a1_motion_sensors_ex.c:1420:9:IKS4A1_MOTION_SENSOR_ACC_HG_GetFullScale	32	static
C:/Users/dahalc1/STM32Cube/Repository/Packs/STMicroelectronics/X-CUBE-MEMS1/11.3.0/Drivers/BSP/IKS4A1/iks4a1_motion_sensors_ex.c:1482:9:IKS4A1_MOTION_SENSOR_ACC_HG_SetFullScale	32	static
C:/Users/dahalc1/STM32Cube/Repository/Packs/STMicroelectronics/X-CUBE-MEMS1/11.3.0/Drivers/BSP/IKS4A1/iks4a1_motion_sensors_ex.c:1544:9:IKS4A1_MOTION_SENSOR_ACC_HG_GetAxesRaw	32	static
C:/Users/dahalc1/STM32Cube/Repository/Packs/STMicroelectronics/X-CUBE-MEMS1/11.3.0/Drivers/BSP/IKS4A1/iks4a1_motion_sensors_ex.c:1606:9:IKS4A1_MOTION_SENSOR_ACC_HG_GetAxes	32	static
C:/Users/dahalc1/STM32Cube/Repository/Packs/STMicroelectronics/X-CUBE-MEMS1/11.3.0/Drivers/BSP/IKS4A1/iks4a1_motion_sensors_ex.c:1670:9:IKS4A1_MOTION_SENSOR_Get_DRDY_Status	32	static
C:/Users/dahalc1/STM32Cube/Repository/Packs/STMicroelectronics/X-CUBE-MEMS1/11.3.0/Drivers/BSP/IKS4A1/iks4a1_motion_sensors_ex.c:2740:9:IKS4A1_MOTION_SENSOR_Get_Event_Status	24	static
C:/Users/dahalc1/STM32Cube/Repository/Packs/STMicroelectronics/X-CUBE-MEMS1/11.3.0/Drivers/BSP/IKS4A1/iks4a1_motion_sensors_ex.c:2775:9:IKS4A1_MOTION_SENSOR_Enable_Free_Fall_Detection	24	static
C:/Users/dahalc1/STM32Cube/Repository/Packs/STMicroelectronics/X-CUBE-MEMS1/11.3.0/Drivers/BSP/IKS4A1/iks4a1_motion_sensors_ex.c:2822:9:IKS4A1_MOTION_SENSOR_Disable_Free_Fall_Detection	24	static
C:/Users/dahalc1/STM32Cube/Repository/Packs/STMicroelectronics/X-CUBE-MEMS1/11.3.0/Drivers/BSP/IKS4A1/iks4a1_motion_sensors_ex.c:2855:9:IKS4A1_MOTION_SENSOR_Set_Free_Fall_Threshold	24	static
C:/Users/dahalc1/STM32Cube/Repository/Packs/STMicroelectronics/X-CUBE-MEMS1/11.3.0/Drivers/BSP/IKS4A1/iks4a1_motion_sensors_ex.c:2888:9:IKS4A1_MOTION_SENSOR_Set_Free_Fall_Duration	24	static
C:/Users/dahalc1/STM32Cube/Repository/Packs/STMicroelectronics/X-CUBE-MEMS1/11.3.0/Drivers/BSP/IKS4A1/iks4a1_motion_sensors_ex.c:2921:9:IKS4A1_MOTION_SENSOR_Enable_Pedometer	24	static
C:/Users/dahalc1/STM32Cube/Repository/Packs/STMicroelectronics/X-CUBE-MEMS1/11.3.0/Drivers/BSP/IKS4A1/iks4a1_motion_sensors_ex.c:2968:9:IKS4A1_MOTION_SENSOR_Disable_Pedometer	24	static
C:/Users/dahalc1/STM32Cube/Repository/Packs/STMicroelectronics/X-CUBE-MEMS1/11.3.0/Drivers/BSP/IKS4A1/iks4a1_motion_sensors_ex.c:3001:9:IKS4A1_MOTION_SENSOR_Reset_Step_Counter	24	static
C:/Users/dahalc1/STM32Cube/Repository/Packs/STMicroelectronics/X-CUBE-MEMS1/11.3.0/Drivers/BSP/IKS4A1/iks4a1_motion_sensors_ex.c:3034:9:IKS4A1_MOTION_SENSOR_Get_Step_Count	24	static
C:/Users/dahalc1/STM32Cube/Repository/Packs/STMicroelectronics/X-CUBE-MEMS1/11.3.0/Drivers/BSP/IKS4A1/iks4a1_motion_sensors_ex.c:3068:9:IKS4A1_MOTION_SENSOR_Enable_Tilt_Detection	24	static
C:/Users/dahalc1/STM32Cube/Repository/Packs/STMicroelectronics/X-CUBE-MEMS1/11.3.0/Drivers/BSP/IKS4A1/iks4a1_motion_sensors_ex.c:3115:9:IKS4A1_MOTION_SENSOR_Disable_Tilt_Detection	24	static
C:/Users/dahalc1/STM32Cube/Repository/Packs/STMicroelectronics/X-CUBE-MEMS1/11.3.0/Drivers/BSP/IKS4A1/iks4a1_motion_sensors_ex.c:3149:9:IKS4A1_MOTION_SENSOR_Enable_Wake_Up_Detection	24	static
C:/Users/dahalc1/STM32Cube/Repository/Packs/STMicroelectronics/X-CUBE-MEMS1/11.3.0/Drivers/BSP/IKS4A1/iks4a1_motion_sensors_ex.c:3196:9:IKS4A1_MOTION_SENSOR_Disable_Wake_Up_Detection	24	static
C:/Users/dahalc1/STM32Cube/Repository/Packs/STMicroelectronics/X-CUBE-MEMS1/11.3.0/Drivers/BSP/IKS4A1/iks4a1_motion_sensors_ex.c:3229:9:IKS4A1_MOTION_SENSOR_Set_Wake_Up_Threshold	24	static
C:/Users/dahalc1/STM32Cube/Repository/Packs/STMicroelectronics/X-CUBE-MEMS1/11.3.0/Drivers/BSP/IKS4A1/iks4a1_motion_sensors_ex.c:3262:9:IKS4A1_MOTION_SENSOR_Set_Wake_Up_Duration	24	static
C:/Users/dahalc1/STM32Cube/Repository/Packs/STMicroelectronics/X-CUBE-MEMS1/11.3.0/Drivers/BSP/IKS4A1/iks4a1_motion_sensors_ex.c:3296:9:IKS4A1_MOTION_SENSOR_Enable_Single_Tap_Detection	24	static
C:/Users/dahalc1/STM32Cube/Repository/Packs/STMicroelectronics/X-CUBE-MEMS1/11.3.0/Drivers/BSP/IKS4A1/iks4a1_motion_sensors_ex.c:3343:9:IKS4A1_MOTION_SENSOR_Disable_Single_Tap_Detection	24	static
C:/Users/dahalc1/STM32Cube/Repository/Packs/STMicroelectronics/X-CUBE-MEMS1/11.3.0/Drivers/BSP/IKS4A1/iks4a1_motion_sensors_ex.c:3377:9:IKS4A1_MOTION_SENSOR_Enable_Double_Tap_Detection	24	static
C:/Users/dahalc1/STM32Cube/Repository/Packs/STMicroelectronics/X-CUBE-MEMS1/11.3.0/Drivers/BSP/IKS4A1/iks4a1_motion_sensors_ex.c:3424:9:IKS4A1_MOTION_SENSOR_Disable_Double_Tap_Detection	24	static
C:/Users/dahalc1/STM32Cube/Repository/Packs/STMicroelectronics/X-CUBE-MEMS1/11.3.0/Drivers/BSP/IKS4A1/iks4a1_motion_sensors_ex.c:3457:9:IKS4A1_MOTION_SENSOR_Set_Tap_Threshold	24	static
C:/Users/dahalc1/STM32Cube/Repository/Packs/STMicroelectronics/X-CUBE-MEMS1/11.3.0/Drivers/BSP/IKS4A1/iks4a1_motion_sensors_ex.c:3490:9:IKS4A1_MOTION_SENSOR_Set_Tap_Shock_Time	24	static
C:/Users/dahalc1/STM32Cube/Repository/Packs/STMicroelectronics/X-CUBE-MEMS1/11.3.0/Drivers/BSP/IKS4A1/iks4a1_motion_sensors_ex.c:3523:9:IKS4A1_MOTION_SENSOR_Set_Tap_Quiet_Time	24	static
C:/Users/dahalc1/STM32Cube/Repository/Packs/STMicroelectronics/X-CUBE-MEMS1/11.3.0/Drivers/BSP/IKS4A1/iks4a1_motion_sensors_ex.c:3556:9:IKS4A1_MOTION_SENSOR_Set_Tap_Duration_Time	24	static
C:/Users/dahalc1/STM32Cube/Repository/Packs/STMicroelectronics/X-CUBE-MEMS1/11.3.0/Drivers/BSP/IKS4A1/iks4a1_motion_sensors_ex.c:3590:9:IKS4A1_MOTION_SENSOR_Enable_6D_Orientation	24	static
C:/Users/dahalc1/STM32Cube/Repository/Packs/STMicroelectronics/X-CUBE-MEMS1/11.3.0/Drivers/BSP/IKS4A1/iks4a1_motion_sensors_ex.c:3637:9:IKS4A1_MOTION_SENSOR_Disable_6D_Orientation	24	static
C:/Users/dahalc1/STM32Cube/Repository/Packs/STMicroelectronics/X-CUBE-MEMS1/11.3.0/Drivers/BSP/IKS4A1/iks4a1_motion_sensors_ex.c:3670:9:IKS4A1_MOTION_SENSOR_Set_6D_Orientation_Threshold	24	static
C:/Users/dahalc1/STM32Cube/Repository/Packs/STMicroelectronics/X-CUBE-MEMS1/11.3.0/Drivers/BSP/IKS4A1/iks4a1_motion_sensors_ex.c:3703:9:IKS4A1_MOTION_SENSOR_Get_6D_Orientation_XL	24	static
C:/Users/dahalc1/STM32Cube/Repository/Packs/STMicroelectronics/X-CUBE-MEMS1/11.3.0/Drivers/BSP/IKS4A1/iks4a1_motion_sensors_ex.c:3736:9:IKS4A1_MOTION_SENSOR_Get_6D_Orientation_XH	24	static
C:/Users/dahalc1/STM32Cube/Repository/Packs/STMicroelectronics/X-CUBE-MEMS1/11.3.0/Drivers/BSP/IKS4A1/iks4a1_motion_sensors_ex.c:3769:9:IKS4A1_MOTION_SENSOR_Get_6D_Orientation_YL	24	static
C:/Users/dahalc1/STM32Cube/Repository/Packs/STMicroelectronics/X-CUBE-MEMS1/11.3.0/Drivers/BSP/IKS4A1/iks4a1_motion_sensors_ex.c:3802:9:IKS4A1_MOTION_SENSOR_Get_6D_Orientation_YH	24	static
C:/Users/dahalc1/STM32Cube/Repository/Packs/STMicroelectronics/X-CUBE-MEMS1/11.3.0/Drivers/BSP/IKS4A1/iks4a1_motion_sensors_ex.c:3835:9:IKS4A1_MOTION_SENSOR_Get_6D_Orientation_ZL	24	static
C:/Users/dahalc1/STM32Cube/Repository/Packs/STMicroelectronics/X-CUBE-MEMS1/11.3.0/Drivers/BSP/IKS4A1/iks4a1_motion_sensors_ex.c:3868:9:IKS4A1_MOTION_SENSOR_Get_6D_Orientation_ZH	24	static
C:/Users/dahalc1/STM32Cube/Repository/Packs/STMicroelectronics/X-CUBE-MEMS1/11.3.0/Drivers/BSP/IKS4A1/iks4a1_motion_sensors_ex.c:3901:9:IKS4A1_MOTION_SENSOR_FIFO_Get_Num_Samples	24	static
C:/Users/dahalc1/STM32Cube/Repository/Packs/STMicroelectronics/X-CUBE-MEMS1/11.3.0/Drivers/BSP/IKS4A1/iks4a1_motion_sensors_ex.c:3934:9:IKS4A1_MOTION_SENSOR_FIFO_Get_Full_Status	24	static
C:/Users/dahalc1/STM32Cube/Repository/Packs/STMicroelectronics/X-CUBE-MEMS1/11.3.0/Drivers/BSP/IKS4A1/iks4a1_motion_sensors_ex.c:3971:9:IKS4A1_MOTION_SENSOR_FIFO_Set_BDR	32	static
C:/Users/dahalc1/STM32Cube/Repository/Packs/STMicroelectronics/X-CUBE-MEMS1/11.3.0/Drivers/BSP/IKS4A1/iks4a1_motion_sensors_ex.c:4022:9:IKS4A1_MOTION_SENSOR_FIFO_Set_INT1_FIFO_Full	24	static
C:/Users/dahalc1/STM32Cube/Repository/Packs/STMicroelectronics/X-CUBE-MEMS1/11.3.0/Drivers/BSP/IKS4A1/iks4a1_motion_sensors_ex.c:4055:9:IKS4A1_MOTION_SENSOR_FIFO_Set_Watermark_Level	24	static
C:/Users/dahalc1/STM32Cube/Repository/Packs/STMicroelectronics/X-CUBE-MEMS1/11.3.0/Drivers/BSP/IKS4A1/iks4a1_motion_sensors_ex.c:4088:9:IKS4A1_MOTION_SENSOR_FIFO_Set_Stop_On_Fth	24	static
C:/Users/dahalc1/STM32Cube/Repository/Packs/STMicroelectronics/X-CUBE-MEMS1/11.3.0/Drivers/BSP/IKS4A1/iks4a1_motion_sensors_ex.c:4121:9:IKS4A1_MOTION_SENSOR_FIFO_Set_Mode	24	static
C:/Users/dahalc1/STM32Cube/Repository/Packs/STMicroelectronics/X-CUBE-MEMS1/11.3.0/Drivers/BSP/IKS4A1/iks4a1_motion_sensors_ex.c:4154:9:IKS4A1_MOTION_SENSOR_FIFO_Get_Tag	24	static
C:/Users/dahalc1/STM32Cube/Repository/Packs/STMicroelectronics/X-CUBE-MEMS1/11.3.0/Drivers/BSP/IKS4A1/iks4a1_motion_sensors_ex.c:4191:9:IKS4A1_MOTION_SENSOR_FIFO_Get_Axes	32	static
C:/Users/dahalc1/STM32Cube/Repository/Packs/STMicroelectronics/X-CUBE-MEMS1/11.3.0/Drivers/BSP/IKS4A1/iks4a1_motion_sensors_ex.c:4247:9:IKS4A1_MOTION_SENSOR_Set_SelfTest	32	static
C:/Users/dahalc1/STM32Cube/Repository/Packs/STMicroelectronics/X-CUBE-MEMS1/11.3.0/Drivers/BSP/IKS4A1/iks4a1_motion_sensors_ex.c:4287:9:IKS4A1_MOTION_SENSOR_DRDY_Set_Mode	24	static
C:/Users/dahalc1/STM32Cube/Repository/Packs/STMicroelectronics/X-CUBE-MEMS1/11.3.0/Drivers/BSP/IKS4A1/iks4a1_motion_sensors_ex.c:4324:9:IKS4A1_MOTION_SENSOR_DRDY_Enable_Interrupt	32	static
C:/Users/dahalc1/STM32Cube/Repository/Packs/STMicroelectronics/X-CUBE-MEMS1/11.3.0/Drivers/BSP/IKS4A1/iks4a1_motion_sensors_ex.c:4394:9:IKS4A1_MOTION_SENSOR_DRDY_Disable_Interrupt	32	static
