C:/Users/dahalc1/STM32Cube/Repository/Packs/STMicroelectronics/X-CUBE-MEMS1/11.3.0/Drivers/BSP/Components/lis2duxs12/lis2duxs12.c:87:9:LIS2DUXS12_RegisterBusIO	24	static
C:/Users/dahalc1/STM32Cube/Repository/Packs/STMicroelectronics/X-CUBE-MEMS1/11.3.0/Drivers/BSP/Components/lis2duxs12/lis2duxs12.c:177:9:LIS2DUXS12_Init	32	static
C:/Users/dahalc1/STM32Cube/Repository/Packs/STMicroelectronics/X-CUBE-MEMS1/11.3.0/Drivers/BSP/Components/lis2duxs12/lis2duxs12.c:249:9:LIS2DUXS12_DeInit	16	static
C:/Users/dahalc1/STM32Cube/Repository/Packs/STMicroelectronics/X-CUBE-MEMS1/11.3.0/Drivers/BSP/Components/lis2duxs12/lis2duxs12.c:273:9:LIS2DUXS12_ExitDeepPowerDownI2C	24	static
C:/Users/dahalc1/STM32Cube/Repository/Packs/STMicroelectronics/X-CUBE-MEMS1/11.3.0/Drivers/BSP/Components/lis2duxs12/lis2duxs12.c:292:9:LIS2DUXS12_ExitDeepPowerDownSPI	16	static
C:/Users/dahalc1/STM32Cube/Repository/Packs/STMicroelectronics/X-CUBE-MEMS1/11.3.0/Drivers/BSP/Components/lis2duxs12/lis2duxs12.c:309:9:LIS2DUXS12_ReadID	24	static
C:/Users/dahalc1/STM32Cube/Repository/Packs/STMicroelectronics/X-CUBE-MEMS1/11.3.0/Drivers/BSP/Components/lis2duxs12/lis2duxs12.c:329:9:LIS2DUXS12_GetCapabilities	16	static
C:/Users/dahalc1/STM32Cube/Repository/Packs/STMicroelectronics/X-CUBE-MEMS1/11.3.0/Drivers/BSP/Components/lis2duxs12/lis2duxs12.c:352:9:LIS2DUXS12_ACC_Enable	16	static
C:/Users/dahalc1/STM32Cube/Repository/Packs/STMicroelectronics/X-CUBE-MEMS1/11.3.0/Drivers/BSP/Components/lis2duxs12/lis2duxs12.c:376:9:LIS2DUXS12_ACC_Disable	24	static
C:/Users/dahalc1/STM32Cube/Repository/Packs/STMicroelectronics/X-CUBE-MEMS1/11.3.0/Drivers/BSP/Components/lis2duxs12/lis2duxs12.c:427:9:LIS2DUXS12_ACC_GetSensitivity	24	static
C:/Users/dahalc1/STM32Cube/Repository/Packs/STMicroelectronics/X-CUBE-MEMS1/11.3.0/Drivers/BSP/Components/lis2duxs12/lis2duxs12.c:470:9:LIS2DUXS12_ACC_GetOutputDataRate	24	static
C:/Users/dahalc1/STM32Cube/Repository/Packs/STMicroelectronics/X-CUBE-MEMS1/11.3.0/Drivers/BSP/Components/lis2duxs12/lis2duxs12.c:553:9:LIS2DUXS12_ACC_SetOutputDataRate	16	static
C:/Users/dahalc1/STM32Cube/Repository/Packs/STMicroelectronics/X-CUBE-MEMS1/11.3.0/Drivers/BSP/Components/lis2duxs12/lis2duxs12.c:566:9:LIS2DUXS12_ACC_SetOutputDataRate_With_Mode	24	static
C:/Users/dahalc1/STM32Cube/Repository/Packs/STMicroelectronics/X-CUBE-MEMS1/11.3.0/Drivers/BSP/Components/lis2duxs12/lis2duxs12.c:585:9:LIS2DUXS12_ACC_GetFullScale	24	static
C:/Users/dahalc1/STM32Cube/Repository/Packs/STMicroelectronics/X-CUBE-MEMS1/11.3.0/Drivers/BSP/Components/lis2duxs12/lis2duxs12.c:629:9:LIS2DUXS12_ACC_SetFullScale	24	static
C:/Users/dahalc1/STM32Cube/Repository/Packs/STMicroelectronics/X-CUBE-MEMS1/11.3.0/Drivers/BSP/Components/lis2duxs12/lis2duxs12.c:659:9:LIS2DUXS12_ACC_GetAxesRaw	40	static
C:/Users/dahalc1/STM32Cube/Repository/Packs/STMicroelectronics/X-CUBE-MEMS1/11.3.0/Drivers/BSP/Components/lis2duxs12/lis2duxs12.c:687:9:LIS2DUXS12_ACC_GetAxes	40	static
C:/Users/dahalc1/STM32Cube/Repository/Packs/STMicroelectronics/X-CUBE-MEMS1/11.3.0/Drivers/BSP/Components/lis2duxs12/lis2duxs12.c:716:9:LIS2DUXS12_Read_Reg	24	static
C:/Users/dahalc1/STM32Cube/Repository/Packs/STMicroelectronics/X-CUBE-MEMS1/11.3.0/Drivers/BSP/Components/lis2duxs12/lis2duxs12.c:733:9:LIS2DUXS12_Write_Reg	16	static
C:/Users/dahalc1/STM32Cube/Repository/Packs/STMicroelectronics/X-CUBE-MEMS1/11.3.0/Drivers/BSP/Components/lis2duxs12/lis2duxs12.c:749:9:LIS2DUXS12_ACC_Get_DRDY_Status	24	static
C:/Users/dahalc1/STM32Cube/Repository/Packs/STMicroelectronics/X-CUBE-MEMS1/11.3.0/Drivers/BSP/Components/lis2duxs12/lis2duxs12.c:769:9:LIS2DUXS12_ACC_Get_Init_Status	16	static
C:/Users/dahalc1/STM32Cube/Repository/Packs/STMicroelectronics/X-CUBE-MEMS1/11.3.0/Drivers/BSP/Components/lis2duxs12/lis2duxs12.c:788:9:LIS2DUXS12_Set_Mem_Bank	24	static
C:/Users/dahalc1/STM32Cube/Repository/Packs/STMicroelectronics/X-CUBE-MEMS1/11.3.0/Drivers/BSP/Components/lis2duxs12/lis2duxs12.c:819:16:LIS2DUXS12_ACC_SetOutputDataRate_When_Enabled	32	static
C:/Users/dahalc1/STM32Cube/Repository/Packs/STMicroelectronics/X-CUBE-MEMS1/11.3.0/Drivers/BSP/Components/lis2duxs12/lis2duxs12.c:907:16:LIS2DUXS12_ACC_SetOutputDataRate_When_Disabled	24	static
C:/Users/dahalc1/STM32Cube/Repository/Packs/STMicroelectronics/X-CUBE-MEMS1/11.3.0/Drivers/BSP/Components/lis2duxs12/lis2duxs12.c:945:9:LIS2DUXS12_ACC_Get_Event_Status	32	static
C:/Users/dahalc1/STM32Cube/Repository/Packs/STMicroelectronics/X-CUBE-MEMS1/11.3.0/Drivers/BSP/Components/lis2duxs12/lis2duxs12.c:993:9:LIS2DUXS12_ACC_Enable_Wake_Up_Detection	40	static
C:/Users/dahalc1/STM32Cube/Repository/Packs/STMicroelectronics/X-CUBE-MEMS1/11.3.0/Drivers/BSP/Components/lis2duxs12/lis2duxs12.c:1108:9:LIS2DUXS12_ACC_Disable_Wake_Up_Detection	32	static
C:/Users/dahalc1/STM32Cube/Repository/Packs/STMicroelectronics/X-CUBE-MEMS1/11.3.0/Drivers/BSP/Components/lis2duxs12/lis2duxs12.c:1175:9:LIS2DUXS12_ACC_Set_Wake_Up_Threshold	48	static
C:/Users/dahalc1/STM32Cube/Repository/Packs/STMicroelectronics/X-CUBE-MEMS1/11.3.0/Drivers/BSP/Components/lis2duxs12/lis2duxs12.c:1307:9:LIS2DUXS12_ACC_Set_Wake_Up_Duration	24	static
C:/Users/dahalc1/STM32Cube/Repository/Packs/STMicroelectronics/X-CUBE-MEMS1/11.3.0/Drivers/BSP/Components/lis2duxs12/lis2duxs12.c:1373:9:LIS2DUXS12_ACC_Enable_6D_Orientation	32	static
C:/Users/dahalc1/STM32Cube/Repository/Packs/STMicroelectronics/X-CUBE-MEMS1/11.3.0/Drivers/BSP/Components/lis2duxs12/lis2duxs12.c:1468:9:LIS2DUXS12_ACC_Disable_6D_Orientation	24	static
C:/Users/dahalc1/STM32Cube/Repository/Packs/STMicroelectronics/X-CUBE-MEMS1/11.3.0/Drivers/BSP/Components/lis2duxs12/lis2duxs12.c:1513:9:LIS2DUXS12_ACC_Set_6D_Orientation_Threshold	24	static
C:/Users/dahalc1/STM32Cube/Repository/Packs/STMicroelectronics/X-CUBE-MEMS1/11.3.0/Drivers/BSP/Components/lis2duxs12/lis2duxs12.c:1544:9:LIS2DUXS12_ACC_Get_6D_Orientation_XL	24	static
C:/Users/dahalc1/STM32Cube/Repository/Packs/STMicroelectronics/X-CUBE-MEMS1/11.3.0/Drivers/BSP/Components/lis2duxs12/lis2duxs12.c:1564:9:LIS2DUXS12_ACC_Get_6D_Orientation_XH	24	static
C:/Users/dahalc1/STM32Cube/Repository/Packs/STMicroelectronics/X-CUBE-MEMS1/11.3.0/Drivers/BSP/Components/lis2duxs12/lis2duxs12.c:1584:9:LIS2DUXS12_ACC_Get_6D_Orientation_YL	24	static
C:/Users/dahalc1/STM32Cube/Repository/Packs/STMicroelectronics/X-CUBE-MEMS1/11.3.0/Drivers/BSP/Components/lis2duxs12/lis2duxs12.c:1604:9:LIS2DUXS12_ACC_Get_6D_Orientation_YH	24	static
C:/Users/dahalc1/STM32Cube/Repository/Packs/STMicroelectronics/X-CUBE-MEMS1/11.3.0/Drivers/BSP/Components/lis2duxs12/lis2duxs12.c:1624:9:LIS2DUXS12_ACC_Get_6D_Orientation_ZL	24	static
C:/Users/dahalc1/STM32Cube/Repository/Packs/STMicroelectronics/X-CUBE-MEMS1/11.3.0/Drivers/BSP/Components/lis2duxs12/lis2duxs12.c:1644:9:LIS2DUXS12_ACC_Get_6D_Orientation_ZH	24	static
C:/Users/dahalc1/STM32Cube/Repository/Packs/STMicroelectronics/X-CUBE-MEMS1/11.3.0/Drivers/BSP/Components/lis2duxs12/lis2duxs12.c:1666:16:ReadRegWrap	40	static
C:/Users/dahalc1/STM32Cube/Repository/Packs/STMicroelectronics/X-CUBE-MEMS1/11.3.0/Drivers/BSP/Components/lis2duxs12/lis2duxs12.c:1681:16:WriteRegWrap	40	static
