Archive member included to satisfy reference by file (symbol)

../../../../../../../Middlewares/ST/STM32_MotionGC_Library/Lib\MotionGC_CM4F_wc32_ot_hard.a(motion_gc.o)
                              ./Application/User/motion_gc_manager.o (MotionGC_Initialize)
C:/ST/STM32CubeIDE_1.19.0/STM32CubeIDE/plugins/com.st.stm32cube.ide.mcu.externaltools.gnu-tools-for-stm32.13.3.rel1.win32_1.0.0.202411081344/tools/bin/../lib/gcc/arm-none-eabi/13.3.1/../../../../arm-none-eabi/lib/thumb/v7e-m+fp/hard\libc_nano.a(libc_a-exit.o)
                              C:/ST/STM32CubeIDE_1.19.0/STM32CubeIDE/plugins/com.st.stm32cube.ide.mcu.externaltools.gnu-tools-for-stm32.13.3.rel1.win32_1.0.0.202411081344/tools/bin/../lib/gcc/arm-none-eabi/13.3.1/../../../../arm-none-eabi/lib/thumb/v7e-m+fp/hard/crt0.o (exit)
C:/ST/STM32CubeIDE_1.19.0/STM32CubeIDE/plugins/com.st.stm32cube.ide.mcu.externaltools.gnu-tools-for-stm32.13.3.rel1.win32_1.0.0.202411081344/tools/bin/../lib/gcc/arm-none-eabi/13.3.1/../../../../arm-none-eabi/lib/thumb/v7e-m+fp/hard\libc_nano.a(libc_a-findfp.o)
                              C:/ST/STM32CubeIDE_1.19.0/STM32CubeIDE/plugins/com.st.stm32cube.ide.mcu.externaltools.gnu-tools-for-stm32.13.3.rel1.win32_1.0.0.202411081344/tools/bin/../lib/gcc/arm-none-eabi/13.3.1/../../../../arm-none-eabi/lib/thumb/v7e-m+fp/hard\libc_nano.a(libc_a-exit.o) (__stdio_exit_handler)
C:/ST/STM32CubeIDE_1.19.0/STM32CubeIDE/plugins/com.st.stm32cube.ide.mcu.externaltools.gnu-tools-for-stm32.13.3.rel1.win32_1.0.0.202411081344/tools/bin/../lib/gcc/arm-none-eabi/13.3.1/../../../../arm-none-eabi/lib/thumb/v7e-m+fp/hard\libc_nano.a(libc_a-fwalk.o)
                              C:/ST/STM32CubeIDE_1.19.0/STM32CubeIDE/plugins/com.st.stm32cube.ide.mcu.externaltools.gnu-tools-for-stm32.13.3.rel1.win32_1.0.0.202411081344/tools/bin/../lib/gcc/arm-none-eabi/13.3.1/../../../../arm-none-eabi/lib/thumb/v7e-m+fp/hard\libc_nano.a(libc_a-findfp.o) (_fwalk_sglue)
C:/ST/STM32CubeIDE_1.19.0/STM32CubeIDE/plugins/com.st.stm32cube.ide.mcu.externaltools.gnu-tools-for-stm32.13.3.rel1.win32_1.0.0.202411081344/tools/bin/../lib/gcc/arm-none-eabi/13.3.1/../../../../arm-none-eabi/lib/thumb/v7e-m+fp/hard\libc_nano.a(libc_a-snprintf.o)
                              ./Application/User/demo_serial.o (snprintf)
C:/ST/STM32CubeIDE_1.19.0/STM32CubeIDE/plugins/com.st.stm32cube.ide.mcu.externaltools.gnu-tools-for-stm32.13.3.rel1.win32_1.0.0.202411081344/tools/bin/../lib/gcc/arm-none-eabi/13.3.1/../../../../arm-none-eabi/lib/thumb/v7e-m+fp/hard\libc_nano.a(libc_a-stdio.o)
                              C:/ST/STM32CubeIDE_1.19.0/STM32CubeIDE/plugins/com.st.stm32cube.ide.mcu.externaltools.gnu-tools-for-stm32.13.3.rel1.win32_1.0.0.202411081344/tools/bin/../lib/gcc/arm-none-eabi/13.3.1/../../../../arm-none-eabi/lib/thumb/v7e-m+fp/hard\libc_nano.a(libc_a-findfp.o) (__sread)
C:/ST/STM32CubeIDE_1.19.0/STM32CubeIDE/plugins/com.st.stm32cube.ide.mcu.externaltools.gnu-tools-for-stm32.13.3.rel1.win32_1.0.0.202411081344/tools/bin/../lib/gcc/arm-none-eabi/13.3.1/../../../../arm-none-eabi/lib/thumb/v7e-m+fp/hard\libc_nano.a(libc_a-memset.o)
                              C:/ST/STM32CubeIDE_1.19.0/STM32CubeIDE/plugins/com.st.stm32cube.ide.mcu.externaltools.gnu-tools-for-stm32.13.3.rel1.win32_1.0.0.202411081344/tools/bin/../lib/gcc/arm-none-eabi/13.3.1/../../../../arm-none-eabi/lib/thumb/v7e-m+fp/hard/crt0.o (memset)
C:/ST/STM32CubeIDE_1.19.0/STM32CubeIDE/plugins/com.st.stm32cube.ide.mcu.externaltools.gnu-tools-for-stm32.13.3.rel1.win32_1.0.0.202411081344/tools/bin/../lib/gcc/arm-none-eabi/13.3.1/../../../../arm-none-eabi/lib/thumb/v7e-m+fp/hard\libc_nano.a(libc_a-closer.o)
                              C:/ST/STM32CubeIDE_1.19.0/STM32CubeIDE/plugins/com.st.stm32cube.ide.mcu.externaltools.gnu-tools-for-stm32.13.3.rel1.win32_1.0.0.202411081344/tools/bin/../lib/gcc/arm-none-eabi/13.3.1/../../../../arm-none-eabi/lib/thumb/v7e-m+fp/hard\libc_nano.a(libc_a-stdio.o) (_close_r)
C:/ST/STM32CubeIDE_1.19.0/STM32CubeIDE/plugins/com.st.stm32cube.ide.mcu.externaltools.gnu-tools-for-stm32.13.3.rel1.win32_1.0.0.202411081344/tools/bin/../lib/gcc/arm-none-eabi/13.3.1/../../../../arm-none-eabi/lib/thumb/v7e-m+fp/hard\libc_nano.a(libc_a-reent.o)
                              C:/ST/STM32CubeIDE_1.19.0/STM32CubeIDE/plugins/com.st.stm32cube.ide.mcu.externaltools.gnu-tools-for-stm32.13.3.rel1.win32_1.0.0.202411081344/tools/bin/../lib/gcc/arm-none-eabi/13.3.1/../../../../arm-none-eabi/lib/thumb/v7e-m+fp/hard\libc_nano.a(libc_a-closer.o) (errno)
C:/ST/STM32CubeIDE_1.19.0/STM32CubeIDE/plugins/com.st.stm32cube.ide.mcu.externaltools.gnu-tools-for-stm32.13.3.rel1.win32_1.0.0.202411081344/tools/bin/../lib/gcc/arm-none-eabi/13.3.1/../../../../arm-none-eabi/lib/thumb/v7e-m+fp/hard\libc_nano.a(libc_a-impure.o)
[...]
Memory Configuration

Name             Origin             Length             Attributes
RAM              0x20000000         0x00018000         xrw
FLASH            0x08000000         0x00080000         xr
*default*        0x00000000         0xffffffff

Linker script and memory map

LOAD C:/ST/STM32CubeIDE_1.19.0/STM32CubeIDE/plugins/com.st.stm32cube.ide.mcu.externaltools.gnu-tools-for-stm32.13.3.rel1.win32_1.0.0.202411081344/tools/bin/../lib/gcc/arm-none-eabi/13.3.1/thumb/v7e-m+fp/hard/crti.o
LOAD C:/ST/STM32CubeIDE_1.19.0/STM32CubeIDE/plugins/com.st.stm32cube.ide.mcu.externaltools.gnu-tools-for-stm32.13.3.rel1.win32_1.0.0.202411081344/tools/bin/../lib/gcc/arm-none-eabi/13.3.1/thumb/v7e-m+fp/hard/crtbegin.o
LOAD C:/ST/STM32CubeIDE_1.19.0/STM32CubeIDE/plugins/com.st.stm32cube.ide.mcu.externaltools.gnu-tools-for-stm32.13.3.rel1.win32_1.0.0.202411081344/tools/bin/../lib/gcc/arm-none-eabi/13.3.1/../../../../arm-none-eabi/lib/thumb/v7e-m+fp/hard/crt0.o
LOAD ./Application/Startup/startup_stm32f401retx.o
LOAD ./Application/User/app_mems.o
LOAD ./Application/User/com.o
LOAD ./Application/User/demo_serial.o
LOAD ./Application/User/iks4a1_mems_control.o
LOAD ./Application/User/iks4a1_mems_control_ex.o
LOAD ./Application/User/main.o
LOAD ./Application/User/motion_gc_manager.o
LOAD ./Application/User/serial_protocol.o
LOAD ./Application/User/stm32f4xx_hal_msp.o
LOAD ./Application/User/stm32f4xx_it.o
LOAD ./Application/User/stm32f4xx_nucleo.o
LOAD ./Application/User/stm32f4xx_nucleo_bus.o
LOAD ./Application/User/syscalls.o
LOAD ./Application/User/sysmem.o
LOAD ./Drivers/BSP/Components/lis2duxs12.o
LOAD ./Drivers/BSP/Components/lis2duxs12_reg.o
LOAD ./Drivers/BSP/Components/lis2mdl.o
LOAD ./Drivers/BSP/Components/lis2mdl_reg.o
LOAD ./Drivers/BSP/Components/lps22df.o
LOAD ./Drivers/BSP/Components/lps22df_reg.o
LOAD ./Drivers/BSP/Components/lsm6dso16is.o
LOAD ./Drivers/BSP/Components/lsm6dso16is_reg.o
LOAD ./Drivers/BSP/Components/lsm6dsv16x.o
LOAD ./Drivers/BSP/Components/lsm6dsv16x_reg.o
LOAD ./Drivers/BSP/Components/sht40ad1b.o
LOAD ./Drivers/BSP/Components/sht40ad1b_reg.o
LOAD ./Drivers/BSP/Components/stts22h.o
LOAD ./Drivers/BSP/Components/stts22h_reg.o
LOAD ./Drivers/BSP/IKS4A1/iks4a1_env_sensors.o
LOAD ./Drivers/BSP/IKS4A1/iks4a1_env_sensors_ex.o
LOAD ./Drivers/BSP/IKS4A1/iks4a1_motion_sensors.o
LOAD ./Drivers/BSP/IKS4A1/iks4a1_motion_sensors_ex.o
LOAD ./Drivers/CMSIS/system_stm32f4xx.o
LOAD ./Drivers/STM32F4xx_HAL_Driver/stm32f4xx_hal.o
LOAD ./Drivers/STM32F4xx_HAL_Driver/stm32f4xx_hal_cortex.o
LOAD ./Drivers/STM32F4xx_HAL_Driver/stm32f4xx_hal_crc.o
LOAD ./Drivers/STM32F4xx_HAL_Driver/stm32f4xx_hal_dma.o
LOAD ./Drivers/STM32F4xx_HAL_Driver/stm32f4xx_hal_dma_ex.o
LOAD ./Drivers/STM32F4xx_HAL_Driver/stm32f4xx_hal_exti.o
LOAD ./Drivers/STM32F4xx_HAL_Driver/stm32f4xx_hal_flash.o
LOAD ./Drivers/STM32F4xx_HAL_Driver/stm32f4xx_hal_flash_ex.o
LOAD ./Drivers/STM32F4xx_HAL_Driver/stm32f4xx_hal_flash_ramfunc.o
LOAD ./Drivers/STM32F4xx_HAL_Driver/stm32f4xx_hal_gpio.o
LOAD ./Drivers/STM32F4xx_HAL_Driver/stm32f4xx_hal_i2c.o
LOAD ./Drivers/STM32F4xx_HAL_Driver/stm32f4xx_hal_i2c_ex.o
LOAD ./Drivers/STM32F4xx_HAL_Driver/stm32f4xx_hal_pwr.o
LOAD ./Drivers/STM32F4xx_HAL_Driver/stm32f4xx_hal_pwr_ex.o
LOAD ./Drivers/STM32F4xx_HAL_Driver/stm32f4xx_hal_rcc.o
LOAD ./Drivers/STM32F4xx_HAL_Driver/stm32f4xx_hal_rcc_ex.o
LOAD ./Drivers/STM32F4xx_HAL_Driver/stm32f4xx_hal_rtc.o
LOAD ./Drivers/STM32F4xx_HAL_Driver/stm32f4xx_hal_rtc_ex.o
LOAD ./Drivers/STM32F4xx_HAL_Driver/stm32f4xx_hal_tim.o
LOAD ./Drivers/STM32F4xx_HAL_Driver/stm32f4xx_hal_tim_ex.o
LOAD ./Drivers/STM32F4xx_HAL_Driver/stm32f4xx_hal_uart.o
LOAD ../../../../../../../Middlewares/ST/STM32_MotionGC_Library/Lib\MotionGC_CM4F_wc32_ot_hard.a
START GROUP
LOAD C:/ST/STM32CubeIDE_1.19.0/STM32CubeIDE/plugins/com.st.stm32cube.ide.mcu.externaltools.gnu-tools-for-stm32.13.3.rel1.win32_1.0.0.202411081344/tools/bin/../lib/gcc/arm-none-eabi/13.3.1/../../../../arm-none-eabi/lib/thumb/v7e-m+fp/hard\libc_nano.a
LOAD C:/ST/STM32CubeIDE_1.19.0/STM32CubeIDE/plugins/com.st.stm32cube.ide.mcu.externaltools.gnu-tools-for-stm32.13.3.rel1.win32_1.0.0.202411081344/tools/bin/../lib/gcc/arm-none-eabi/13.3.1/../../../../arm-none-eabi/lib/thumb/v7e-m+fp/hard\libm.a
END GROUP
START GROUP
LOAD C:/ST/STM32CubeIDE_1.19.0/STM32CubeIDE/plugins/com.st.stm32cube.ide.mcu.externaltools.gnu-tools-for-stm32.13.3.rel1.win32_1.0.0.202411081344/tools/bin/../lib/gcc/arm-none-eabi/13.3.1/thumb/v7e-m+fp/hard\libgcc.a
LOAD C:/ST/STM32CubeIDE_1.19.0/STM32CubeIDE/plugins/com.st.stm32cube.ide.mcu.externaltools.gnu-tools-for-stm32.13.3.rel1.win32_1.0.0.202411081344/tools/bin/../lib/gcc/arm-none-eabi/13.3.1/../../../../arm-none-eabi/lib/thumb/v7e-m+fp/hard\libc_nano.a
END GROUP
START GROUP
LOAD C:/ST/STM32CubeIDE_1.19.0/STM32CubeIDE/plugins/com.st.stm32cube.ide.mcu.externaltools.gnu-tools-for-stm32.13.3.rel1.win32_1.0.0.202411081344/tools/bin/../lib/gcc/arm-none-eabi/13.3.1/thumb/v7e-m+fp/hard\libgcc.a
LOAD C:/ST/STM32CubeIDE_1.19.0/STM32CubeIDE/plugins/com.st.stm32cube.ide.mcu.externaltools.gnu-tools-for-stm32.13.3.rel1.win32_1.0.0.202411081344/tools/bin/../lib/gcc/arm-none-eabi/13.3.1/../../../../arm-none-eabi/lib/thumb/v7e-m+fp/hard\libc_nano.a
LOAD C:/ST/STM32CubeIDE_1.19.0/STM32CubeIDE/plugins/com.st.stm32cube.ide.mcu.externaltools.gnu-tools-for-stm32.13.3.rel1.win32_1.0.0.202411081344/tools/bin/../lib/gcc/arm-none-eabi/13.3.1/../../../../arm-none-eabi/lib/thumb/v7e-m+fp/hard\libnosys.a
END GROUP
START GROUP
LOAD C:/ST/STM32CubeIDE_1.19.0/STM32CubeIDE/plugins/com.st.stm32cube.ide.mcu.externaltools.gnu-tools-for-stm32.13.3.rel1.win32_1.0.0.202411081344/tools/bin/../lib/gcc/arm-none-eabi/13.3.1/thumb/v7e-m+fp/hard\libgcc.a
LOAD C:/ST/STM32CubeIDE_1.19.0/STM32CubeIDE/plugins/com.st.stm32cube.ide.mcu.externaltools.gnu-tools-for-stm32.13.3.rel1.win32_1.0.0.202411081344/tools/bin/../lib/gcc/arm-none-eabi/13.3.1/../../../../arm-none-eabi/lib/thumb/v7e-m+fp/hard\libc_nano.a
LOAD C:/ST/STM32CubeIDE_1.19.0/STM32CubeIDE/plugins/com.st.stm32cube.ide.mcu.externaltools.gnu-tools-for-stm32.13.3.rel1.win32_1.0.0.202411081344/tools/bin/../lib/gcc/arm-none-eabi/13.3.1/../../../../arm-none-eabi/lib/thumb/v7e-m+fp/hard\libnosys.a
END GROUP
LOAD C:/ST/STM32CubeIDE_1.19.0/STM32CubeIDE/plugins/com.st.stm32cube.ide.mcu.externaltools.gnu-tools-for-stm32.13.3.rel1.win32_1.0.0.202411081344/tools/bin/../lib/gcc/arm-none-eabi/13.3.1/thumb/v7e-m+fp/hard/crtend.o
LOAD C:/ST/STM32CubeIDE_1.19.0/STM32CubeIDE/plugins/com.st.stm32cube.ide.mcu.externaltools.gnu-tools-for-stm32.13.3.rel1.win32_1.0.0.202411081344/tools/bin/../lib/gcc/arm-none-eabi/13.3.1/thumb/v7e-m+fp/hard/crtn.o
                0x20018000                        _estack = (ORIGIN (RAM) + LENGTH (RAM))
                0x00000200                        _Min_Heap_Size = 0x200
                0x00008000                        _Min_Stack_Size = 0x8000

.isr_vector     0x08000000      0x194
                0x08000000                        . = ALIGN (0x4)
 *(.isr_vector)
 .isr_vector    0x08000000      0x194 ./Application/Startup/startup_stm32f401retx.o
                0x08000000                g_pfnVectors
                0x08000194                        . = ALIGN (0x4)

.text           0x080001a0    0x12858
                0x080001a0                        . = ALIGN (0x4)
 *(.text)
 .text          0x080001a0       0x40 C:/ST/STM32CubeIDE_1.19.0/STM32CubeIDE/plugins/com.st.stm32cube.ide.mcu.externaltools.gnu-tools-for-stm32.13.3.rel1.win32_1.0.0.202411081344/tools/bin/../lib/gcc/arm-none-eabi/13.3.1/thumb/v7e-m+fp/hard/crtbegin.o
 .text          0x080001e0       0xa0 C:/ST/STM32CubeIDE_1.19.0/STM32CubeIDE/plugins/com.st.stm32cube.ide.mcu.externaltools.gnu-tools-for-stm32.13.3.rel1.win32_1.0.0.202411081344/tools/bin/../lib/gcc/arm-none-eabi/13.3.1/../../../../arm-none-eabi/lib/thumb/v7e-m+fp/hard\libc_nano.a(libc_a-memchr.o)
                0x080001e0                memchr
 .text          0x08000280       0x30 C:/ST/STM32CubeIDE_1.19.0/STM32CubeIDE/plugins/com.st.stm32cube.ide.mcu.externaltools.gnu-tools-for-stm32.13.3.rel1.win32_1.0.0.202411081344/tools/bin/../lib/gcc/arm-none-eabi/13.3.1/thumb/v7e-m+fp/hard\libgcc.a(_aeabi_uldivmod.o)
                0x08000280                __aeabi_uldivmod
 .text          0x080002b0      0x2f8 C:/ST/STM32CubeIDE_1.19.0/STM32CubeIDE/plugins/com.st.stm32cube.ide.mcu.externaltools.gnu-tools-for-stm32.13.3.rel1.win32_1.0.0.202411081344/tools/bin/../lib/gcc/arm-none-eabi/13.3.1/thumb/v7e-m+fp/hard\libgcc.a(_udivmoddi4.o)
                0x080002b0                __udivmoddi4
 .text          0x080005a8        0x4 C:/ST/STM32CubeIDE_1.19.0/STM32CubeIDE/plugins/com.st.stm32cube.ide.mcu.externaltools.gnu-tools-for-stm32.13.3.rel1.win32_1.0.0.202411081344/tools/bin/../lib/gcc/arm-none-eabi/13.3.1/thumb/v7e-m+fp/hard\libgcc.a(_dvmd_tls.o)
                0x080005a8                __aeabi_idiv0
                0x080005a8                __aeabi_ldiv0
 *(.text*)
 .text.Reset_Handler
                0x080005ac       0x50 ./Application/Startup/startup_stm32f401retx.o
                0x080005ac                Reset_Handler
 .text.Default_Handler
                0x080005fc        0x2 ./Application/Startup/startup_stm32f401retx.o
                0x080005fc                RTC_Alarm_IRQHandler
                0x080005fc                EXTI2_IRQHandler
                0x080005fc                SPI4_IRQHandler
                0x080005fc                TIM1_CC_IRQHandler
                0x080005fc                DMA2_Stream5_IRQHandler
                0x080005fc                PVD_IRQHandler
                0x080005fc                SDIO_IRQHandler
                0x080005fc                TAMP_STAMP_IRQHandler
                0x080005fc                EXTI3_IRQHandler
                0x080005fc                TIM1_UP_TIM10_IRQHandler
                0x080005fc                I2C3_ER_IRQHandler
                0x080005fc                EXTI0_IRQHandler
                0x080005fc                I2C2_EV_IRQHandler
                0x080005fc                DMA1_Stream2_IRQHandler
                0x080005fc                FPU_IRQHandler
                0x080005fc                DMA2_Stream2_IRQHandler
                0x080005fc                SPI1_IRQHandler
                0x080005fc                TIM1_BRK_TIM9_IRQHandler
                0x080005fc                DMA2_Stream3_IRQHandler
                0x080005fc                USART6_IRQHandler
                0x080005fc                DMA2_Stream0_IRQHandler
                0x080005fc                TIM4_IRQHandler
                0x080005fc                I2C1_EV_IRQHandler
                0x080005fc                DMA1_Stream6_IRQHandler
                0x080005fc                DMA1_Stream1_IRQHandler
                0x080005fc                RCC_IRQHandler
                0x080005fc                Default_Handler
                0x080005fc                ADC_IRQHandler
                0x080005fc                DMA1_Stream7_IRQHandler
                0x080005fc                TIM5_IRQHandler
                0x080005fc                DMA2_Stream7_IRQHandler
                0x080005fc                I2C3_EV_IRQHandler
                0x080005fc                EXTI9_5_IRQHandler
                0x080005fc                RTC_WKUP_IRQHandler
                0x080005fc                SPI2_IRQHandler
                0x080005fc                DMA1_Stream0_IRQHandler
                0x080005fc                EXTI4_IRQHandler
                0x080005fc                WWDG_IRQHandler
                0x080005fc                TIM2_IRQHandler
                0x080005fc                OTG_FS_WKUP_IRQHandler
                0x080005fc                TIM1_TRG_COM_TIM11_IRQHandler
                0x080005fc                EXTI1_IRQHandler
                0x080005fc                USART2_IRQHandler
                0x080005fc                I2C2_ER_IRQHandler
                0x080005fc                DMA2_Stream1_IRQHandler
                0x080005fc                FLASH_IRQHandler
                0x080005fc                DMA2_Stream4_IRQHandler
                0x080005fc                USART1_IRQHandler
                0x080005fc                OTG_FS_IRQHandler
                0x080005fc                SPI3_IRQHandler
                0x080005fc                DMA1_Stream4_IRQHandler
                0x080005fc                I2C1_ER_IRQHandler
                0x080005fc                DMA2_Stream6_IRQHandler
                0x080005fc                DMA1_Stream3_IRQHandler
 .text.MX_MEMS_Init
                0x080005fe        0xc ./Application/User/app_mems.o
                0x080005fe                MX_MEMS_Init
 .text.MX_MEMS_Process
                0x0800060a        0xc ./Application/User/app_mems.o
                0x0800060a                MX_MEMS_Process
 *fill*         0x08000616        0x2 
 .text.HAL_TIM_PeriodElapsedCallback
                0x08000618       0x30 ./Application/User/app_mems.o
                0x08000618                HAL_TIM_PeriodElapsedCallback
 .text.MX_GyroscopeCalibration_Init
                0x08000648       0xc4 ./Application/User/app_mems.o
 .text.MX_GyroscopeCalibration_Process
                0x0800070c       0xd4 ./Application/User/app_mems.o
 .text.Init_Sensors
                0x080007e0       0x34 ./Application/User/app_mems.o
 .text.RTC_Handler
                0x08000814       0xe8 ./Application/User/app_mems.o
 .text.GC_Data_Handler
                0x080008fc      0x1ac ./Application/User/app_mems.o
 .text.Accelero_Sensor_Handler
                0x08000aa8       0xb4 ./Application/User/app_mems.o
 .text.Gyro_Sensor_Handler
                0x08000b5c       0xb4 ./Application/User/app_mems.o
 .text.Magneto_Sensor_Handler
                0x08000c10       0xb4 ./Application/User/app_mems.o
 .text.Pressure_Sensor_Handler
                0x08000cc4       0x60 ./Application/User/app_mems.o
 .text.Temperature_Sensor_Handler
                0x08000d24       0x60 ./Application/User/app_mems.o
 .text.Humidity_Sensor_Handler
                0x08000d84       0x60 ./Application/User/app_mems.o
 .text.TIM_Config
                0x08000de4       0x7c ./Application/User/app_mems.o
 .text.DWT_Init
                0x08000e60       0x30 ./Application/User/app_mems.o
 .text.DWT_Start
                0x08000e90       0x24 ./Application/User/app_mems.o
 .text.DWT_Stop
                0x08000eb4       0x50 ./Application/User/app_mems.o
 .text.UART_ReceivedMSG
                0x08000f04      0x16c ./Application/User/com.o
                0x08000f04                UART_ReceivedMSG
 .text.UART_SendMsg
                0x08001070       0x38 ./Application/User/com.o
                0x08001070                UART_SendMsg
 .text.UART_StartReceiveMsg
                0x080010a8       0x30 ./Application/User/com.o
                0x080010a8                UART_StartReceiveMsg
 .text.Get_DMA_Flag_Status
                0x080010d8      0x3c4 ./Application/User/com.o
 .text.Get_DMA_Counter
                0x0800149c       0x1a ./Application/User/com.o
 .text.BUILD_REPLY_HEADER
                0x080014b6       0x2e ./Application/User/demo_serial.o
                0x080014b6                BUILD_REPLY_HEADER
 .text.INIT_STREAMING_HEADER
                0x080014e4       0x34 ./Application/User/demo_serial.o
                0x080014e4                INIT_STREAMING_HEADER
 .text.HandleMSG
                0x08001518      0x6cc ./Application/User/demo_serial.o
                0x08001518                HandleMSG
 .text.RTC_DateRegulate
                0x08001be4       0x54 ./Application/User/demo_serial.o
                0x08001be4                RTC_DateRegulate
 .text.RTC_TimeRegulate
                0x08001c38       0x54 ./Application/User/demo_serial.o
                0x08001c38                RTC_TimeRegulate
 .text.Get_PresentationString
                0x08001c8c       0x78 ./Application/User/demo_serial.o
                0x08001c8c                Get_PresentationString
 .text.BSP_SENSOR_ACC_Init
                0x08001d04       0x10 ./Application/User/iks4a1_mems_control.o
                0x08001d04                BSP_SENSOR_ACC_Init
 .text.BSP_SENSOR_GYR_Init
                0x08001d14       0x10 ./Application/User/iks4a1_mems_control.o
                0x08001d14                BSP_SENSOR_GYR_Init
 .text.BSP_SENSOR_MAG_Init
                0x08001d24       0x10 ./Application/User/iks4a1_mems_control.o
                0x08001d24                BSP_SENSOR_MAG_Init
 .text.BSP_SENSOR_PRESS_Init
                0x08001d34       0x10 ./Application/User/iks4a1_mems_control.o
                0x08001d34                BSP_SENSOR_PRESS_Init
 .text.BSP_SENSOR_TEMP_Init
                0x08001d44       0x10 ./Application/User/iks4a1_mems_control.o
                0x08001d44                BSP_SENSOR_TEMP_Init
 .text.BSP_SENSOR_HUM_Init
                0x08001d54       0x10 ./Application/User/iks4a1_mems_control.o
                0x08001d54                BSP_SENSOR_HUM_Init
 .text.BSP_SENSOR_ACC_Enable
                0x08001d64       0x10 ./Application/User/iks4a1_mems_control.o
                0x08001d64                BSP_SENSOR_ACC_Enable
 .text.BSP_SENSOR_GYR_Enable
                0x08001d74       0x10 ./Application/User/iks4a1_mems_control.o
                0x08001d74                BSP_SENSOR_GYR_Enable
 .text.BSP_SENSOR_MAG_Enable
                0x08001d84       0x10 ./Application/User/iks4a1_mems_control.o
                0x08001d84                BSP_SENSOR_MAG_Enable
 .text.BSP_SENSOR_PRESS_Enable
                0x08001d94       0x10 ./Application/User/iks4a1_mems_control.o
                0x08001d94                BSP_SENSOR_PRESS_Enable
 .text.BSP_SENSOR_TEMP_Enable
                0x08001da4       0x10 ./Application/User/iks4a1_mems_control.o
                0x08001da4                BSP_SENSOR_TEMP_Enable
 .text.BSP_SENSOR_HUM_Enable
                0x08001db4       0x10 ./Application/User/iks4a1_mems_control.o
                0x08001db4                BSP_SENSOR_HUM_Enable
 .text.BSP_SENSOR_ACC_Disable
                0x08001dc4       0x10 ./Application/User/iks4a1_mems_control.o
                0x08001dc4                BSP_SENSOR_ACC_Disable
 .text.BSP_SENSOR_GYR_Disable
                0x08001dd4       0x10 ./Application/User/iks4a1_mems_control.o
                0x08001dd4                BSP_SENSOR_GYR_Disable
 .text.BSP_SENSOR_MAG_Disable
                0x08001de4       0x10 ./Application/User/iks4a1_mems_control.o
                0x08001de4                BSP_SENSOR_MAG_Disable
 .text.BSP_SENSOR_PRESS_Disable
                0x08001df4       0x10 ./Application/User/iks4a1_mems_control.o
                0x08001df4                BSP_SENSOR_PRESS_Disable
 .text.BSP_SENSOR_TEMP_Disable
                0x08001e04       0x10 ./Application/User/iks4a1_mems_control.o
                0x08001e04                BSP_SENSOR_TEMP_Disable
 .text.BSP_SENSOR_HUM_Disable
                0x08001e14       0x10 ./Application/User/iks4a1_mems_control.o
                0x08001e14                BSP_SENSOR_HUM_Disable
 .text.BSP_SENSOR_ACC_GetAxes
                0x08001e24       0x1a ./Application/User/iks4a1_mems_control.o
                0x08001e24                BSP_SENSOR_ACC_GetAxes
 .text.BSP_SENSOR_GYR_GetAxes
                0x08001e3e       0x1a ./Application/User/iks4a1_mems_control.o
                0x08001e3e                BSP_SENSOR_GYR_GetAxes
 .text.BSP_SENSOR_MAG_GetAxes
                0x08001e58       0x1a ./Application/User/iks4a1_mems_control.o
                0x08001e58                BSP_SENSOR_MAG_GetAxes
 .text.BSP_SENSOR_PRESS_GetValue
                0x08001e72       0x1a ./Application/User/iks4a1_mems_control.o
                0x08001e72                BSP_SENSOR_PRESS_GetValue
 .text.BSP_SENSOR_TEMP_GetValue
                0x08001e8c       0x1a ./Application/User/iks4a1_mems_control.o
                0x08001e8c                BSP_SENSOR_TEMP_GetValue
 .text.BSP_SENSOR_HUM_GetValue
                0x08001ea6       0x1a ./Application/User/iks4a1_mems_control.o
                0x08001ea6                BSP_SENSOR_HUM_GetValue
 .text.BSP_SENSOR_ACC_SetOutputDataRate
                0x08001ec0       0x1e ./Application/User/iks4a1_mems_control.o
                0x08001ec0                BSP_SENSOR_ACC_SetOutputDataRate
 .text.BSP_SENSOR_ACC_SetFullScale
                0x08001ede       0x1a ./Application/User/iks4a1_mems_control.o
                0x08001ede                BSP_SENSOR_ACC_SetFullScale
 .text.main     0x08001ef8       0x26 ./Application/User/main.o
                0x08001ef8                main
 *fill*         0x08001f1e        0x2 
 .text.SystemClock_Config
                0x08001f20       0xdc ./Application/User/main.o
                0x08001f20                SystemClock_Config
 .text.MX_CRC_Init
                0x08001ffc       0x28 ./Application/User/main.o
 .text.MX_RTC_Init
                0x08002024       0xb4 ./Application/User/main.o
 .text.MX_TIM3_Init
                0x080020d8       0x9c ./Application/User/main.o
                0x080020d8                MX_TIM3_Init
 .text.MX_DMA_Init
                0x08002174       0x40 ./Application/User/main.o
 .text.MX_GPIO_Init
                0x080021b4       0xc4 ./Application/User/main.o
 .text.Error_Handler
                0x08002278        0xc ./Application/User/main.o
                0x08002278                Error_Handler
 .text.MotionGC_manager_init
                0x08002284       0x1c ./Application/User/motion_gc_manager.o
                0x08002284                MotionGC_manager_init
 .text.MotionGC_manager_update
                0x080022a0       0x1e ./Application/User/motion_gc_manager.o
                0x080022a0                MotionGC_manager_update
 .text.MotionGC_manager_set_params
                0x080022be       0x16 ./Application/User/motion_gc_manager.o
                0x080022be                MotionGC_manager_set_params
 .text.MotionGC_manager_set_frequency
                0x080022d4       0x1a ./Application/User/motion_gc_manager.o
                0x080022d4                MotionGC_manager_set_frequency
 .text.MotionGC_manager_get_version
                0x080022ee       0x20 ./Application/User/motion_gc_manager.o
                0x080022ee                MotionGC_manager_get_version
 .text.MotionGC_manager_compensate
                0x0800230e       0x64 ./Application/User/motion_gc_manager.o
                0x0800230e                MotionGC_manager_compensate
 *fill*         0x08002372        0x2 
 .text.gyro_bias_to_mdps
                0x08002374       0x78 ./Application/User/motion_gc_manager.o
                0x08002374                gyro_bias_to_mdps
 .text.ByteStuffCopyByte
                0x080023ec       0x56 ./Application/User/serial_protocol.o
                0x080023ec                ByteStuffCopyByte
 .text.ByteStuffCopy
                0x08002442       0x5c ./Application/User/serial_protocol.o
                0x08002442                ByteStuffCopy
 .text.ReverseByteStuffCopyByte2
                0x0800249e       0x4e ./Application/User/serial_protocol.o
                0x0800249e                ReverseByteStuffCopyByte2
 .text.CHK_ComputeAndAdd
                0x080024ec       0x54 ./Application/User/serial_protocol.o
                0x080024ec                CHK_ComputeAndAdd
 .text.CHK_CheckAndRemove
                0x08002540       0x54 ./Application/User/serial_protocol.o
                0x08002540                CHK_CheckAndRemove
 .text.Deserialize
                0x08002594       0x4c ./Application/User/serial_protocol.o
                0x08002594                Deserialize
 .text.Serialize_s32
                0x080025e0       0x48 ./Application/User/serial_protocol.o
                0x080025e0                Serialize_s32
 .text.HAL_MspInit
                0x08002628       0x50 ./Application/User/stm32f4xx_hal_msp.o
                0x08002628                HAL_MspInit
 .text.HAL_CRC_MspInit
                0x08002678       0x44 ./Application/User/stm32f4xx_hal_msp.o
                0x08002678                HAL_CRC_MspInit
 .text.HAL_RTC_MspInit
                0x080026bc       0x58 ./Application/User/stm32f4xx_hal_msp.o
                0x080026bc                HAL_RTC_MspInit
 .text.HAL_TIM_Base_MspInit
                0x08002714       0x50 ./Application/User/stm32f4xx_hal_msp.o
                0x08002714                HAL_TIM_Base_MspInit
 .text.NMI_Handler
                0x08002764        0x8 ./Application/User/stm32f4xx_it.o
                0x08002764                NMI_Handler
 .text.HardFault_Handler
                0x0800276c        0x8 ./Application/User/stm32f4xx_it.o
                0x0800276c                HardFault_Handler
 .text.MemManage_Handler
                0x08002774        0x8 ./Application/User/stm32f4xx_it.o
                0x08002774                MemManage_Handler
 .text.BusFault_Handler
                0x0800277c        0x8 ./Application/User/stm32f4xx_it.o
                0x0800277c                BusFault_Handler
 .text.UsageFault_Handler
                0x08002784        0x8 ./Application/User/stm32f4xx_it.o
                0x08002784                UsageFault_Handler
 .text.SVC_Handler
                0x0800278c        0xe ./Application/User/stm32f4xx_it.o
                0x0800278c                SVC_Handler
 .text.DebugMon_Handler
                0x0800279a        0xe ./Application/User/stm32f4xx_it.o
                0x0800279a                DebugMon_Handler
 .text.PendSV_Handler
                0x080027a8        0xe ./Application/User/stm32f4xx_it.o
                0x080027a8                PendSV_Handler
 .text.SysTick_Handler
                0x080027b6        0xc ./Application/User/stm32f4xx_it.o
                0x080027b6                SysTick_Handler
 *fill*         0x080027c2        0x2 
 .text.DMA1_Stream5_IRQHandler
                0x080027c4       0x14 ./Application/User/stm32f4xx_it.o
                0x080027c4                DMA1_Stream5_IRQHandler
 .text.TIM3_IRQHandler
                0x080027d8       0x14 ./Application/User/stm32f4xx_it.o
                0x080027d8                TIM3_IRQHandler
 .text.EXTI15_10_IRQHandler
                0x080027ec       0x10 ./Application/User/stm32f4xx_it.o
                0x080027ec                EXTI15_10_IRQHandler
 .text.BSP_LED_Init
                0x080027fc       0x24 ./Application/User/stm32f4xx_nucleo.o
                0x080027fc                BSP_LED_Init
 .text.BSP_LED_On
                0x08002820       0x2c ./Application/User/stm32f4xx_nucleo.o
                0x08002820                BSP_LED_On
 .text.BSP_LED_Off
                0x0800284c       0x2c ./Application/User/stm32f4xx_nucleo.o
                0x0800284c                BSP_LED_Off
 .text.LED_USER_GPIO_Init
                0x08002878       0x84 ./Application/User/stm32f4xx_nucleo.o
 .text.BSP_COM_Init
                0x080028fc       0x7c ./Application/User/stm32f4xx_nucleo.o
                0x080028fc                BSP_COM_Init
 .text.MX_USART2_UART_Init
                0x08002978       0x5c ./Application/User/stm32f4xx_nucleo.o
                0x08002978                MX_USART2_UART_Init
 .text.USART2_MspInit
                0x080029d4       0xec ./Application/User/stm32f4xx_nucleo.o
 .text.BSP_I2C1_Init
                0x08002ac0       0x64 ./Application/User/stm32f4xx_nucleo_bus.o
                0x08002ac0                BSP_I2C1_Init
 .text.BSP_I2C1_DeInit
                0x08002b24       0x50 ./Application/User/stm32f4xx_nucleo_bus.o
                0x08002b24                BSP_I2C1_DeInit
 .text.BSP_I2C1_WriteReg
                0x08002b74       0x64 ./Application/User/stm32f4xx_nucleo_bus.o
                0x08002b74                BSP_I2C1_WriteReg
 .text.BSP_I2C1_ReadReg
                0x08002bd8       0x64 ./Application/User/stm32f4xx_nucleo_bus.o
                0x08002bd8                BSP_I2C1_ReadReg
 .text.BSP_I2C1_Send
                0x08002c3c       0x54 ./Application/User/stm32f4xx_nucleo_bus.o
                0x08002c3c                BSP_I2C1_Send
 .text.BSP_I2C1_Recv
                0x08002c90       0x54 ./Application/User/stm32f4xx_nucleo_bus.o
                0x08002c90                BSP_I2C1_Recv
 .text.BSP_GetTick
                0x08002ce4        0xe ./Application/User/stm32f4xx_nucleo_bus.o
                0x08002ce4                BSP_GetTick
 *fill*         0x08002cf2        0x2 
 .text.MX_I2C1_Init
                0x08002cf4       0x68 ./Application/User/stm32f4xx_nucleo_bus.o
                0x08002cf4                MX_I2C1_Init
 .text.I2C1_MspInit
                0x08002d5c       0x94 ./Application/User/stm32f4xx_nucleo_bus.o
 .text.I2C1_MspDeInit
                0x08002df0       0x38 ./Application/User/stm32f4xx_nucleo_bus.o
 .text._sbrk    0x08002e28       0x6c ./Application/User/sysmem.o
                0x08002e28                _sbrk
 .text.LIS2DUXS12_RegisterBusIO
                0x08002e94      0x140 ./Drivers/BSP/Components/lis2duxs12.o
                0x08002e94                LIS2DUXS12_RegisterBusIO
 .text.LIS2DUXS12_Init
                0x08002fd4       0xf4 ./Drivers/BSP/Components/lis2duxs12.o
                0x08002fd4                LIS2DUXS12_Init
 .text.LIS2DUXS12_DeInit
                0x080030c8       0x3c ./Drivers/BSP/Components/lis2duxs12.o
                0x080030c8                LIS2DUXS12_DeInit
 .text.LIS2DUXS12_ExitDeepPowerDownI2C
                0x08003104       0x2a ./Drivers/BSP/Components/lis2duxs12.o
                0x08003104                LIS2DUXS12_ExitDeepPowerDownI2C
 .text.LIS2DUXS12_ExitDeepPowerDownSPI
                0x0800312e       0x24 ./Drivers/BSP/Components/lis2duxs12.o
                0x0800312e                LIS2DUXS12_ExitDeepPowerDownSPI
 .text.LIS2DUXS12_ReadID
                0x08003152       0x36 ./Drivers/BSP/Components/lis2duxs12.o
                0x08003152                LIS2DUXS12_ReadID
 .text.LIS2DUXS12_GetCapabilities
                0x08003188       0x5c ./Drivers/BSP/Components/lis2duxs12.o
                0x08003188                LIS2DUXS12_GetCapabilities
 .text.LIS2DUXS12_ACC_Enable
                0x080031e4       0x4c ./Drivers/BSP/Components/lis2duxs12.o
                0x080031e4                LIS2DUXS12_ACC_Enable
 .text.LIS2DUXS12_ACC_Disable
                0x08003230       0xb4 ./Drivers/BSP/Components/lis2duxs12.o
                0x08003230                LIS2DUXS12_ACC_Disable
 .text.LIS2DUXS12_ACC_GetSensitivity
                0x080032e4       0x94 ./Drivers/BSP/Components/lis2duxs12.o
                0x080032e4                LIS2DUXS12_ACC_GetSensitivity
 .text.LIS2DUXS12_ACC_GetOutputDataRate
                0x08003378      0x198 ./Drivers/BSP/Components/lis2duxs12.o
                0x08003378                LIS2DUXS12_ACC_GetOutputDataRate
 .text.LIS2DUXS12_ACC_SetOutputDataRate
                0x08003510       0x22 ./Drivers/BSP/Components/lis2duxs12.o
                0x08003510                LIS2DUXS12_ACC_SetOutputDataRate
 .text.LIS2DUXS12_ACC_SetOutputDataRate_With_Mode
                0x08003532       0x44 ./Drivers/BSP/Components/lis2duxs12.o
                0x08003532                LIS2DUXS12_ACC_SetOutputDataRate_With_Mode
 *fill*         0x08003576        0x2 
 .text.LIS2DUXS12_ACC_GetFullScale
                0x08003578       0x84 ./Drivers/BSP/Components/lis2duxs12.o
                0x08003578                LIS2DUXS12_ACC_GetFullScale
 .text.LIS2DUXS12_ACC_SetFullScale
                0x080035fc       0x6e ./Drivers/BSP/Components/lis2duxs12.o
                0x080035fc                LIS2DUXS12_ACC_SetFullScale
 .text.LIS2DUXS12_ACC_GetAxesRaw
                0x0800366a       0x66 ./Drivers/BSP/Components/lis2duxs12.o
                0x0800366a                LIS2DUXS12_ACC_GetAxesRaw
 .text.LIS2DUXS12_ACC_GetAxes
                0x080036d0       0x7e ./Drivers/BSP/Components/lis2duxs12.o
                0x080036d0                LIS2DUXS12_ACC_GetAxes
 .text.LIS2DUXS12_Write_Reg
                0x0800374e       0x36 ./Drivers/BSP/Components/lis2duxs12.o
                0x0800374e                LIS2DUXS12_Write_Reg
 .text.LIS2DUXS12_Set_Mem_Bank
                0x08003784       0x42 ./Drivers/BSP/Components/lis2duxs12.o
                0x08003784                LIS2DUXS12_Set_Mem_Bank
 *fill*         0x080037c6        0x2 
 .text.LIS2DUXS12_ACC_SetOutputDataRate_When_Enabled
                0x080037c8      0x2fc ./Drivers/BSP/Components/lis2duxs12.o
 .text.LIS2DUXS12_ACC_SetOutputDataRate_When_Disabled
                0x08003ac4      0x144 ./Drivers/BSP/Components/lis2duxs12.o
 .text.ReadRegWrap
                0x08003c08       0x36 ./Drivers/BSP/Components/lis2duxs12.o
 .text.WriteRegWrap
                0x08003c3e       0x36 ./Drivers/BSP/Components/lis2duxs12.o
 .text.lis2duxs12_read_reg
                0x08003c74       0x3a ./Drivers/BSP/Components/lis2duxs12_reg.o
                0x08003c74                lis2duxs12_read_reg
 .text.lis2duxs12_write_reg
                0x08003cae       0x3a ./Drivers/BSP/Components/lis2duxs12_reg.o
                0x08003cae                lis2duxs12_write_reg
 .text.lis2duxs12_from_fs2g_to_mg
                0x08003ce8       0x30 ./Drivers/BSP/Components/lis2duxs12_reg.o
                0x08003ce8                lis2duxs12_from_fs2g_to_mg
 .text.lis2duxs12_from_fs4g_to_mg
                0x08003d18       0x30 ./Drivers/BSP/Components/lis2duxs12_reg.o
                0x08003d18                lis2duxs12_from_fs4g_to_mg
 .text.lis2duxs12_from_fs8g_to_mg
                0x08003d48       0x30 ./Drivers/BSP/Components/lis2duxs12_reg.o
                0x08003d48                lis2duxs12_from_fs8g_to_mg
 .text.lis2duxs12_from_fs16g_to_mg
                0x08003d78       0x30 ./Drivers/BSP/Components/lis2duxs12_reg.o
                0x08003d78                lis2duxs12_from_fs16g_to_mg
 .text.lis2duxs12_device_id_get
                0x08003da8       0x22 ./Drivers/BSP/Components/lis2duxs12_reg.o
                0x08003da8                lis2duxs12_device_id_get
 *fill*         0x08003dca        0x2 
 .text.lis2duxs12_init_set
                0x08003dcc      0x214 ./Drivers/BSP/Components/lis2duxs12_reg.o
                0x08003dcc                lis2duxs12_init_set
 .text.lis2duxs12_status_get
                0x08003fe0       0x86 ./Drivers/BSP/Components/lis2duxs12_reg.o
                0x08003fe0                lis2duxs12_status_get
 *fill*         0x08004066        0x2 
 .text.lis2duxs12_mode_set
                0x08004068      0x178 ./Drivers/BSP/Components/lis2duxs12_reg.o
                0x08004068                lis2duxs12_mode_set
 .text.lis2duxs12_mode_get
                0x080041e0      0x220 ./Drivers/BSP/Components/lis2duxs12_reg.o
                0x080041e0                lis2duxs12_mode_get
 .text.lis2duxs12_exit_deep_power_down
                0x08004400       0x3e ./Drivers/BSP/Components/lis2duxs12_reg.o
                0x08004400                lis2duxs12_exit_deep_power_down
 *fill*         0x0800443e        0x2 
 .text.lis2duxs12_xl_data_get
                0x08004440      0x158 ./Drivers/BSP/Components/lis2duxs12_reg.o
                0x08004440                lis2duxs12_xl_data_get
 .text.lis2duxs12_i3c_configure_set
                0x08004598       0x70 ./Drivers/BSP/Components/lis2duxs12_reg.o
                0x08004598                lis2duxs12_i3c_configure_set
 .text.lis2duxs12_i3c_configure_get
                0x08004608       0x7e ./Drivers/BSP/Components/lis2duxs12_reg.o
                0x08004608                lis2duxs12_i3c_configure_get
 .text.lis2duxs12_mem_bank_set
                0x08004686       0x4c ./Drivers/BSP/Components/lis2duxs12_reg.o
                0x08004686                lis2duxs12_mem_bank_set
 .text.lis2duxs12_fifo_mode_set
                0x080046d2      0x186 ./Drivers/BSP/Components/lis2duxs12_reg.o
                0x080046d2                lis2duxs12_fifo_mode_set
 .text.LIS2MDL_RegisterBusIO
                0x08004858      0x100 ./Drivers/BSP/Components/lis2mdl.o
                0x08004858                LIS2MDL_RegisterBusIO
 .text.LIS2MDL_Init
                0x08004958      0x10c ./Drivers/BSP/Components/lis2mdl.o
                0x08004958                LIS2MDL_Init
 .text.LIS2MDL_DeInit
                0x08004a64       0x2c ./Drivers/BSP/Components/lis2mdl.o
                0x08004a64                LIS2MDL_DeInit
 .text.LIS2MDL_ReadID
                0x08004a90       0x4c ./Drivers/BSP/Components/lis2mdl.o
                0x08004a90                LIS2MDL_ReadID
 .text.LIS2MDL_GetCapabilities
                0x08004adc       0x5c ./Drivers/BSP/Components/lis2mdl.o
                0x08004adc                LIS2MDL_GetCapabilities
 .text.LIS2MDL_MAG_Enable
                0x08004b38       0x84 ./Drivers/BSP/Components/lis2mdl.o
                0x08004b38                LIS2MDL_MAG_Enable
 .text.LIS2MDL_MAG_Disable
                0x08004bbc       0x86 ./Drivers/BSP/Components/lis2mdl.o
                0x08004bbc                LIS2MDL_MAG_Disable
 .text.LIS2MDL_MAG_GetSensitivity
                0x08004c42       0x20 ./Drivers/BSP/Components/lis2mdl.o
                0x08004c42                LIS2MDL_MAG_GetSensitivity
 *fill*         0x08004c62        0x2 
 .text.LIS2MDL_MAG_GetOutputDataRate
                0x08004c64       0x8c ./Drivers/BSP/Components/lis2mdl.o
                0x08004c64                LIS2MDL_MAG_GetOutputDataRate
 .text.LIS2MDL_MAG_SetOutputDataRate
                0x08004cf0       0xc8 ./Drivers/BSP/Components/lis2mdl.o
                0x08004cf0                LIS2MDL_MAG_SetOutputDataRate
 .text.LIS2MDL_MAG_GetFullScale
                0x08004db8       0x1e ./Drivers/BSP/Components/lis2mdl.o
                0x08004db8                LIS2MDL_MAG_GetFullScale
 .text.LIS2MDL_MAG_SetFullScale
                0x08004dd6       0x18 ./Drivers/BSP/Components/lis2mdl.o
                0x08004dd6                LIS2MDL_MAG_SetFullScale
 .text.LIS2MDL_MAG_GetAxesRaw
                0x08004dee       0x48 ./Drivers/BSP/Components/lis2mdl.o
                0x08004dee                LIS2MDL_MAG_GetAxesRaw
 .text.LIS2MDL_MAG_GetAxes
                0x08004e36      0x114 ./Drivers/BSP/Components/lis2mdl.o
                0x08004e36                LIS2MDL_MAG_GetAxes
 .text.LIS2MDL_Write_Reg
                0x08004f4a       0x56 ./Drivers/BSP/Components/lis2mdl.o
                0x08004f4a                LIS2MDL_Write_Reg
 .text.ReadMagRegWrap
                0x08004fa0       0x82 ./Drivers/BSP/Components/lis2mdl.o
 .text.WriteMagRegWrap
                0x08005022       0x82 ./Drivers/BSP/Components/lis2mdl.o
 .text.LSM6DSOX_SENSORHUB_LIS2MDL_ReadShData
                0x080050a4      0x27e ./Drivers/BSP/Components/lis2mdl.o
 .text.LSM6DSOX_SENSORHUB_LIS2MDL_WriteShData
                0x08005322      0x23c ./Drivers/BSP/Components/lis2mdl.o
 .text.lis2mdl_read_reg
                0x0800555e       0x3c ./Drivers/BSP/Components/lis2mdl_reg.o
                0x0800555e                lis2mdl_read_reg
 .text.lis2mdl_write_reg
                0x0800559a       0x3c ./Drivers/BSP/Components/lis2mdl_reg.o
                0x0800559a                lis2mdl_write_reg
 .text.lis2mdl_operating_mode_set
                0x080055d6       0x4c ./Drivers/BSP/Components/lis2mdl_reg.o
                0x080055d6                lis2mdl_operating_mode_set
 .text.lis2mdl_data_rate_set
                0x08005622       0x4c ./Drivers/BSP/Components/lis2mdl_reg.o
                0x08005622                lis2mdl_data_rate_set
 *fill*         0x0800566e        0x2 
 .text.lis2mdl_data_rate_get
                0x08005670       0x70 ./Drivers/BSP/Components/lis2mdl_reg.o
                0x08005670                lis2mdl_data_rate_get
 .text.lis2mdl_block_data_update_set
                0x080056e0       0x4c ./Drivers/BSP/Components/lis2mdl_reg.o
                0x080056e0                lis2mdl_block_data_update_set
 .text.lis2mdl_magnetic_raw_get
                0x0800572c       0x90 ./Drivers/BSP/Components/lis2mdl_reg.o
                0x0800572c                lis2mdl_magnetic_raw_get
 .text.lis2mdl_device_id_get
                0x080057bc       0x22 ./Drivers/BSP/Components/lis2mdl_reg.o
                0x080057bc                lis2mdl_device_id_get
 .text.lis2mdl_self_test_set
                0x080057de       0x4c ./Drivers/BSP/Components/lis2mdl_reg.o
                0x080057de                lis2mdl_self_test_set
 .text.lis2mdl_i2c_interface_set
                0x0800582a       0x4c ./Drivers/BSP/Components/lis2mdl_reg.o
                0x0800582a                lis2mdl_i2c_interface_set
 *fill*         0x08005876        0x2 
 .text.LPS22DF_RegisterBusIO
                0x08005878       0xd4 ./Drivers/BSP/Components/lps22df.o
                0x08005878                LPS22DF_RegisterBusIO
 .text.LPS22DF_Init
                0x0800594c       0x36 ./Drivers/BSP/Components/lps22df.o
                0x0800594c                LPS22DF_Init
 .text.LPS22DF_DeInit
                0x08005982       0x48 ./Drivers/BSP/Components/lps22df.o
                0x08005982                LPS22DF_DeInit
 .text.LPS22DF_ReadID
                0x080059ca       0x36 ./Drivers/BSP/Components/lps22df.o
                0x080059ca                LPS22DF_ReadID
 .text.LPS22DF_GetCapabilities
                0x08005a00       0x58 ./Drivers/BSP/Components/lps22df.o
                0x08005a00                LPS22DF_GetCapabilities
 .text.LPS22DF_PRESS_Enable
                0x08005a58       0x46 ./Drivers/BSP/Components/lps22df.o
                0x08005a58                LPS22DF_PRESS_Enable
 .text.LPS22DF_PRESS_Disable
                0x08005a9e       0x80 ./Drivers/BSP/Components/lps22df.o
                0x08005a9e                LPS22DF_PRESS_Disable
 .text.LPS22DF_PRESS_GetOutputDataRate
                0x08005b1e       0x1c ./Drivers/BSP/Components/lps22df.o
                0x08005b1e                LPS22DF_PRESS_GetOutputDataRate
 .text.LPS22DF_PRESS_SetOutputDataRate
                0x08005b3a       0x38 ./Drivers/BSP/Components/lps22df.o
                0x08005b3a                LPS22DF_PRESS_SetOutputDataRate
 .text.LPS22DF_PRESS_GetPressure
                0x08005b72       0x42 ./Drivers/BSP/Components/lps22df.o
                0x08005b72                LPS22DF_PRESS_GetPressure
 .text.LPS22DF_TEMP_Enable
                0x08005bb4       0x46 ./Drivers/BSP/Components/lps22df.o
                0x08005bb4                LPS22DF_TEMP_Enable
 .text.LPS22DF_TEMP_Disable
                0x08005bfa       0x80 ./Drivers/BSP/Components/lps22df.o
                0x08005bfa                LPS22DF_TEMP_Disable
 .text.LPS22DF_TEMP_GetOutputDataRate
                0x08005c7a       0x1c ./Drivers/BSP/Components/lps22df.o
                0x08005c7a                LPS22DF_TEMP_GetOutputDataRate
 .text.LPS22DF_TEMP_SetOutputDataRate
                0x08005c96       0x38 ./Drivers/BSP/Components/lps22df.o
                0x08005c96                LPS22DF_TEMP_SetOutputDataRate
 .text.LPS22DF_TEMP_GetTemperature
                0x08005cce       0x44 ./Drivers/BSP/Components/lps22df.o
                0x08005cce                LPS22DF_TEMP_GetTemperature
 .text.LPS22DF_Write_Reg
                0x08005d12       0x36 ./Drivers/BSP/Components/lps22df.o
                0x08005d12                LPS22DF_Write_Reg
 .text.LPS22DF_GetOutputDataRate
                0x08005d48       0xd4 ./Drivers/BSP/Components/lps22df.o
 .text.LPS22DF_SetOutputDataRate_When_Enabled
                0x08005e1c      0x118 ./Drivers/BSP/Components/lps22df.o
 .text.LPS22DF_SetOutputDataRate_When_Disabled
                0x08005f34       0xc8 ./Drivers/BSP/Components/lps22df.o
 .text.LPS22DF_Initialize
                0x08005ffc       0xb8 ./Drivers/BSP/Components/lps22df.o
 .text.ReadRegWrap
                0x080060b4       0x36 ./Drivers/BSP/Components/lps22df.o
 .text.WriteRegWrap
                0x080060ea       0x36 ./Drivers/BSP/Components/lps22df.o
 .text.lps22df_read_reg
                0x08006120       0x3c ./Drivers/BSP/Components/lps22df_reg.o
                0x08006120                lps22df_read_reg
 .text.lps22df_write_reg
                0x0800615c       0x3c ./Drivers/BSP/Components/lps22df_reg.o
                0x0800615c                lps22df_write_reg
 .text.bytecpy  0x08006198       0x2a ./Drivers/BSP/Components/lps22df_reg.o
 *fill*         0x080061c2        0x2 
 .text.lps22df_from_lsb_to_hPa
                0x080061c4       0x30 ./Drivers/BSP/Components/lps22df_reg.o
                0x080061c4                lps22df_from_lsb_to_hPa
 .text.lps22df_from_lsb_to_celsius
                0x080061f4       0x34 ./Drivers/BSP/Components/lps22df_reg.o
                0x080061f4                lps22df_from_lsb_to_celsius
 .text.lps22df_id_get
                0x08006228       0x2a ./Drivers/BSP/Components/lps22df_reg.o
                0x08006228                lps22df_id_get
 .text.lps22df_bus_mode_set
                0x08006252       0xc4 ./Drivers/BSP/Components/lps22df_reg.o
                0x08006252                lps22df_bus_mode_set
 .text.lps22df_init_set
                0x08006316      0x1c4 ./Drivers/BSP/Components/lps22df_reg.o
                0x08006316                lps22df_init_set
 .text.lps22df_status_get
                0x080064da      0x10a ./Drivers/BSP/Components/lps22df_reg.o
                0x080064da                lps22df_status_get
 .text.lps22df_mode_set
                0x080065e4       0xbc ./Drivers/BSP/Components/lps22df_reg.o
                0x080065e4                lps22df_mode_set
 .text.lps22df_mode_get
                0x080066a0      0x198 ./Drivers/BSP/Components/lps22df_reg.o
                0x080066a0                lps22df_mode_get
 .text.lps22df_pressure_raw_get
                0x08006838       0x52 ./Drivers/BSP/Components/lps22df_reg.o
                0x08006838                lps22df_pressure_raw_get
 .text.lps22df_temperature_raw_get
                0x0800688a       0x44 ./Drivers/BSP/Components/lps22df_reg.o
                0x0800688a                lps22df_temperature_raw_get
 *fill*         0x080068ce        0x2 
 .text.LSM6DSO16IS_RegisterBusIO
                0x080068d0       0xcc ./Drivers/BSP/Components/lsm6dso16is.o
                0x080068d0                LSM6DSO16IS_RegisterBusIO
 .text.LSM6DSO16IS_Init
                0x0800699c       0xd8 ./Drivers/BSP/Components/lsm6dso16is.o
                0x0800699c                LSM6DSO16IS_Init
 .text.LSM6DSO16IS_DeInit
                0x08006a74       0x58 ./Drivers/BSP/Components/lsm6dso16is.o
                0x08006a74                LSM6DSO16IS_DeInit
 .text.LSM6DSO16IS_ReadID
                0x08006acc       0x30 ./Drivers/BSP/Components/lsm6dso16is.o
                0x08006acc                LSM6DSO16IS_ReadID
 .text.LSM6DSO16IS_GetCapabilities
                0x08006afc       0x5c ./Drivers/BSP/Components/lsm6dso16is.o
                0x08006afc                LSM6DSO16IS_GetCapabilities
 .text.LSM6DSO16IS_ACC_Enable
                0x08006b58       0x4e ./Drivers/BSP/Components/lsm6dso16is.o
                0x08006b58                LSM6DSO16IS_ACC_Enable
 .text.LSM6DSO16IS_ACC_Disable
                0x08006ba6       0x64 ./Drivers/BSP/Components/lsm6dso16is.o
                0x08006ba6                LSM6DSO16IS_ACC_Disable
 *fill*         0x08006c0a        0x2 
 .text.LSM6DSO16IS_ACC_GetSensitivity
                0x08006c0c       0x8c ./Drivers/BSP/Components/lsm6dso16is.o
                0x08006c0c                LSM6DSO16IS_ACC_GetSensitivity
 .text.LSM6DSO16IS_ACC_GetOutputDataRate
                0x08006c98      0x148 ./Drivers/BSP/Components/lsm6dso16is.o
                0x08006c98                LSM6DSO16IS_ACC_GetOutputDataRate
 .text.LSM6DSO16IS_ACC_SetOutputDataRate
                0x08006de0       0x3a ./Drivers/BSP/Components/lsm6dso16is.o
                0x08006de0                LSM6DSO16IS_ACC_SetOutputDataRate
 *fill*         0x08006e1a        0x2 
 .text.LSM6DSO16IS_ACC_GetFullScale
                0x08006e1c       0x7c ./Drivers/BSP/Components/lsm6dso16is.o
                0x08006e1c                LSM6DSO16IS_ACC_GetFullScale
 .text.LSM6DSO16IS_ACC_SetFullScale
                0x08006e98       0x54 ./Drivers/BSP/Components/lsm6dso16is.o
                0x08006e98                LSM6DSO16IS_ACC_SetFullScale
 .text.LSM6DSO16IS_ACC_GetAxesRaw
                0x08006eec       0x4c ./Drivers/BSP/Components/lsm6dso16is.o
                0x08006eec                LSM6DSO16IS_ACC_GetAxesRaw
 .text.LSM6DSO16IS_ACC_GetAxes
                0x08006f38       0xb2 ./Drivers/BSP/Components/lsm6dso16is.o
                0x08006f38                LSM6DSO16IS_ACC_GetAxes
 .text.LSM6DSO16IS_GYRO_Enable
                0x08006fea       0x4e ./Drivers/BSP/Components/lsm6dso16is.o
                0x08006fea                LSM6DSO16IS_GYRO_Enable
 .text.LSM6DSO16IS_GYRO_Disable
                0x08007038       0x64 ./Drivers/BSP/Components/lsm6dso16is.o
                0x08007038                LSM6DSO16IS_GYRO_Disable
 .text.LSM6DSO16IS_GYRO_GetSensitivity
                0x0800709c       0xcc ./Drivers/BSP/Components/lsm6dso16is.o
                0x0800709c                LSM6DSO16IS_GYRO_GetSensitivity
 .text.LSM6DSO16IS_GYRO_GetOutputDataRate
                0x08007168      0x138 ./Drivers/BSP/Components/lsm6dso16is.o
                0x08007168                LSM6DSO16IS_GYRO_GetOutputDataRate
 .text.LSM6DSO16IS_GYRO_SetOutputDataRate
                0x080072a0       0x3a ./Drivers/BSP/Components/lsm6dso16is.o
                0x080072a0                LSM6DSO16IS_GYRO_SetOutputDataRate
 *fill*         0x080072da        0x2 
 .text.LSM6DSO16IS_GYRO_GetFullScale
                0x080072dc       0xbc ./Drivers/BSP/Components/lsm6dso16is.o
                0x080072dc                LSM6DSO16IS_GYRO_GetFullScale
 .text.LSM6DSO16IS_GYRO_SetFullScale
                0x08007398       0x62 ./Drivers/BSP/Components/lsm6dso16is.o
                0x08007398                LSM6DSO16IS_GYRO_SetFullScale
 .text.LSM6DSO16IS_GYRO_GetAxesRaw
                0x080073fa       0x4c ./Drivers/BSP/Components/lsm6dso16is.o
                0x080073fa                LSM6DSO16IS_GYRO_GetAxesRaw
 .text.LSM6DSO16IS_GYRO_GetAxes
                0x08007446       0xb2 ./Drivers/BSP/Components/lsm6dso16is.o
                0x08007446                LSM6DSO16IS_GYRO_GetAxes
 .text.LSM6DSO16IS_Write_Reg
                0x080074f8       0x3a ./Drivers/BSP/Components/lsm6dso16is.o
                0x080074f8                LSM6DSO16IS_Write_Reg
 .text.LSM6DSO16IS_Set_Mem_Bank
                0x08007532       0x4c ./Drivers/BSP/Components/lsm6dso16is.o
                0x08007532                LSM6DSO16IS_Set_Mem_Bank
 *fill*         0x0800757e        0x2 
 .text.LSM6DSO16IS_ACC_SetOutputDataRate_When_Enabled
                0x08007580      0x11c ./Drivers/BSP/Components/lsm6dso16is.o
 .text.LSM6DSO16IS_ACC_SetOutputDataRate_When_Disabled
                0x0800769c      0x104 ./Drivers/BSP/Components/lsm6dso16is.o
 .text.LSM6DSO16IS_GYRO_SetOutputDataRate_When_Enabled
                0x080077a0      0x11c ./Drivers/BSP/Components/lsm6dso16is.o
 .text.LSM6DSO16IS_GYRO_SetOutputDataRate_When_Disabled
                0x080078bc      0x104 ./Drivers/BSP/Components/lsm6dso16is.o
 .text.ReadRegWrap
                0x080079c0       0x36 ./Drivers/BSP/Components/lsm6dso16is.o
 .text.WriteRegWrap
                0x080079f6       0x36 ./Drivers/BSP/Components/lsm6dso16is.o
 .text.lsm6dso16is_read_reg
                0x08007a2c       0x3c ./Drivers/BSP/Components/lsm6dso16is_reg.o
                0x08007a2c                lsm6dso16is_read_reg
 .text.lsm6dso16is_write_reg
                0x08007a68       0x3c ./Drivers/BSP/Components/lsm6dso16is_reg.o
                0x08007a68                lsm6dso16is_write_reg
 .text.lsm6dso16is_mem_bank_set
                0x08007aa4       0x52 ./Drivers/BSP/Components/lsm6dso16is_reg.o
                0x08007aa4                lsm6dso16is_mem_bank_set
 .text.lsm6dso16is_device_id_get
                0x08007af6       0x22 ./Drivers/BSP/Components/lsm6dso16is_reg.o
                0x08007af6                lsm6dso16is_device_id_get
 .text.lsm6dso16is_xl_hm_mode_set
                0x08007b18       0x4c ./Drivers/BSP/Components/lsm6dso16is_reg.o
                0x08007b18                lsm6dso16is_xl_hm_mode_set
 .text.lsm6dso16is_xl_full_scale_set
                0x08007b64       0x4c ./Drivers/BSP/Components/lsm6dso16is_reg.o
                0x08007b64                lsm6dso16is_xl_full_scale_set
 .text.lsm6dso16is_xl_full_scale_get
                0x08007bb0       0x70 ./Drivers/BSP/Components/lsm6dso16is_reg.o
                0x08007bb0                lsm6dso16is_xl_full_scale_get
 .text.lsm6dso16is_xl_data_rate_set
                0x08007c20       0x7e ./Drivers/BSP/Components/lsm6dso16is_reg.o
                0x08007c20                lsm6dso16is_xl_data_rate_set
 *fill*         0x08007c9e        0x2 
 .text.lsm6dso16is_xl_data_rate_get
                0x08007ca0      0x184 ./Drivers/BSP/Components/lsm6dso16is_reg.o
                0x08007ca0                lsm6dso16is_xl_data_rate_get
 .text.lsm6dso16is_gy_hm_mode_set
                0x08007e24       0x4c ./Drivers/BSP/Components/lsm6dso16is_reg.o
                0x08007e24                lsm6dso16is_gy_hm_mode_set
 .text.lsm6dso16is_gy_full_scale_set
                0x08007e70       0x60 ./Drivers/BSP/Components/lsm6dso16is_reg.o
                0x08007e70                lsm6dso16is_gy_full_scale_set
 .text.lsm6dso16is_gy_full_scale_get
                0x08007ed0       0xb8 ./Drivers/BSP/Components/lsm6dso16is_reg.o
                0x08007ed0                lsm6dso16is_gy_full_scale_get
 .text.lsm6dso16is_gy_data_rate_set
                0x08007f88       0x7e ./Drivers/BSP/Components/lsm6dso16is_reg.o
                0x08007f88                lsm6dso16is_gy_data_rate_set
 *fill*         0x08008006        0x2 
 .text.lsm6dso16is_gy_data_rate_get
                0x08008008      0x178 ./Drivers/BSP/Components/lsm6dso16is_reg.o
                0x08008008                lsm6dso16is_gy_data_rate_get
 .text.lsm6dso16is_auto_increment_set
                0x08008180       0x4c ./Drivers/BSP/Components/lsm6dso16is_reg.o
                0x08008180                lsm6dso16is_auto_increment_set
 .text.lsm6dso16is_block_data_update_set
                0x080081cc       0x4c ./Drivers/BSP/Components/lsm6dso16is_reg.o
                0x080081cc                lsm6dso16is_block_data_update_set
 .text.lsm6dso16is_angular_rate_raw_get
                0x08008218       0x90 ./Drivers/BSP/Components/lsm6dso16is_reg.o
                0x08008218                lsm6dso16is_angular_rate_raw_get
 .text.lsm6dso16is_acceleration_raw_get
                0x080082a8       0x90 ./Drivers/BSP/Components/lsm6dso16is_reg.o
                0x080082a8                lsm6dso16is_acceleration_raw_get
 .text.LSM6DSV16X_RegisterBusIO
                0x08008338       0xec ./Drivers/BSP/Components/lsm6dsv16x.o
                0x08008338                LSM6DSV16X_RegisterBusIO
 .text.LSM6DSV16X_Init
                0x08008424      0x106 ./Drivers/BSP/Components/lsm6dsv16x.o
                0x08008424                LSM6DSV16X_Init
 .text.LSM6DSV16X_DeInit
                0x0800852a       0x6e ./Drivers/BSP/Components/lsm6dsv16x.o
                0x0800852a                LSM6DSV16X_DeInit
 .text.LSM6DSV16X_ReadID
                0x08008598       0x2c ./Drivers/BSP/Components/lsm6dsv16x.o
                0x08008598                LSM6DSV16X_ReadID
 .text.LSM6DSV16X_GetCapabilities
                0x080085c4       0x5c ./Drivers/BSP/Components/lsm6dsv16x.o
                0x080085c4                LSM6DSV16X_GetCapabilities
 .text.LSM6DSV16X_ACC_Enable
                0x08008620       0x48 ./Drivers/BSP/Components/lsm6dsv16x.o
                0x08008620                LSM6DSV16X_ACC_Enable
 .text.LSM6DSV16X_ACC_Disable
                0x08008668       0x5e ./Drivers/BSP/Components/lsm6dsv16x.o
                0x08008668                LSM6DSV16X_ACC_Disable
 *fill*         0x080086c6        0x2 
 .text.LSM6DSV16X_ACC_GetSensitivity
                0x080086c8       0x8c ./Drivers/BSP/Components/lsm6dsv16x.o
                0x080086c8                LSM6DSV16X_ACC_GetSensitivity
 .text.LSM6DSV16X_ACC_GetOutputDataRate
                0x08008754      0x288 ./Drivers/BSP/Components/lsm6dsv16x.o
                0x08008754                LSM6DSV16X_ACC_GetOutputDataRate
 .text.LSM6DSV16X_ACC_SetOutputDataRate
                0x080089dc       0x38 ./Drivers/BSP/Components/lsm6dsv16x.o
                0x080089dc                LSM6DSV16X_ACC_SetOutputDataRate
 .text.LSM6DSV16X_ACC_GetFullScale
                0x08008a14       0x7c ./Drivers/BSP/Components/lsm6dsv16x.o
                0x08008a14                LSM6DSV16X_ACC_GetFullScale
 .text.LSM6DSV16X_ACC_SetFullScale
                0x08008a90       0x50 ./Drivers/BSP/Components/lsm6dsv16x.o
                0x08008a90                LSM6DSV16X_ACC_SetFullScale
 .text.LSM6DSV16X_ACC_GetAxesRaw
                0x08008ae0       0x48 ./Drivers/BSP/Components/lsm6dsv16x.o
                0x08008ae0                LSM6DSV16X_ACC_GetAxesRaw
 .text.LSM6DSV16X_ACC_GetAxes
                0x08008b28       0xae ./Drivers/BSP/Components/lsm6dsv16x.o
                0x08008b28                LSM6DSV16X_ACC_GetAxes
 .text.LSM6DSV16X_GYRO_Enable
                0x08008bd6       0x48 ./Drivers/BSP/Components/lsm6dsv16x.o
                0x08008bd6                LSM6DSV16X_GYRO_Enable
 .text.LSM6DSV16X_GYRO_Disable
                0x08008c1e       0x5e ./Drivers/BSP/Components/lsm6dsv16x.o
                0x08008c1e                LSM6DSV16X_GYRO_Disable
 .text.LSM6DSV16X_GYRO_GetSensitivity
                0x08008c7c       0xc8 ./Drivers/BSP/Components/lsm6dsv16x.o
                0x08008c7c                LSM6DSV16X_GYRO_GetSensitivity
 .text.LSM6DSV16X_GYRO_GetOutputDataRate
                0x08008d44      0x288 ./Drivers/BSP/Components/lsm6dsv16x.o
                0x08008d44                LSM6DSV16X_GYRO_GetOutputDataRate
 .text.LSM6DSV16X_GYRO_SetOutputDataRate
                0x08008fcc       0x38 ./Drivers/BSP/Components/lsm6dsv16x.o
                0x08008fcc                LSM6DSV16X_GYRO_SetOutputDataRate
 .text.LSM6DSV16X_GYRO_GetFullScale
                0x08009004       0xb8 ./Drivers/BSP/Components/lsm6dsv16x.o
                0x08009004                LSM6DSV16X_GYRO_GetFullScale
 .text.LSM6DSV16X_GYRO_SetFullScale
                0x080090bc       0x6a ./Drivers/BSP/Components/lsm6dsv16x.o
                0x080090bc                LSM6DSV16X_GYRO_SetFullScale
 .text.LSM6DSV16X_GYRO_GetAxesRaw
                0x08009126       0x48 ./Drivers/BSP/Components/lsm6dsv16x.o
                0x08009126                LSM6DSV16X_GYRO_GetAxesRaw
 .text.LSM6DSV16X_GYRO_GetAxes
                0x0800916e       0xae ./Drivers/BSP/Components/lsm6dsv16x.o
                0x0800916e                LSM6DSV16X_GYRO_GetAxes
 .text.LSM6DSV16X_Write_Reg
                0x0800921c       0x36 ./Drivers/BSP/Components/lsm6dsv16x.o
                0x0800921c                LSM6DSV16X_Write_Reg
 .text.LSM6DSV16X_Set_Mem_Bank
                0x08009252       0x4c ./Drivers/BSP/Components/lsm6dsv16x.o
                0x08009252                LSM6DSV16X_Set_Mem_Bank
 *fill*         0x0800929e        0x2 
 .text.LSM6DSV16X_ACC_SetOutputDataRate_When_Enabled
                0x080092a0      0x144 ./Drivers/BSP/Components/lsm6dsv16x.o
 .text.LSM6DSV16X_ACC_SetOutputDataRate_When_Disabled
                0x080093e4      0x130 ./Drivers/BSP/Components/lsm6dsv16x.o
 .text.LSM6DSV16X_GYRO_SetOutputDataRate_When_Enabled
                0x08009514      0x12c ./Drivers/BSP/Components/lsm6dsv16x.o
 .text.LSM6DSV16X_GYRO_SetOutputDataRate_When_Disabled
                0x08009640      0x11c ./Drivers/BSP/Components/lsm6dsv16x.o
 .text.ReadRegWrap
                0x0800975c       0x36 ./Drivers/BSP/Components/lsm6dsv16x.o
 .text.WriteRegWrap
                0x08009792       0x36 ./Drivers/BSP/Components/lsm6dsv16x.o
 .text.lsm6dsv16x_read_reg
                0x080097c8       0x3c ./Drivers/BSP/Components/lsm6dsv16x_reg.o
                0x080097c8                lsm6dsv16x_read_reg
 .text.lsm6dsv16x_write_reg
                0x08009804       0x3c ./Drivers/BSP/Components/lsm6dsv16x_reg.o
                0x08009804                lsm6dsv16x_write_reg
 .text.lsm6dsv16x_mem_bank_set
                0x08009840       0x62 ./Drivers/BSP/Components/lsm6dsv16x_reg.o
                0x08009840                lsm6dsv16x_mem_bank_set
 .text.lsm6dsv16x_device_id_get
                0x080098a2       0x22 ./Drivers/BSP/Components/lsm6dsv16x_reg.o
                0x080098a2                lsm6dsv16x_device_id_get
 .text.lsm6dsv16x_xl_data_rate_set
                0x080098c4       0xa2 ./Drivers/BSP/Components/lsm6dsv16x_reg.o
                0x080098c4                lsm6dsv16x_xl_data_rate_set
 *fill*         0x08009966        0x2 
 .text.lsm6dsv16x_xl_data_rate_get
                0x08009968      0x220 ./Drivers/BSP/Components/lsm6dsv16x_reg.o
                0x08009968                lsm6dsv16x_xl_data_rate_get
 .text.lsm6dsv16x_gy_data_rate_set
                0x08009b88       0x9e ./Drivers/BSP/Components/lsm6dsv16x_reg.o
                0x08009b88                lsm6dsv16x_gy_data_rate_set
 *fill*         0x08009c26        0x2 
 .text.lsm6dsv16x_gy_data_rate_get
                0x08009c28      0x220 ./Drivers/BSP/Components/lsm6dsv16x_reg.o
                0x08009c28                lsm6dsv16x_gy_data_rate_get
 .text.lsm6dsv16x_auto_increment_set
                0x08009e48       0x4c ./Drivers/BSP/Components/lsm6dsv16x_reg.o
                0x08009e48                lsm6dsv16x_auto_increment_set
 .text.lsm6dsv16x_block_data_update_set
                0x08009e94       0x4c ./Drivers/BSP/Components/lsm6dsv16x_reg.o
                0x08009e94                lsm6dsv16x_block_data_update_set
 .text.lsm6dsv16x_gy_full_scale_set
                0x08009ee0       0x4c ./Drivers/BSP/Components/lsm6dsv16x_reg.o
                0x08009ee0                lsm6dsv16x_gy_full_scale_set
 .text.lsm6dsv16x_gy_full_scale_get
                0x08009f2c       0xb0 ./Drivers/BSP/Components/lsm6dsv16x_reg.o
                0x08009f2c                lsm6dsv16x_gy_full_scale_get
 .text.lsm6dsv16x_xl_full_scale_set
                0x08009fdc       0x4c ./Drivers/BSP/Components/lsm6dsv16x_reg.o
                0x08009fdc                lsm6dsv16x_xl_full_scale_set
 .text.lsm6dsv16x_xl_full_scale_get
                0x0800a028       0x7c ./Drivers/BSP/Components/lsm6dsv16x_reg.o
                0x0800a028                lsm6dsv16x_xl_full_scale_get
 .text.lsm6dsv16x_angular_rate_raw_get
                0x0800a0a4       0x9a ./Drivers/BSP/Components/lsm6dsv16x_reg.o
                0x0800a0a4                lsm6dsv16x_angular_rate_raw_get
 .text.lsm6dsv16x_acceleration_raw_get
                0x0800a13e       0x9a ./Drivers/BSP/Components/lsm6dsv16x_reg.o
                0x0800a13e                lsm6dsv16x_acceleration_raw_get
 .text.lsm6dsv16x_fifo_mode_set
                0x0800a1d8       0x4c ./Drivers/BSP/Components/lsm6dsv16x_reg.o
                0x0800a1d8                lsm6dsv16x_fifo_mode_set
 .text.lsm6dsv16x_ah_qvar_mode_set
                0x0800a224       0x4a ./Drivers/BSP/Components/lsm6dsv16x_reg.o
                0x0800a224                lsm6dsv16x_ah_qvar_mode_set
 *fill*         0x0800a26e        0x2 
 .text.SHT40AD1B_RegisterBusIO
                0x0800a270       0x94 ./Drivers/BSP/Components/sht40ad1b.o
                0x0800a270                SHT40AD1B_RegisterBusIO
 .text.SHT40AD1B_Init
                0x0800a304       0x2e ./Drivers/BSP/Components/sht40ad1b.o
                0x0800a304                SHT40AD1B_Init
 .text.SHT40AD1B_DeInit
                0x0800a332       0x1e ./Drivers/BSP/Components/sht40ad1b.o
                0x0800a332                SHT40AD1B_DeInit
 .text.SHT40AD1B_ReadID
                0x0800a350       0x20 ./Drivers/BSP/Components/sht40ad1b.o
                0x0800a350                SHT40AD1B_ReadID
 .text.SHT40AD1B_GetCapabilities
                0x0800a370       0x56 ./Drivers/BSP/Components/sht40ad1b.o
                0x0800a370                SHT40AD1B_GetCapabilities
 .text.SHT40AD1B_HUM_Enable
                0x0800a3c6       0x2c ./Drivers/BSP/Components/sht40ad1b.o
                0x0800a3c6                SHT40AD1B_HUM_Enable
 .text.SHT40AD1B_HUM_Disable
                0x0800a3f2       0x2c ./Drivers/BSP/Components/sht40ad1b.o
                0x0800a3f2                SHT40AD1B_HUM_Disable
 .text.SHT40AD1B_HUM_GetOutputDataRate
                0x0800a41e       0x20 ./Drivers/BSP/Components/sht40ad1b.o
                0x0800a41e                SHT40AD1B_HUM_GetOutputDataRate
 .text.SHT40AD1B_HUM_SetOutputDataRate
                0x0800a43e       0x1a ./Drivers/BSP/Components/sht40ad1b.o
                0x0800a43e                SHT40AD1B_HUM_SetOutputDataRate
 .text.SHT40AD1B_HUM_GetHumidity
                0x0800a458       0x2e ./Drivers/BSP/Components/sht40ad1b.o
                0x0800a458                SHT40AD1B_HUM_GetHumidity
 .text.SHT40AD1B_TEMP_Enable
                0x0800a486       0x2c ./Drivers/BSP/Components/sht40ad1b.o
                0x0800a486                SHT40AD1B_TEMP_Enable
 .text.SHT40AD1B_TEMP_Disable
                0x0800a4b2       0x2c ./Drivers/BSP/Components/sht40ad1b.o
                0x0800a4b2                SHT40AD1B_TEMP_Disable
 .text.SHT40AD1B_TEMP_GetOutputDataRate
                0x0800a4de       0x20 ./Drivers/BSP/Components/sht40ad1b.o
                0x0800a4de                SHT40AD1B_TEMP_GetOutputDataRate
 .text.SHT40AD1B_TEMP_SetOutputDataRate
                0x0800a4fe       0x1a ./Drivers/BSP/Components/sht40ad1b.o
                0x0800a4fe                SHT40AD1B_TEMP_SetOutputDataRate
 .text.SHT40AD1B_TEMP_GetTemperature
                0x0800a518       0x2e ./Drivers/BSP/Components/sht40ad1b.o
                0x0800a518                SHT40AD1B_TEMP_GetTemperature
 .text.GetData  0x0800a546       0x3a ./Drivers/BSP/Components/sht40ad1b.o
 .text.ReadRegWrap
                0x0800a580       0x40 ./Drivers/BSP/Components/sht40ad1b.o
 .text.WriteRegWrap
                0x0800a5c0       0x40 ./Drivers/BSP/Components/sht40ad1b.o
 .text.sht40ad1b_read_reg
                0x0800a600       0x30 ./Drivers/BSP/Components/sht40ad1b_reg.o
                0x0800a600                sht40ad1b_read_reg
 .text.sht40ad1b_write_reg
                0x0800a630       0x30 ./Drivers/BSP/Components/sht40ad1b_reg.o
                0x0800a630                sht40ad1b_write_reg
 .text.sht40ad1b_data_get
                0x0800a660      0x14c ./Drivers/BSP/Components/sht40ad1b_reg.o
                0x0800a660                sht40ad1b_data_get
 .text.sht40ad1b_device_id_get
                0x0800a7ac       0x1e ./Drivers/BSP/Components/sht40ad1b_reg.o
                0x0800a7ac                sht40ad1b_device_id_get
 .text.crc_calculate
                0x0800a7ca       0x7a ./Drivers/BSP/Components/sht40ad1b_reg.o
 .text.crc_check
                0x0800a844       0x32 ./Drivers/BSP/Components/sht40ad1b_reg.o
 *fill*         0x0800a876        0x2 
 .text.STTS22H_RegisterBusIO
                0x0800a878       0x94 ./Drivers/BSP/Components/stts22h.o
                0x0800a878                STTS22H_RegisterBusIO
 .text.STTS22H_Init
                0x0800a90c       0x74 ./Drivers/BSP/Components/stts22h.o
                0x0800a90c                STTS22H_Init
 .text.STTS22H_DeInit
                0x0800a980       0x36 ./Drivers/BSP/Components/stts22h.o
                0x0800a980                STTS22H_DeInit
 .text.STTS22H_ReadID
                0x0800a9b6       0x36 ./Drivers/BSP/Components/stts22h.o
                0x0800a9b6                STTS22H_ReadID
 .text.STTS22H_GetCapabilities
                0x0800a9ec       0x58 ./Drivers/BSP/Components/stts22h.o
                0x0800a9ec                STTS22H_GetCapabilities
 .text.STTS22H_TEMP_Enable
                0x0800aa44       0x44 ./Drivers/BSP/Components/stts22h.o
                0x0800aa44                STTS22H_TEMP_Enable
 .text.STTS22H_TEMP_Disable
                0x0800aa88       0x58 ./Drivers/BSP/Components/stts22h.o
                0x0800aa88                STTS22H_TEMP_Disable
 .text.STTS22H_TEMP_GetOutputDataRate
                0x0800aae0      0x15c ./Drivers/BSP/Components/stts22h.o
                0x0800aae0                STTS22H_TEMP_GetOutputDataRate
 .text.STTS22H_TEMP_SetOutputDataRate
                0x0800ac3c       0x94 ./Drivers/BSP/Components/stts22h.o
                0x0800ac3c                STTS22H_TEMP_SetOutputDataRate
 .text.STTS22H_TEMP_GetTemperature
                0x0800acd0       0x44 ./Drivers/BSP/Components/stts22h.o
                0x0800acd0                STTS22H_TEMP_GetTemperature
 .text.ReadRegWrap
                0x0800ad14       0x6e ./Drivers/BSP/Components/stts22h.o
 .text.WriteRegWrap
                0x0800ad82       0x6e ./Drivers/BSP/Components/stts22h.o
 .text.stts22h_read_reg
                0x0800adf0       0x3c ./Drivers/BSP/Components/stts22h_reg.o
                0x0800adf0                stts22h_read_reg
 .text.stts22h_write_reg
                0x0800ae2c       0x3c ./Drivers/BSP/Components/stts22h_reg.o
                0x0800ae2c                stts22h_write_reg
 .text.stts22h_from_lsb_to_celsius
                0x0800ae68       0x34 ./Drivers/BSP/Components/stts22h_reg.o
                0x0800ae68                stts22h_from_lsb_to_celsius
 .text.stts22h_temp_data_rate_set
                0x0800ae9c       0x82 ./Drivers/BSP/Components/stts22h_reg.o
                0x0800ae9c                stts22h_temp_data_rate_set
 *fill*         0x0800af1e        0x2 
 .text.stts22h_temp_data_rate_get
                0x0800af20      0x16c ./Drivers/BSP/Components/stts22h_reg.o
                0x0800af20                stts22h_temp_data_rate_get
 .text.stts22h_block_data_update_set
                0x0800b08c       0x4c ./Drivers/BSP/Components/stts22h_reg.o
                0x0800b08c                stts22h_block_data_update_set
 .text.stts22h_temperature_raw_get
                0x0800b0d8       0x44 ./Drivers/BSP/Components/stts22h_reg.o
                0x0800b0d8                stts22h_temperature_raw_get
 .text.stts22h_dev_id_get
                0x0800b11c       0x22 ./Drivers/BSP/Components/stts22h_reg.o
                0x0800b11c                stts22h_dev_id_get
 .text.stts22h_auto_increment_set
                0x0800b13e       0x4c ./Drivers/BSP/Components/stts22h_reg.o
                0x0800b13e                stts22h_auto_increment_set
 *fill*         0x0800b18a        0x2 
 .text.IKS4A1_ENV_SENSOR_Init
                0x0800b18c      0x21c ./Drivers/BSP/IKS4A1/iks4a1_env_sensors.o
                0x0800b18c                IKS4A1_ENV_SENSOR_Init
 .text.IKS4A1_ENV_SENSOR_Enable
                0x0800b3a8       0x80 ./Drivers/BSP/IKS4A1/iks4a1_env_sensors.o
                0x0800b3a8                IKS4A1_ENV_SENSOR_Enable
 .text.IKS4A1_ENV_SENSOR_Disable
                0x0800b428       0x80 ./Drivers/BSP/IKS4A1/iks4a1_env_sensors.o
                0x0800b428                IKS4A1_ENV_SENSOR_Disable
 .text.IKS4A1_ENV_SENSOR_GetValue
                0x0800b4a8       0x84 ./Drivers/BSP/IKS4A1/iks4a1_env_sensors.o
                0x0800b4a8                IKS4A1_ENV_SENSOR_GetValue
 .text.STTS22H_0_Probe
                0x0800b52c      0x16c ./Drivers/BSP/IKS4A1/iks4a1_env_sensors.o
 .text.LPS22DF_0_Probe
                0x0800b698      0x1a0 ./Drivers/BSP/IKS4A1/iks4a1_env_sensors.o
 .text.SHT40AD1B_0_Probe
                0x0800b838      0x1a0 ./Drivers/BSP/IKS4A1/iks4a1_env_sensors.o
 .text.IKS4A1_MOTION_SENSOR_Init
                0x0800b9d8      0x264 ./Drivers/BSP/IKS4A1/iks4a1_motion_sensors.o
                0x0800b9d8                IKS4A1_MOTION_SENSOR_Init
 .text.IKS4A1_MOTION_SENSOR_Enable
                0x0800bc3c       0x84 ./Drivers/BSP/IKS4A1/iks4a1_motion_sensors.o
                0x0800bc3c                IKS4A1_MOTION_SENSOR_Enable
 .text.IKS4A1_MOTION_SENSOR_Disable
                0x0800bcc0       0x84 ./Drivers/BSP/IKS4A1/iks4a1_motion_sensors.o
                0x0800bcc0                IKS4A1_MOTION_SENSOR_Disable
 .text.IKS4A1_MOTION_SENSOR_GetAxes
                0x0800bd44       0x88 ./Drivers/BSP/IKS4A1/iks4a1_motion_sensors.o
                0x0800bd44                IKS4A1_MOTION_SENSOR_GetAxes
 .text.IKS4A1_MOTION_SENSOR_SetOutputDataRate
                0x0800bdcc       0x8c ./Drivers/BSP/IKS4A1/iks4a1_motion_sensors.o
                0x0800bdcc                IKS4A1_MOTION_SENSOR_SetOutputDataRate
 .text.IKS4A1_MOTION_SENSOR_SetFullScale
                0x0800be58       0x88 ./Drivers/BSP/IKS4A1/iks4a1_motion_sensors.o
                0x0800be58                IKS4A1_MOTION_SENSOR_SetFullScale
 .text.LIS2MDL_0_Probe
                0x0800bee0      0x150 ./Drivers/BSP/IKS4A1/iks4a1_motion_sensors.o
 .text.LSM6DSV16X_0_Probe
                0x0800c030      0x198 ./Drivers/BSP/IKS4A1/iks4a1_motion_sensors.o
 .text.LIS2DUXS12_0_Probe
                0x0800c1c8      0x16c ./Drivers/BSP/IKS4A1/iks4a1_motion_sensors.o
 .text.LSM6DSO16IS_0_Probe
                0x0800c334      0x198 ./Drivers/BSP/IKS4A1/iks4a1_motion_sensors.o
 .text.SystemInit
                0x0800c4cc       0x24 ./Drivers/CMSIS/system_stm32f4xx.o
                0x0800c4cc                SystemInit
 .text.HAL_Init
                0x0800c4f0       0x44 ./Drivers/STM32F4xx_HAL_Driver/stm32f4xx_hal.o
                0x0800c4f0                HAL_Init
 .text.HAL_InitTick
                0x0800c534       0x60 ./Drivers/STM32F4xx_HAL_Driver/stm32f4xx_hal.o
                0x0800c534                HAL_InitTick
 .text.HAL_IncTick
                0x0800c594       0x28 ./Drivers/STM32F4xx_HAL_Driver/stm32f4xx_hal.o
                0x0800c594                HAL_IncTick
 .text.HAL_GetTick
                0x0800c5bc       0x18 ./Drivers/STM32F4xx_HAL_Driver/stm32f4xx_hal.o
                0x0800c5bc                HAL_GetTick
 .text.HAL_Delay
                0x0800c5d4       0x48 ./Drivers/STM32F4xx_HAL_Driver/stm32f4xx_hal.o
                0x0800c5d4                HAL_Delay
 .text.__NVIC_SetPriorityGrouping
                0x0800c61c       0x48 ./Drivers/STM32F4xx_HAL_Driver/stm32f4xx_hal_cortex.o
 .text.__NVIC_GetPriorityGrouping
                0x0800c664       0x1c ./Drivers/STM32F4xx_HAL_Driver/stm32f4xx_hal_cortex.o
 .text.__NVIC_EnableIRQ
                0x0800c680       0x3c ./Drivers/STM32F4xx_HAL_Driver/stm32f4xx_hal_cortex.o
 .text.__NVIC_SetPriority
                0x0800c6bc       0x54 ./Drivers/STM32F4xx_HAL_Driver/stm32f4xx_hal_cortex.o
 .text.NVIC_EncodePriority
                0x0800c710       0x66 ./Drivers/STM32F4xx_HAL_Driver/stm32f4xx_hal_cortex.o
 *fill*         0x0800c776        0x2 
 .text.SysTick_Config
                0x0800c778       0x44 ./Drivers/STM32F4xx_HAL_Driver/stm32f4xx_hal_cortex.o
 .text.HAL_NVIC_SetPriorityGrouping
                0x0800c7bc       0x16 ./Drivers/STM32F4xx_HAL_Driver/stm32f4xx_hal_cortex.o
                0x0800c7bc                HAL_NVIC_SetPriorityGrouping
 .text.HAL_NVIC_SetPriority
                0x0800c7d2       0x38 ./Drivers/STM32F4xx_HAL_Driver/stm32f4xx_hal_cortex.o
                0x0800c7d2                HAL_NVIC_SetPriority
 .text.HAL_NVIC_EnableIRQ
                0x0800c80a       0x1c ./Drivers/STM32F4xx_HAL_Driver/stm32f4xx_hal_cortex.o
                0x0800c80a                HAL_NVIC_EnableIRQ
 .text.HAL_SYSTICK_Config
                0x0800c826       0x18 ./Drivers/STM32F4xx_HAL_Driver/stm32f4xx_hal_cortex.o
                0x0800c826                HAL_SYSTICK_Config
 .text.HAL_CRC_Init
                0x0800c83e       0x38 ./Drivers/STM32F4xx_HAL_Driver/stm32f4xx_hal_crc.o
                0x0800c83e                HAL_CRC_Init
 *fill*         0x0800c876        0x2 
 .text.HAL_DMA_Init
                0x0800c878      0x15c ./Drivers/STM32F4xx_HAL_Driver/stm32f4xx_hal_dma.o
                0x0800c878                HAL_DMA_Init
 .text.HAL_DMA_Start_IT
                0x0800c9d4       0xb0 ./Drivers/STM32F4xx_HAL_Driver/stm32f4xx_hal_dma.o
                0x0800c9d4                HAL_DMA_Start_IT
 .text.HAL_DMA_IRQHandler
                0x0800ca84      0x314 ./Drivers/STM32F4xx_HAL_Driver/stm32f4xx_hal_dma.o
                0x0800ca84                HAL_DMA_IRQHandler
 .text.DMA_SetConfig
                0x0800cd98       0x5c ./Drivers/STM32F4xx_HAL_Driver/stm32f4xx_hal_dma.o
 .text.DMA_CalcBaseAndBitshift
                0x0800cdf4       0x6c ./Drivers/STM32F4xx_HAL_Driver/stm32f4xx_hal_dma.o
 .text.DMA_CheckFifoParam
                0x0800ce60       0xf8 ./Drivers/STM32F4xx_HAL_Driver/stm32f4xx_hal_dma.o
 .text.HAL_GPIO_Init
                0x0800cf58      0x308 ./Drivers/STM32F4xx_HAL_Driver/stm32f4xx_hal_gpio.o
                0x0800cf58                HAL_GPIO_Init
 .text.HAL_GPIO_DeInit
                0x0800d260      0x1c8 ./Drivers/STM32F4xx_HAL_Driver/stm32f4xx_hal_gpio.o
                0x0800d260                HAL_GPIO_DeInit
 .text.HAL_GPIO_WritePin
                0x0800d428       0x32 ./Drivers/STM32F4xx_HAL_Driver/stm32f4xx_hal_gpio.o
                0x0800d428                HAL_GPIO_WritePin
 *fill*         0x0800d45a        0x2 
 .text.HAL_GPIO_EXTI_IRQHandler
                0x0800d45c       0x30 ./Drivers/STM32F4xx_HAL_Driver/stm32f4xx_hal_gpio.o
                0x0800d45c                HAL_GPIO_EXTI_IRQHandler
 .text.HAL_GPIO_EXTI_Callback
                0x0800d48c       0x16 ./Drivers/STM32F4xx_HAL_Driver/stm32f4xx_hal_gpio.o
                0x0800d48c                HAL_GPIO_EXTI_Callback
 *fill*         0x0800d4a2        0x2 
 .text.HAL_I2C_Init
                0x0800d4a4      0x288 ./Drivers/STM32F4xx_HAL_Driver/stm32f4xx_hal_i2c.o
                0x0800d4a4                HAL_I2C_Init
 .text.HAL_I2C_DeInit
                0x0800d72c       0x5e ./Drivers/STM32F4xx_HAL_Driver/stm32f4xx_hal_i2c.o
                0x0800d72c                HAL_I2C_DeInit
 .text.HAL_I2C_MspInit
                0x0800d78a       0x14 ./Drivers/STM32F4xx_HAL_Driver/stm32f4xx_hal_i2c.o
                0x0800d78a                HAL_I2C_MspInit
 .text.HAL_I2C_MspDeInit
                0x0800d79e       0x14 ./Drivers/STM32F4xx_HAL_Driver/stm32f4xx_hal_i2c.o
                0x0800d79e                HAL_I2C_MspDeInit
 *fill*         0x0800d7b2        0x2 
 .text.HAL_I2C_Master_Transmit
                0x0800d7b4      0x1fc ./Drivers/STM32F4xx_HAL_Driver/stm32f4xx_hal_i2c.o
                0x0800d7b4                HAL_I2C_Master_Transmit
 .text.HAL_I2C_Master_Receive
                0x0800d9b0      0x464 ./Drivers/STM32F4xx_HAL_Driver/stm32f4xx_hal_i2c.o
                0x0800d9b0                HAL_I2C_Master_Receive
 .text.HAL_I2C_Mem_Write
                0x0800de14      0x1f4 ./Drivers/STM32F4xx_HAL_Driver/stm32f4xx_hal_i2c.o
                0x0800de14                HAL_I2C_Mem_Write
 .text.HAL_I2C_Mem_Read
                0x0800e008      0x464 ./Drivers/STM32F4xx_HAL_Driver/stm32f4xx_hal_i2c.o
                0x0800e008                HAL_I2C_Mem_Read
 .text.HAL_I2C_GetState
                0x0800e46c       0x1c ./Drivers/STM32F4xx_HAL_Driver/stm32f4xx_hal_i2c.o
                0x0800e46c                HAL_I2C_GetState
 .text.HAL_I2C_GetError
                0x0800e488       0x18 ./Drivers/STM32F4xx_HAL_Driver/stm32f4xx_hal_i2c.o
                0x0800e488                HAL_I2C_GetError
 .text.I2C_MasterRequestWrite
                0x0800e4a0      0x104 ./Drivers/STM32F4xx_HAL_Driver/stm32f4xx_hal_i2c.o
 .text.I2C_MasterRequestRead
                0x0800e5a4      0x19c ./Drivers/STM32F4xx_HAL_Driver/stm32f4xx_hal_i2c.o
 .text.I2C_RequestMemoryWrite
                0x0800e740      0x12c ./Drivers/STM32F4xx_HAL_Driver/stm32f4xx_hal_i2c.o
 .text.I2C_RequestMemoryRead
                0x0800e86c      0x1d0 ./Drivers/STM32F4xx_HAL_Driver/stm32f4xx_hal_i2c.o
 .text.I2C_WaitOnFlagUntilTimeout
                0x0800ea3c       0xf4 ./Drivers/STM32F4xx_HAL_Driver/stm32f4xx_hal_i2c.o
 .text.I2C_WaitOnMasterAddressFlagUntilTimeout
                0x0800eb30      0x140 ./Drivers/STM32F4xx_HAL_Driver/stm32f4xx_hal_i2c.o
 .text.I2C_WaitOnTXEFlagUntilTimeout
                0x0800ec70       0x90 ./Drivers/STM32F4xx_HAL_Driver/stm32f4xx_hal_i2c.o
 .text.I2C_WaitOnBTFFlagUntilTimeout
                0x0800ed00       0x90 ./Drivers/STM32F4xx_HAL_Driver/stm32f4xx_hal_i2c.o
 .text.I2C_WaitOnRXNEFlagUntilTimeout
                0x0800ed90       0xba ./Drivers/STM32F4xx_HAL_Driver/stm32f4xx_hal_i2c.o
 .text.I2C_IsAcknowledgeFailed
                0x0800ee4a       0x5e ./Drivers/STM32F4xx_HAL_Driver/stm32f4xx_hal_i2c.o
 .text.HAL_RCC_OscConfig
                0x0800eea8      0x4f0 ./Drivers/STM32F4xx_HAL_Driver/stm32f4xx_hal_rcc.o
                0x0800eea8                HAL_RCC_OscConfig
 .text.HAL_RCC_ClockConfig
                0x0800f398      0x1cc ./Drivers/STM32F4xx_HAL_Driver/stm32f4xx_hal_rcc.o
                0x0800f398                HAL_RCC_ClockConfig
 .text.HAL_RCC_GetSysClockFreq
                0x0800f564      0x20c ./Drivers/STM32F4xx_HAL_Driver/stm32f4xx_hal_rcc.o
                0x0800f564                HAL_RCC_GetSysClockFreq
 .text.HAL_RCC_GetHCLKFreq
                0x0800f770       0x18 ./Drivers/STM32F4xx_HAL_Driver/stm32f4xx_hal_rcc.o
                0x0800f770                HAL_RCC_GetHCLKFreq
 .text.HAL_RCC_GetPCLK1Freq
                0x0800f788       0x28 ./Drivers/STM32F4xx_HAL_Driver/stm32f4xx_hal_rcc.o
                0x0800f788                HAL_RCC_GetPCLK1Freq
 .text.HAL_RCC_GetPCLK2Freq
                0x0800f7b0       0x28 ./Drivers/STM32F4xx_HAL_Driver/stm32f4xx_hal_rcc.o
                0x0800f7b0                HAL_RCC_GetPCLK2Freq
 .text.HAL_RCCEx_PeriphCLKConfig
                0x0800f7d8      0x1dc ./Drivers/STM32F4xx_HAL_Driver/stm32f4xx_hal_rcc_ex.o
                0x0800f7d8                HAL_RCCEx_PeriphCLKConfig
 .text.HAL_RTC_Init
                0x0800f9b4      0x106 ./Drivers/STM32F4xx_HAL_Driver/stm32f4xx_hal_rtc.o
                0x0800f9b4                HAL_RTC_Init
 .text.HAL_RTC_SetTime
                0x0800faba      0x134 ./Drivers/STM32F4xx_HAL_Driver/stm32f4xx_hal_rtc.o
                0x0800faba                HAL_RTC_SetTime
 .text.HAL_RTC_GetTime
                0x0800fbee       0xbc ./Drivers/STM32F4xx_HAL_Driver/stm32f4xx_hal_rtc.o
                0x0800fbee                HAL_RTC_GetTime
 .text.HAL_RTC_SetDate
                0x0800fcaa      0x108 ./Drivers/STM32F4xx_HAL_Driver/stm32f4xx_hal_rtc.o
                0x0800fcaa                HAL_RTC_SetDate
 .text.HAL_RTC_GetDate
                0x0800fdb2       0x9e ./Drivers/STM32F4xx_HAL_Driver/stm32f4xx_hal_rtc.o
                0x0800fdb2                HAL_RTC_GetDate
 .text.HAL_RTC_WaitForSynchro
                0x0800fe50       0x4c ./Drivers/STM32F4xx_HAL_Driver/stm32f4xx_hal_rtc.o
                0x0800fe50                HAL_RTC_WaitForSynchro
 .text.RTC_EnterInitMode
                0x0800fe9c       0x6e ./Drivers/STM32F4xx_HAL_Driver/stm32f4xx_hal_rtc.o
                0x0800fe9c                RTC_EnterInitMode
 .text.RTC_ExitInitMode
                0x0800ff0a       0x4a ./Drivers/STM32F4xx_HAL_Driver/stm32f4xx_hal_rtc.o
                0x0800ff0a                RTC_ExitInitMode
 .text.RTC_ByteToBcd2
                0x0800ff54       0x3c ./Drivers/STM32F4xx_HAL_Driver/stm32f4xx_hal_rtc.o
                0x0800ff54                RTC_ByteToBcd2
 .text.RTC_Bcd2ToByte
                0x0800ff90       0x3c ./Drivers/STM32F4xx_HAL_Driver/stm32f4xx_hal_rtc.o
                0x0800ff90                RTC_Bcd2ToByte
 .text.HAL_TIM_Base_Init
                0x0800ffcc       0x9e ./Drivers/STM32F4xx_HAL_Driver/stm32f4xx_hal_tim.o
                0x0800ffcc                HAL_TIM_Base_Init
 *fill*         0x0801006a        0x2 
 .text.HAL_TIM_Base_Start_IT
                0x0801006c       0xc4 ./Drivers/STM32F4xx_HAL_Driver/stm32f4xx_hal_tim.o
                0x0801006c                HAL_TIM_Base_Start_IT
 .text.HAL_TIM_Base_Stop_IT
                0x08010130       0x5e ./Drivers/STM32F4xx_HAL_Driver/stm32f4xx_hal_tim.o
                0x08010130                HAL_TIM_Base_Stop_IT
 .text.HAL_TIM_IRQHandler
                0x0801018e      0x1e0 ./Drivers/STM32F4xx_HAL_Driver/stm32f4xx_hal_tim.o
                0x0801018e                HAL_TIM_IRQHandler
 .text.HAL_TIM_ConfigClockSource
                0x0801036e      0x18e ./Drivers/STM32F4xx_HAL_Driver/stm32f4xx_hal_tim.o
                0x0801036e                HAL_TIM_ConfigClockSource
 .text.HAL_TIM_OC_DelayElapsedCallback
                0x080104fc       0x14 ./Drivers/STM32F4xx_HAL_Driver/stm32f4xx_hal_tim.o
                0x080104fc                HAL_TIM_OC_DelayElapsedCallback
 .text.HAL_TIM_IC_CaptureCallback
                0x08010510       0x14 ./Drivers/STM32F4xx_HAL_Driver/stm32f4xx_hal_tim.o
                0x08010510                HAL_TIM_IC_CaptureCallback
 .text.HAL_TIM_PWM_PulseFinishedCallback
                0x08010524       0x14 ./Drivers/STM32F4xx_HAL_Driver/stm32f4xx_hal_tim.o
                0x08010524                HAL_TIM_PWM_PulseFinishedCallback
 .text.HAL_TIM_TriggerCallback
                0x08010538       0x14 ./Drivers/STM32F4xx_HAL_Driver/stm32f4xx_hal_tim.o
                0x08010538                HAL_TIM_TriggerCallback
 .text.TIM_Base_SetConfig
                0x0801054c      0x118 ./Drivers/STM32F4xx_HAL_Driver/stm32f4xx_hal_tim.o
                0x0801054c                TIM_Base_SetConfig
 .text.TIM_TI1_ConfigInputStage
                0x08010664       0x5e ./Drivers/STM32F4xx_HAL_Driver/stm32f4xx_hal_tim.o
 .text.TIM_TI2_ConfigInputStage
                0x080106c2       0x60 ./Drivers/STM32F4xx_HAL_Driver/stm32f4xx_hal_tim.o
 .text.TIM_ITRx_SetConfig
                0x08010722       0x36 ./Drivers/STM32F4xx_HAL_Driver/stm32f4xx_hal_tim.o
 .text.TIM_ETR_SetConfig
                0x08010758       0x40 ./Drivers/STM32F4xx_HAL_Driver/stm32f4xx_hal_tim.o
                0x08010758                TIM_ETR_SetConfig
 .text.HAL_TIMEx_MasterConfigSynchronization
                0x08010798       0xdc ./Drivers/STM32F4xx_HAL_Driver/stm32f4xx_hal_tim_ex.o
                0x08010798                HAL_TIMEx_MasterConfigSynchronization
 .text.HAL_TIMEx_CommutCallback
                0x08010874       0x14 ./Drivers/STM32F4xx_HAL_Driver/stm32f4xx_hal_tim_ex.o
                0x08010874                HAL_TIMEx_CommutCallback
 .text.HAL_TIMEx_BreakCallback
                0x08010888       0x14 ./Drivers/STM32F4xx_HAL_Driver/stm32f4xx_hal_tim_ex.o
                0x08010888                HAL_TIMEx_BreakCallback
 .text.HAL_UART_Init
                0x0801089c       0xa0 ./Drivers/STM32F4xx_HAL_Driver/stm32f4xx_hal_uart.o
                0x0801089c                HAL_UART_Init
 .text.HAL_UART_MspInit
                0x0801093c       0x14 ./Drivers/STM32F4xx_HAL_Driver/stm32f4xx_hal_uart.o
                0x0801093c                HAL_UART_MspInit
 .text.HAL_UART_Transmit
                0x08010950      0x116 ./Drivers/STM32F4xx_HAL_Driver/stm32f4xx_hal_uart.o
                0x08010950                HAL_UART_Transmit
 .text.HAL_UART_Receive_DMA
                0x08010a66       0x4a ./Drivers/STM32F4xx_HAL_Driver/stm32f4xx_hal_uart.o
                0x08010a66                HAL_UART_Receive_DMA
 .text.HAL_UART_RxCpltCallback
                0x08010ab0       0x14 ./Drivers/STM32F4xx_HAL_Driver/stm32f4xx_hal_uart.o
                0x08010ab0                HAL_UART_RxCpltCallback
 .text.HAL_UART_RxHalfCpltCallback
                0x08010ac4       0x14 ./Drivers/STM32F4xx_HAL_Driver/stm32f4xx_hal_uart.o
                0x08010ac4                HAL_UART_RxHalfCpltCallback
 .text.HAL_UART_ErrorCallback
                0x08010ad8       0x14 ./Drivers/STM32F4xx_HAL_Driver/stm32f4xx_hal_uart.o
                0x08010ad8                HAL_UART_ErrorCallback
 .text.HAL_UARTEx_RxEventCallback
                0x08010aec       0x18 ./Drivers/STM32F4xx_HAL_Driver/stm32f4xx_hal_uart.o
                0x08010aec                HAL_UARTEx_RxEventCallback
 .text.UART_DMAReceiveCplt
                0x08010b04      0x12c ./Drivers/STM32F4xx_HAL_Driver/stm32f4xx_hal_uart.o
 .text.UART_DMARxHalfCplt
                0x08010c30       0x3c ./Drivers/STM32F4xx_HAL_Driver/stm32f4xx_hal_uart.o
 .text.UART_DMAError
                0x08010c6c       0x94 ./Drivers/STM32F4xx_HAL_Driver/stm32f4xx_hal_uart.o
 .text.UART_WaitOnFlagUntilTimeout
                0x08010d00       0xb2 ./Drivers/STM32F4xx_HAL_Driver/stm32f4xx_hal_uart.o
 *fill*         0x08010db2        0x2 
 .text.UART_Start_Receive_DMA
                0x08010db4      0x134 ./Drivers/STM32F4xx_HAL_Driver/stm32f4xx_hal_uart.o
                0x08010db4                UART_Start_Receive_DMA
 .text.UART_EndTxTransfer
                0x08010ee8       0x50 ./Drivers/STM32F4xx_HAL_Driver/stm32f4xx_hal_uart.o
 .text.UART_EndRxTransfer
                0x08010f38       0xc6 ./Drivers/STM32F4xx_HAL_Driver/stm32f4xx_hal_uart.o
 *fill*         0x08010ffe        0x2 
 .text.UART_SetConfig
                0x08011000      0x4e8 ./Drivers/STM32F4xx_HAL_Driver/stm32f4xx_hal_uart.o
 .text.gbe_data_derivative5
                0x080114e8       0x98 ../../../../../../../Middlewares/ST/STM32_MotionGC_Library/Lib\MotionGC_CM4F_wc32_ot_hard.a(motion_gc.o)
 .text.MotionGC_Initialize
                0x08011580      0x1d4 ../../../../../../../Middlewares/ST/STM32_MotionGC_Library/Lib\MotionGC_CM4F_wc32_ot_hard.a(motion_gc.o)
                0x08011580                MotionGC_Initialize
 .text.MotionGC_GetKnobs
                0x08011754       0x24 ../../../../../../../Middlewares/ST/STM32_MotionGC_Library/Lib\MotionGC_CM4F_wc32_ot_hard.a(motion_gc.o)
                0x08011754                MotionGC_GetKnobs
 .text.MotionGC_SetKnobs
                0x08011778       0x38 ../../../../../../../Middlewares/ST/STM32_MotionGC_Library/Lib\MotionGC_CM4F_wc32_ot_hard.a(motion_gc.o)
                0x08011778                MotionGC_SetKnobs
 .text.MotionGC_Update
                0x080117b0      0x7b8 ../../../../../../../Middlewares/ST/STM32_MotionGC_Library/Lib\MotionGC_CM4F_wc32_ot_hard.a(motion_gc.o)
                0x080117b0                MotionGC_Update
 .text.MotionGC_GetCalParams
                0x08011f68       0x20 ../../../../../../../Middlewares/ST/STM32_MotionGC_Library/Lib\MotionGC_CM4F_wc32_ot_hard.a(motion_gc.o)
                0x08011f68                MotionGC_GetCalParams
 .text.MotionGC_SetCalParams
                0x08011f88       0x24 ../../../../../../../Middlewares/ST/STM32_MotionGC_Library/Lib\MotionGC_CM4F_wc32_ot_hard.a(motion_gc.o)
                0x08011f88                MotionGC_SetCalParams
 .text.MotionGC_SetFrequency
                0x08011fac       0x28 ../../../../../../../Middlewares/ST/STM32_MotionGC_Library/Lib\MotionGC_CM4F_wc32_ot_hard.a(motion_gc.o)
                0x08011fac                MotionGC_SetFrequency
 .text.MotionGC_GetLibVersion
                0x08011fd4       0xa4 ../../../../../../../Middlewares/ST/STM32_MotionGC_Library/Lib\MotionGC_CM4F_wc32_ot_hard.a(motion_gc.o)
                0x08011fd4                MotionGC_GetLibVersion
 .text.snprintf
                0x08012078       0x6c C:/ST/STM32CubeIDE_1.19.0/STM32CubeIDE/plugins/com.st.stm32cube.ide.mcu.externaltools.gnu-tools-for-stm32.13.3.rel1.win32_1.0.0.202411081344/tools/bin/../lib/gcc/arm-none-eabi/13.3.1/../../../../arm-none-eabi/lib/thumb/v7e-m+fp/hard\libc_nano.a(libc_a-snprintf.o)
                0x08012078                sniprintf
                0x08012078                snprintf
 .text.memset   0x080120e4       0x10 C:/ST/STM32CubeIDE_1.19.0/STM32CubeIDE/plugins/com.st.stm32cube.ide.mcu.externaltools.gnu-tools-for-stm32.13.3.rel1.win32_1.0.0.202411081344/tools/bin/../lib/gcc/arm-none-eabi/13.3.1/../../../../arm-none-eabi/lib/thumb/v7e-m+fp/hard\libc_nano.a(libc_a-memset.o)
                0x080120e4                memset
 .text.__errno  0x080120f4        0xc C:/ST/STM32CubeIDE_1.19.0/STM32CubeIDE/plugins/com.st.stm32cube.ide.mcu.externaltools.gnu-tools-for-stm32.13.3.rel1.win32_1.0.0.202411081344/tools/bin/../lib/gcc/arm-none-eabi/13.3.1/../../../../arm-none-eabi/lib/thumb/v7e-m+fp/hard\libc_nano.a(libc_a-errno.o)
                0x080120f4                __errno
 .text.__libc_init_array
                0x08012100       0x48 C:/ST/STM32CubeIDE_1.19.0/STM32CubeIDE/plugins/com.st.stm32cube.ide.mcu.externaltools.gnu-tools-for-stm32.13.3.rel1.win32_1.0.0.202411081344/tools/bin/../lib/gcc/arm-none-eabi/13.3.1/../../../../arm-none-eabi/lib/thumb/v7e-m+fp/hard\libc_nano.a(libc_a-init.o)
                0x08012100                __libc_init_array
 .text.__retarget_lock_acquire_recursive
                0x08012148        0x2 C:/ST/STM32CubeIDE_1.19.0/STM32CubeIDE/plugins/com.st.stm32cube.ide.mcu.externaltools.gnu-tools-for-stm32.13.3.rel1.win32_1.0.0.202411081344/tools/bin/../lib/gcc/arm-none-eabi/13.3.1/../../../../arm-none-eabi/lib/thumb/v7e-m+fp/hard\libc_nano.a(libc_a-lock.o)
                0x08012148                __retarget_lock_acquire_recursive
 .text.__retarget_lock_release_recursive
                0x0801214a        0x2 C:/ST/STM32CubeIDE_1.19.0/STM32CubeIDE/plugins/com.st.stm32cube.ide.mcu.externaltools.gnu-tools-for-stm32.13.3.rel1.win32_1.0.0.202411081344/tools/bin/../lib/gcc/arm-none-eabi/13.3.1/../../../../arm-none-eabi/lib/thumb/v7e-m+fp/hard\libc_nano.a(libc_a-lock.o)
                0x0801214a                __retarget_lock_release_recursive
 .text._free_r  0x0801214c       0x94 C:/ST/STM32CubeIDE_1.19.0/STM32CubeIDE/plugins/com.st.stm32cube.ide.mcu.externaltools.gnu-tools-for-stm32.13.3.rel1.win32_1.0.0.202411081344/tools/bin/../lib/gcc/arm-none-eabi/13.3.1/../../../../arm-none-eabi/lib/thumb/v7e-m+fp/hard\libc_nano.a(libc_a-freer.o)
                0x0801214c                _free_r
 .text.sbrk_aligned
                0x080121e0       0x44 C:/ST/STM32CubeIDE_1.19.0/STM32CubeIDE/plugins/com.st.stm32cube.ide.mcu.externaltools.gnu-tools-for-stm32.13.3.rel1.win32_1.0.0.202411081344/tools/bin/../lib/gcc/arm-none-eabi/13.3.1/../../../../arm-none-eabi/lib/thumb/v7e-m+fp/hard\libc_nano.a(libc_a-mallocr.o)
 .text._malloc_r